Address  Size     Align Out     In      Symbol
00000220 000601a1  4096 .text
00000220 00000116    16         /home/arun/Desktop/darpa_ex1/darpa_demo_edk2/Build/OvmfX64/DEBUG_CLANGPDB/X64/MdePkg/Library/BaseIoLibIntrinsic/BaseIoLibIntrinsicSev/OUTPUT/X64/IoFifoSev.obj:(.text)
00000220 00000000     0                 SevNoRepIo
0000025a 00000000     0                 @UseRepIo
0000025c 00000000     0                 @SevNoRepIo_Done
00000260 00000000     0                 SevIoReadFifo8
00000274 00000000     0                 @IoReadFifo8_NoRep
00000276 00000000     0                 @IoReadFifo8_Loop
0000027e 00000000     0                 @IoReadFifo8_Done
00000282 00000000     0                 SevIoReadFifo16
00000297 00000000     0                 @IoReadFifo16_NoRep
00000299 00000000     0                 @IoReadFifo16_Loop
000002a4 00000000     0                 @IoReadFifo16_Done
000002a8 00000000     0                 SevIoReadFifo32
000002bc 00000000     0                 @IoReadFifo32_NoRep
000002be 00000000     0                 @IoReadFifo32_Loop
000002c7 00000000     0                 @IoReadFifo32_Done
000002cb 00000000     0                 SevIoWriteFifo8
000002cb 00000000     0                 SevIoWriteFifo8
000002df 00000000     0                 @IoWriteFifo8_NoRep
000002e1 00000000     0                 @IoWriteFifo8_Loop
000002e9 00000000     0                 @IoWriteFifo8_Done
000002ed 00000000     0                 SevIoWriteFifo16
00000302 00000000     0                 @IoWriteFifo16_NoRep
00000304 00000000     0                 @IoWriteFifo16_Loop
0000030f 00000000     0                 @IoWriteFifo16_Done
00000313 00000000     0                 SevIoWriteFifo32
00000327 00000000     0                 @IoWriteFifo32_NoRep
00000329 00000000     0                 @IoWriteFifo32_Loop
00000332 00000000     0                 @IoWriteFifo32_Done
00000340 00000011    16         /home/arun/Desktop/darpa_ex1/darpa_demo_edk2/Build/OvmfX64/DEBUG_CLANGPDB/X64/MdePkg/Library/BaseMemoryLibRepStr/BaseMemoryLibRepStr/OUTPUT/X64/SetMem.obj:(.text)
00000340 00000000     0                 InternalMemSetMem
00000340 00000000     0                 InternalMemSetMem
00000360 0000003c    16         /home/arun/Desktop/darpa_ex1/darpa_demo_edk2/Build/OvmfX64/DEBUG_CLANGPDB/X64/MdePkg/Library/BaseMemoryLibRepStr/BaseMemoryLibRepStr/OUTPUT/X64/CopyMem.obj:(.text)
00000360 00000000     0                 InternalMemCopyMem
00000360 00000000     0                 InternalMemCopyMem
0000037a 00000000     0                 InternalMemCopyMem.0
0000038a 00000000     0                 @CopyBackward
00000393 00000000     0                 @CopyBytes
000003a0 0000001d    16         /home/arun/Desktop/darpa_ex1/darpa_demo_edk2/Build/OvmfX64/DEBUG_CLANGPDB/X64/MdePkg/Library/BaseMemoryLibRepStr/BaseMemoryLibRepStr/OUTPUT/X64/ZeroMem.obj:(.text)
000003a0 00000000     0                 InternalMemZeroMem
000003a0 00000000     0                 InternalMemZeroMem
000003c0 00000012    16         /home/arun/Desktop/darpa_ex1/darpa_demo_edk2/Build/OvmfX64/DEBUG_CLANGPDB/X64/MdePkg/Library/BaseMemoryLibRepStr/BaseMemoryLibRepStr/OUTPUT/X64/SetMem16.obj:(.text)
000003c0 00000000     0                 InternalMemSetMem16
000003c0 00000000     0                 InternalMemSetMem16
000003e0 00000081    16         /home/arun/Desktop/darpa_ex1/darpa_demo_edk2/Build/OvmfX64/DEBUG_CLANGPDB/X64/MdePkg/Library/BaseLib/BaseLib/OUTPUT/X64/TdVmcall.obj:(.text)
000003e0 00000000     0                 TdVmCall
000003e0 00000000     0                 TdVmCall
0000043e 00000000     0                 TdVmCall.no_return_data
00000470 00000012    16         /home/arun/Desktop/darpa_ex1/darpa_demo_edk2/Build/OvmfX64/DEBUG_CLANGPDB/X64/MdePkg/Library/BaseMemoryLibRepStr/BaseMemoryLibRepStr/OUTPUT/X64/SetMem64.obj:(.text)
00000470 00000000     0                 InternalMemSetMem64
00000490 0000001d    16         /home/arun/Desktop/darpa_ex1/darpa_demo_edk2/Build/OvmfX64/DEBUG_CLANGPDB/X64/MdePkg/Library/BaseMemoryLibRepStr/BaseMemoryLibRepStr/OUTPUT/X64/CompareMem.obj:(.text)
00000490 00000000     0                 InternalMemCompareMem
00000490 00000000     0                 InternalMemCompareMem
000004b0 00000058    16         /home/arun/Desktop/darpa_ex1/darpa_demo_edk2/Build/OvmfX64/DEBUG_CLANGPDB/X64/MdePkg/Library/BaseLib/BaseLib/OUTPUT/X64/TdCall.obj:(.text)
000004b0 00000000     0                 TdCall
000004b0 00000000     0                 TdCall
000004fb 00000000     0                 TdCall.exit
00000508 00000000     4         /home/arun/Desktop/darpa_ex1/darpa_demo_edk2/Build/OvmfX64/DEBUG_CLANGPDB/X64/ShellPkg/Application/Shell/Shell/DEBUG/Shell.dll.lto.obj:(.text)
00000508 0000055b     1         /home/arun/Desktop/darpa_ex1/darpa_demo_edk2/Build/OvmfX64/DEBUG_CLANGPDB/X64/ShellPkg/Application/Shell/Shell/DEBUG/Shell.dll.lto.obj:(.text$AdapterInformationDumpInformation)
00000508 00000000     0                 AdapterInformationDumpInformation
00000a63 0000003c     1         /home/arun/Desktop/darpa_ex1/darpa_demo_edk2/Build/OvmfX64/DEBUG_CLANGPDB/X64/ShellPkg/Application/Shell/Shell/DEBUG/Shell.dll.lto.obj:(.text$AddBufferToFreeList)
00000a63 00000000     0                 AddBufferToFreeList
00000a9f 00000076     1         /home/arun/Desktop/darpa_ex1/darpa_demo_edk2/Build/OvmfX64/DEBUG_CLANGPDB/X64/ShellPkg/Application/Shell/Shell/DEBUG/Shell.dll.lto.obj:(.text$AllocateCopyPool)
00000a9f 00000000     0                 AllocateCopyPool
00000b15 00000005     1         /home/arun/Desktop/darpa_ex1/darpa_demo_edk2/Build/OvmfX64/DEBUG_CLANGPDB/X64/ShellPkg/Application/Shell/Shell/DEBUG/Shell.dll.lto.obj:(.text$AllocateZeroPool)
00000b15 00000000     0                 AllocateZeroPool
00000b1a 00000060     1         /home/arun/Desktop/darpa_ex1/darpa_demo_edk2/Build/OvmfX64/DEBUG_CLANGPDB/X64/ShellPkg/Application/Shell/Shell/DEBUG/Shell.dll.lto.obj:(.text$AppendCSDNum)
00000b1a 00000000     0                 AppendCSDNum
00000b7a 00000076     1         /home/arun/Desktop/darpa_ex1/darpa_demo_edk2/Build/OvmfX64/DEBUG_CLANGPDB/X64/ShellPkg/Application/Shell/Shell/DEBUG/Shell.dll.lto.obj:(.text$AppendCSDNum2)
00000b7a 00000000     0                 AppendCSDNum2
00000bf0 00000208     4         /home/arun/Desktop/darpa_ex1/darpa_demo_edk2/Build/OvmfX64/DEBUG_CLANGPDB/X64/ShellPkg/Application/Shell/Shell/DEBUG/Shell.dll.lto.obj:(.text$AppendCSDStr)
00000bf0 00000000     0                 AppendCSDStr
00000df8 0000030b     1         /home/arun/Desktop/darpa_ex1/darpa_demo_edk2/Build/OvmfX64/DEBUG_CLANGPDB/X64/ShellPkg/Application/Shell/Shell/DEBUG/Shell.dll.lto.obj:(.text$AppendStringToHistory)
00000df8 00000000     0                 AppendStringToHistory
00001103 0000001f     1         /home/arun/Desktop/darpa_ex1/darpa_demo_edk2/Build/OvmfX64/DEBUG_CLANGPDB/X64/ShellPkg/Application/Shell/Shell/DEBUG/Shell.dll.lto.obj:(.text$AsciiSPrint)
00001103 00000000     0                 AsciiSPrint
00001122 0000006a     1         /home/arun/Desktop/darpa_ex1/darpa_demo_edk2/Build/OvmfX64/DEBUG_CLANGPDB/X64/ShellPkg/Application/Shell/Shell/DEBUG/Shell.dll.lto.obj:(.text$AsciiStrLen)
00001122 00000000     0                 AsciiStrLen
0000118c 00000011     1         /home/arun/Desktop/darpa_ex1/darpa_demo_edk2/Build/OvmfX64/DEBUG_CLANGPDB/X64/ShellPkg/Application/Shell/Shell/DEBUG/Shell.dll.lto.obj:(.text$AsciiStrSize)
0000118c 00000000     0                 AsciiStrSize
0000119d 000000bd     1         /home/arun/Desktop/darpa_ex1/darpa_demo_edk2/Build/OvmfX64/DEBUG_CLANGPDB/X64/ShellPkg/Application/Shell/Shell/DEBUG/Shell.dll.lto.obj:(.text$AsciiStrnCmp)
0000119d 00000000     0                 AsciiStrnCmp
0000125a 00000022     1         /home/arun/Desktop/darpa_ex1/darpa_demo_edk2/Build/OvmfX64/DEBUG_CLANGPDB/X64/ShellPkg/Application/Shell/Shell/DEBUG/Shell.dll.lto.obj:(.text$AsciiStrnLenS)
0000125a 00000000     0                 AsciiStrnLenS
0000127c 0000001d     1         /home/arun/Desktop/darpa_ex1/darpa_demo_edk2/Build/OvmfX64/DEBUG_CLANGPDB/X64/ShellPkg/Application/Shell/Shell/DEBUG/Shell.dll.lto.obj:(.text$AsciiVSPrint)
0000127c 00000000     0                 AsciiVSPrint
00001299 00000031     1         /home/arun/Desktop/darpa_ex1/darpa_demo_edk2/Build/OvmfX64/DEBUG_CLANGPDB/X64/ShellPkg/Application/Shell/Shell/DEBUG/Shell.dll.lto.obj:(.text$BasePrintLibFillBuffer)
00001299 00000000     0                 BasePrintLibFillBuffer
000012ca 00000026     1         /home/arun/Desktop/darpa_ex1/darpa_demo_edk2/Build/OvmfX64/DEBUG_CLANGPDB/X64/ShellPkg/Application/Shell/Shell/DEBUG/Shell.dll.lto.obj:(.text$BasePrintLibSPrint)
000012ca 00000000     0                 BasePrintLibSPrint
000012f0 000010ec     4         /home/arun/Desktop/darpa_ex1/darpa_demo_edk2/Build/OvmfX64/DEBUG_CLANGPDB/X64/ShellPkg/Application/Shell/Shell/DEBUG/Shell.dll.lto.obj:(.text$BasePrintLibSPrintMarker)
000012f0 00000000     0                 BasePrintLibSPrintMarker
000023dc 0000002e     1         /home/arun/Desktop/darpa_ex1/darpa_demo_edk2/Build/OvmfX64/DEBUG_CLANGPDB/X64/ShellPkg/Application/Shell/Shell/DEBUG/Shell.dll.lto.obj:(.text$BasePrintLibValueToString)
000023dc 00000000     0                 BasePrintLibValueToString
0000240a 0000007d     1         /home/arun/Desktop/darpa_ex1/darpa_demo_edk2/Build/OvmfX64/DEBUG_CLANGPDB/X64/ShellPkg/Application/Shell/Shell/DEBUG/Shell.dll.lto.obj:(.text$BcfgLibraryRegisterBcfgCommand)
0000240a 00000000     0                 BcfgLibraryRegisterBcfgCommand
00002487 00000022     1         /home/arun/Desktop/darpa_ex1/darpa_demo_edk2/Build/OvmfX64/DEBUG_CLANGPDB/X64/ShellPkg/Application/Shell/Shell/DEBUG/Shell.dll.lto.obj:(.text$BcfgLibraryUnregisterBcfgCommand)
00002487 00000000     0                 BcfgLibraryUnregisterBcfgCommand
000024a9 00000152     1         /home/arun/Desktop/darpa_ex1/darpa_demo_edk2/Build/OvmfX64/DEBUG_CLANGPDB/X64/ShellPkg/Application/Shell/Shell/DEBUG/Shell.dll.lto.obj:(.text$BlockIoProtocolDumpInformation)
000024a9 00000000     0                 BlockIoProtocolDumpInformation
000025fb 00000144     1         /home/arun/Desktop/darpa_ex1/darpa_demo_edk2/Build/OvmfX64/DEBUG_CLANGPDB/X64/ShellPkg/Application/Shell/Shell/DEBUG/Shell.dll.lto.obj:(.text$BusSpecificDriverOverrideProtocolDumpInformation)
000025fb 00000000     0                 BusSpecificDriverOverrideProtocolDumpInformation
0000273f 00000034     1         /home/arun/Desktop/darpa_ex1/darpa_demo_edk2/Build/OvmfX64/DEBUG_CLANGPDB/X64/ShellPkg/Application/Shell/Shell/DEBUG/Shell.dll.lto.obj:(.text$CalculateEfiHdrCrc)
0000273f 00000000     0                 CalculateEfiHdrCrc
00002773 000004b8     1         /home/arun/Desktop/darpa_ex1/darpa_demo_edk2/Build/OvmfX64/DEBUG_CLANGPDB/X64/ShellPkg/Application/Shell/Shell/DEBUG/Shell.dll.lto.obj:(.text$CascadeDelete)
00002773 00000000     0                 CascadeDelete
00002c2b 0000078d     1         /home/arun/Desktop/darpa_ex1/darpa_demo_edk2/Build/OvmfX64/DEBUG_CLANGPDB/X64/ShellPkg/Application/Shell/Shell/DEBUG/Shell.dll.lto.obj:(.text$CascadeProcessVariables)
00002c2b 00000000     0                 CascadeProcessVariables
000033b8 000000ce     1         /home/arun/Desktop/darpa_ex1/darpa_demo_edk2/Build/OvmfX64/DEBUG_CLANGPDB/X64/ShellPkg/Application/Shell/Shell/DEBUG/Shell.dll.lto.obj:(.text$CatPrint)
000033b8 00000000     0                 CatPrint
00003486 0000012a     1         /home/arun/Desktop/darpa_ex1/darpa_demo_edk2/Build/OvmfX64/DEBUG_CLANGPDB/X64/ShellPkg/Application/Shell/Shell/DEBUG/Shell.dll.lto.obj:(.text$CatSDumpHex)
00003486 00000000     0                 CatSDumpHex
000035b0 00000106     1         /home/arun/Desktop/darpa_ex1/darpa_demo_edk2/Build/OvmfX64/DEBUG_CLANGPDB/X64/ShellPkg/Application/Shell/Shell/DEBUG/Shell.dll.lto.obj:(.text$CatSPrint)
000035b0 00000000     0                 CatSPrint
000036b6 0000003a     1         /home/arun/Desktop/darpa_ex1/darpa_demo_edk2/Build/OvmfX64/DEBUG_CLANGPDB/X64/ShellPkg/Application/Shell/Shell/DEBUG/Shell.dll.lto.obj:(.text$Child)
000036b6 00000000     0                 Child
000036f0 000000ae     1         /home/arun/Desktop/darpa_ex1/darpa_demo_edk2/Build/OvmfX64/DEBUG_CLANGPDB/X64/ShellPkg/Application/Shell/Shell/DEBUG/Shell.dll.lto.obj:(.text$CleanUpShellProtocol)
000036f0 00000000     0                 CleanUpShellProtocol
0000379e 00000064     1         /home/arun/Desktop/darpa_ex1/darpa_demo_edk2/Build/OvmfX64/DEBUG_CLANGPDB/X64/ShellPkg/Application/Shell/Shell/DEBUG/Shell.dll.lto.obj:(.text$CloseSimpleTextInOnFile)
0000379e 00000000     0                 CloseSimpleTextInOnFile
00003802 00000045     1         /home/arun/Desktop/darpa_ex1/darpa_demo_edk2/Build/OvmfX64/DEBUG_CLANGPDB/X64/ShellPkg/Application/Shell/Shell/DEBUG/Shell.dll.lto.obj:(.text$CloseSimpleTextOutOnFile)
00003802 00000000     0                 CloseSimpleTextOutOnFile
00003847 00000140     1         /home/arun/Desktop/darpa_ex1/darpa_demo_edk2/Build/OvmfX64/DEBUG_CLANGPDB/X64/ShellPkg/Application/Shell/Shell/DEBUG/Shell.dll.lto.obj:(.text$CommandInit)
00003847 00000000     0                 CommandInit
00003987 00000036     1         /home/arun/Desktop/darpa_ex1/darpa_demo_edk2/Build/OvmfX64/DEBUG_CLANGPDB/X64/ShellPkg/Application/Shell/Shell/DEBUG/Shell.dll.lto.obj:(.text$CompareGuid)
00003987 00000000     0                 CompareGuid
000039bd 000000c2     1         /home/arun/Desktop/darpa_ex1/darpa_demo_edk2/Build/OvmfX64/DEBUG_CLANGPDB/X64/ShellPkg/Application/Shell/Shell/DEBUG/Shell.dll.lto.obj:(.text$CompareMem)
000039bd 00000000     0                 CompareMem
00003a7f 000004be     1         /home/arun/Desktop/darpa_ex1/darpa_demo_edk2/Build/OvmfX64/DEBUG_CLANGPDB/X64/ShellPkg/Application/Shell/Shell/DEBUG/Shell.dll.lto.obj:(.text$Compress)
00003a7f 00000000     0                 Compress
00003f3d 000000d7     1         /home/arun/Desktop/darpa_ex1/darpa_demo_edk2/Build/OvmfX64/DEBUG_CLANGPDB/X64/ShellPkg/Application/Shell/Shell/DEBUG/Shell.dll.lto.obj:(.text$CompressOutput)
00003f3d 00000000     0                 CompressOutput
00004014 0000000b     1         /home/arun/Desktop/darpa_ex1/darpa_demo_edk2/Build/OvmfX64/DEBUG_CLANGPDB/X64/ShellPkg/Application/Shell/Shell/DEBUG/Shell.dll.lto.obj:(.text$ConInWaitForKey)
00004014 00000000     0                 ConInWaitForKey
0000401f 000000e5     1         /home/arun/Desktop/darpa_ex1/darpa_demo_edk2/Build/OvmfX64/DEBUG_CLANGPDB/X64/ShellPkg/Application/Shell/Shell/DEBUG/Shell.dll.lto.obj:(.text$ConsoleLoggerClearScreen)
0000401f 00000000     0                 ConsoleLoggerClearScreen
00004104 0000008c     1         /home/arun/Desktop/darpa_ex1/darpa_demo_edk2/Build/OvmfX64/DEBUG_CLANGPDB/X64/ShellPkg/Application/Shell/Shell/DEBUG/Shell.dll.lto.obj:(.text$ConsoleLoggerDisplayHistory)
00004104 00000000     0                 ConsoleLoggerDisplayHistory
00004190 0000004e     1         /home/arun/Desktop/darpa_ex1/darpa_demo_edk2/Build/OvmfX64/DEBUG_CLANGPDB/X64/ShellPkg/Application/Shell/Shell/DEBUG/Shell.dll.lto.obj:(.text$ConsoleLoggerEnableCursor)
00004190 00000000     0                 ConsoleLoggerEnableCursor
000041de 0000042a     1         /home/arun/Desktop/darpa_ex1/darpa_demo_edk2/Build/OvmfX64/DEBUG_CLANGPDB/X64/ShellPkg/Application/Shell/Shell/DEBUG/Shell.dll.lto.obj:(.text$ConsoleLoggerOutputString)
000041de 00000000     0                 ConsoleLoggerOutputString
00004608 0000002f     1         /home/arun/Desktop/darpa_ex1/darpa_demo_edk2/Build/OvmfX64/DEBUG_CLANGPDB/X64/ShellPkg/Application/Shell/Shell/DEBUG/Shell.dll.lto.obj:(.text$ConsoleLoggerOutputStringSplit)
00004608 00000000     0                 ConsoleLoggerOutputStringSplit
00004637 0000005a     1         /home/arun/Desktop/darpa_ex1/darpa_demo_edk2/Build/OvmfX64/DEBUG_CLANGPDB/X64/ShellPkg/Application/Shell/Shell/DEBUG/Shell.dll.lto.obj:(.text$ConsoleLoggerQueryMode)
00004637 00000000     0                 ConsoleLoggerQueryMode
00004691 0000006b     1         /home/arun/Desktop/darpa_ex1/darpa_demo_edk2/Build/OvmfX64/DEBUG_CLANGPDB/X64/ShellPkg/Application/Shell/Shell/DEBUG/Shell.dll.lto.obj:(.text$ConsoleLoggerReset)
00004691 00000000     0                 ConsoleLoggerReset
000046fc 0000010e     1         /home/arun/Desktop/darpa_ex1/darpa_demo_edk2/Build/OvmfX64/DEBUG_CLANGPDB/X64/ShellPkg/Application/Shell/Shell/DEBUG/Shell.dll.lto.obj:(.text$ConsoleLoggerResetBuffers)
000046fc 00000000     0                 ConsoleLoggerResetBuffers
0000480a 00000050     1         /home/arun/Desktop/darpa_ex1/darpa_demo_edk2/Build/OvmfX64/DEBUG_CLANGPDB/X64/ShellPkg/Application/Shell/Shell/DEBUG/Shell.dll.lto.obj:(.text$ConsoleLoggerSetAttribute)
0000480a 00000000     0                 ConsoleLoggerSetAttribute
0000485a 00000079     1         /home/arun/Desktop/darpa_ex1/darpa_demo_edk2/Build/OvmfX64/DEBUG_CLANGPDB/X64/ShellPkg/Application/Shell/Shell/DEBUG/Shell.dll.lto.obj:(.text$ConsoleLoggerSetCursorPosition)
0000485a 00000000     0                 ConsoleLoggerSetCursorPosition
000048d3 00000080     1         /home/arun/Desktop/darpa_ex1/darpa_demo_edk2/Build/OvmfX64/DEBUG_CLANGPDB/X64/ShellPkg/Application/Shell/Shell/DEBUG/Shell.dll.lto.obj:(.text$ConsoleLoggerSetMode)
000048d3 00000000     0                 ConsoleLoggerSetMode
00004953 00000048     1         /home/arun/Desktop/darpa_ex1/darpa_demo_edk2/Build/OvmfX64/DEBUG_CLANGPDB/X64/ShellPkg/Application/Shell/Shell/DEBUG/Shell.dll.lto.obj:(.text$ConsoleLoggerTestString)
00004953 00000000     0                 ConsoleLoggerTestString
0000499b 000000d0     1         /home/arun/Desktop/darpa_ex1/darpa_demo_edk2/Build/OvmfX64/DEBUG_CLANGPDB/X64/ShellPkg/Application/Shell/Shell/DEBUG/Shell.dll.lto.obj:(.text$ContainsSplit)
0000499b 00000000     0                 ContainsSplit
00004a6b 00000053     1         /home/arun/Desktop/darpa_ex1/darpa_demo_edk2/Build/OvmfX64/DEBUG_CLANGPDB/X64/ShellPkg/Application/Shell/Shell/DEBUG/Shell.dll.lto.obj:(.text$ConvertDevicePathToText)
00004a6b 00000000     0                 ConvertDevicePathToText
00004abe 0000008c     1         /home/arun/Desktop/darpa_ex1/darpa_demo_edk2/Build/OvmfX64/DEBUG_CLANGPDB/X64/ShellPkg/Application/Shell/Shell/DEBUG/Shell.dll.lto.obj:(.text$ConvertEfiFileProtocolToShellHandle)
00004abe 00000000     0                 ConvertEfiFileProtocolToShellHandle
00004b4a 0000009b     1         /home/arun/Desktop/darpa_ex1/darpa_demo_edk2/Build/OvmfX64/DEBUG_CLANGPDB/X64/ShellPkg/Application/Shell/Shell/DEBUG/Shell.dll.lto.obj:(.text$ConvertHandleIndexToHandle)
00004b4a 00000000     0                 ConvertHandleIndexToHandle
00004be5 000000f3     1         /home/arun/Desktop/darpa_ex1/darpa_demo_edk2/Build/OvmfX64/DEBUG_CLANGPDB/X64/ShellPkg/Application/Shell/Shell/DEBUG/Shell.dll.lto.obj:(.text$ConvertHandleToHandleIndex)
00004be5 00000000     0                 ConvertHandleToHandleIndex
00004cd8 0000008c     1         /home/arun/Desktop/darpa_ex1/darpa_demo_edk2/Build/OvmfX64/DEBUG_CLANGPDB/X64/ShellPkg/Application/Shell/Shell/DEBUG/Shell.dll.lto.obj:(.text$ConvertHandleToHiiHandle)
00004cd8 00000000     0                 ConvertHandleToHiiHandle
00004d64 00000128     4         /home/arun/Desktop/darpa_ex1/darpa_demo_edk2/Build/OvmfX64/DEBUG_CLANGPDB/X64/ShellPkg/Application/Shell/Shell/DEBUG/Shell.dll.lto.obj:(.text$ConvertMemoryType)
00004d64 00000000     0                 ConvertMemoryType
00004e8c 000000f8     1         /home/arun/Desktop/darpa_ex1/darpa_demo_edk2/Build/OvmfX64/DEBUG_CLANGPDB/X64/ShellPkg/Application/Shell/Shell/DEBUG/Shell.dll.lto.obj:(.text$ConvertStrToGuid)
00004e8c 00000000     0                 ConvertStrToGuid
00004f84 00000031     1         /home/arun/Desktop/darpa_ex1/darpa_demo_edk2/Build/OvmfX64/DEBUG_CLANGPDB/X64/ShellPkg/Application/Shell/Shell/DEBUG/Shell.dll.lto.obj:(.text$CopyGuid)
00004f84 00000000     0                 CopyGuid
00004fb5 00000081     1         /home/arun/Desktop/darpa_ex1/darpa_demo_edk2/Build/OvmfX64/DEBUG_CLANGPDB/X64/ShellPkg/Application/Shell/Shell/DEBUG/Shell.dll.lto.obj:(.text$CopyMem)
00004fb5 00000000     0                 CopyMem
00005038 00000538     4         /home/arun/Desktop/darpa_ex1/darpa_demo_edk2/Build/OvmfX64/DEBUG_CLANGPDB/X64/ShellPkg/Application/Shell/Shell/DEBUG/Shell.dll.lto.obj:(.text$CopySingleFile)
00005038 00000000     0                 CopySingleFile
00005570 00000065     1         /home/arun/Desktop/darpa_ex1/darpa_demo_edk2/Build/OvmfX64/DEBUG_CLANGPDB/X64/ShellPkg/Application/Shell/Shell/DEBUG/Shell.dll.lto.obj:(.text$CountLen)
00005570 00000000     0                 CountLen
000055d5 00000180     1         /home/arun/Desktop/darpa_ex1/darpa_demo_edk2/Build/OvmfX64/DEBUG_CLANGPDB/X64/ShellPkg/Application/Shell/Shell/DEBUG/Shell.dll.lto.obj:(.text$CreateAndPopulateShellFileInfo)
000055d5 00000000     0                 CreateAndPopulateShellFileInfo
00005755 000000ec     1         /home/arun/Desktop/darpa_ex1/darpa_demo_edk2/Build/OvmfX64/DEBUG_CLANGPDB/X64/ShellPkg/Application/Shell/Shell/DEBUG/Shell.dll.lto.obj:(.text$CreateFileInterfaceEnv)
00005755 00000000     0                 CreateFileInterfaceEnv
00005841 000000b7     1         /home/arun/Desktop/darpa_ex1/darpa_demo_edk2/Build/OvmfX64/DEBUG_CLANGPDB/X64/ShellPkg/Application/Shell/Shell/DEBUG/Shell.dll.lto.obj:(.text$CreateFileInterfaceFile)
00005841 00000000     0                 CreateFileInterfaceFile
000058f8 0000012d     1         /home/arun/Desktop/darpa_ex1/darpa_demo_edk2/Build/OvmfX64/DEBUG_CLANGPDB/X64/ShellPkg/Application/Shell/Shell/DEBUG/Shell.dll.lto.obj:(.text$CreateFileInterfaceMem)
000058f8 00000000     0                 CreateFileInterfaceMem
00005a25 000000f4     1         /home/arun/Desktop/darpa_ex1/darpa_demo_edk2/Build/OvmfX64/DEBUG_CLANGPDB/X64/ShellPkg/Application/Shell/Shell/DEBUG/Shell.dll.lto.obj:(.text$CreateSimpleTextInOnFile)
00005a25 00000000     0                 CreateSimpleTextInOnFile
00005b19 00000164     1         /home/arun/Desktop/darpa_ex1/darpa_demo_edk2/Build/OvmfX64/DEBUG_CLANGPDB/X64/ShellPkg/Application/Shell/Shell/DEBUG/Shell.dll.lto.obj:(.text$CreateSimpleTextOutOnFile)
00005b19 00000000     0                 CreateSimpleTextOutOnFile
00005c7d 0000004f     1         /home/arun/Desktop/darpa_ex1/darpa_demo_edk2/Build/OvmfX64/DEBUG_CLANGPDB/X64/ShellPkg/Application/Shell/Shell/DEBUG/Shell.dll.lto.obj:(.text$DebugAssert)
00005c7d 00000000     0                 DebugAssert
00005ccc 00000081     1         /home/arun/Desktop/darpa_ex1/darpa_demo_edk2/Build/OvmfX64/DEBUG_CLANGPDB/X64/ShellPkg/Application/Shell/Shell/DEBUG/Shell.dll.lto.obj:(.text$DebugPrint)
00005ccc 00000000     0                 DebugPrint
00005d4d 000000f0     1         /home/arun/Desktop/darpa_ex1/darpa_demo_edk2/Build/OvmfX64/DEBUG_CLANGPDB/X64/ShellPkg/Application/Shell/Shell/DEBUG/Shell.dll.lto.obj:(.text$DebugSupportProtocolDumpInformation)
00005d4d 00000000     0                 DebugSupportProtocolDumpInformation
00005e3d 000000f3     1         /home/arun/Desktop/darpa_ex1/darpa_demo_edk2/Build/OvmfX64/DEBUG_CLANGPDB/X64/ShellPkg/Application/Shell/Shell/DEBUG/Shell.dll.lto.obj:(.text$DeleteScriptFileStruct)
00005e3d 00000000     0                 DeleteScriptFileStruct
00005f30 00000039     1         /home/arun/Desktop/darpa_ex1/darpa_demo_edk2/Build/OvmfX64/DEBUG_CLANGPDB/X64/ShellPkg/Application/Shell/Shell/DEBUG/Shell.dll.lto.obj:(.text$DevPathCompareAcpi)
00005f30 00000000     0                 DevPathCompareAcpi
00005f69 0000008d     1         /home/arun/Desktop/darpa_ex1/darpa_demo_edk2/Build/OvmfX64/DEBUG_CLANGPDB/X64/ShellPkg/Application/Shell/Shell/DEBUG/Shell.dll.lto.obj:(.text$DevPathCompareDefault)
00005f69 00000000     0                 DevPathCompareDefault
00005ff6 00000073     1         /home/arun/Desktop/darpa_ex1/darpa_demo_edk2/Build/OvmfX64/DEBUG_CLANGPDB/X64/ShellPkg/Application/Shell/Shell/DEBUG/Shell.dll.lto.obj:(.text$DevPathComparePci)
00005ff6 00000000     0                 DevPathComparePci
00006069 00000073     1         /home/arun/Desktop/darpa_ex1/darpa_demo_edk2/Build/OvmfX64/DEBUG_CLANGPDB/X64/ShellPkg/Application/Shell/Shell/DEBUG/Shell.dll.lto.obj:(.text$DevPathSerial1394)
00006069 00000000     0                 DevPathSerial1394
000060dc 00000070     1         /home/arun/Desktop/darpa_ex1/darpa_demo_edk2/Build/OvmfX64/DEBUG_CLANGPDB/X64/ShellPkg/Application/Shell/Shell/DEBUG/Shell.dll.lto.obj:(.text$DevPathSerialAcpi)
000060dc 00000000     0                 DevPathSerialAcpi
0000614c 00000060     1         /home/arun/Desktop/darpa_ex1/darpa_demo_edk2/Build/OvmfX64/DEBUG_CLANGPDB/X64/ShellPkg/Application/Shell/Shell/DEBUG/Shell.dll.lto.obj:(.text$DevPathSerialAtapi)
0000614c 00000000     0                 DevPathSerialAtapi
000061ac 0000005e     1         /home/arun/Desktop/darpa_ex1/darpa_demo_edk2/Build/OvmfX64/DEBUG_CLANGPDB/X64/ShellPkg/Application/Shell/Shell/DEBUG/Shell.dll.lto.obj:(.text$DevPathSerialCdRom)
000061ac 00000000     0                 DevPathSerialCdRom
0000620a 00000003     1         /home/arun/Desktop/darpa_ex1/darpa_demo_edk2/Build/OvmfX64/DEBUG_CLANGPDB/X64/ShellPkg/Application/Shell/Shell/DEBUG/Shell.dll.lto.obj:(.text$DevPathSerialDefault)
0000620a 00000000     0                 DevPathSerialDefault
0000620d 00000071     1         /home/arun/Desktop/darpa_ex1/darpa_demo_edk2/Build/OvmfX64/DEBUG_CLANGPDB/X64/ShellPkg/Application/Shell/Shell/DEBUG/Shell.dll.lto.obj:(.text$DevPathSerialFibre)
0000620d 00000000     0                 DevPathSerialFibre
0000627e 00000064     1         /home/arun/Desktop/darpa_ex1/darpa_demo_edk2/Build/OvmfX64/DEBUG_CLANGPDB/X64/ShellPkg/Application/Shell/Shell/DEBUG/Shell.dll.lto.obj:(.text$DevPathSerialHardDrive)
0000627e 00000000     0                 DevPathSerialHardDrive
000062e2 00000057     1         /home/arun/Desktop/darpa_ex1/darpa_demo_edk2/Build/OvmfX64/DEBUG_CLANGPDB/X64/ShellPkg/Application/Shell/Shell/DEBUG/Shell.dll.lto.obj:(.text$DevPathSerialI2O)
000062e2 00000000     0                 DevPathSerialI2O
00006339 000000f9     1         /home/arun/Desktop/darpa_ex1/darpa_demo_edk2/Build/OvmfX64/DEBUG_CLANGPDB/X64/ShellPkg/Application/Shell/Shell/DEBUG/Shell.dll.lto.obj:(.text$DevPathSerialIPv4)
00006339 00000000     0                 DevPathSerialIPv4
00006432 000000fd     1         /home/arun/Desktop/darpa_ex1/darpa_demo_edk2/Build/OvmfX64/DEBUG_CLANGPDB/X64/ShellPkg/Application/Shell/Shell/DEBUG/Shell.dll.lto.obj:(.text$DevPathSerialIPv6)
00006432 00000000     0                 DevPathSerialIPv6
0000652f 0000004a     1         /home/arun/Desktop/darpa_ex1/darpa_demo_edk2/Build/OvmfX64/DEBUG_CLANGPDB/X64/ShellPkg/Application/Shell/Shell/DEBUG/Shell.dll.lto.obj:(.text$DevPathSerialIScsi)
0000652f 00000000     0                 DevPathSerialIScsi
00006579 000000ce     1         /home/arun/Desktop/darpa_ex1/darpa_demo_edk2/Build/OvmfX64/DEBUG_CLANGPDB/X64/ShellPkg/Application/Shell/Shell/DEBUG/Shell.dll.lto.obj:(.text$DevPathSerialInfiniBand)
00006579 00000000     0                 DevPathSerialInfiniBand
00006647 00000058     1         /home/arun/Desktop/darpa_ex1/darpa_demo_edk2/Build/OvmfX64/DEBUG_CLANGPDB/X64/ShellPkg/Application/Shell/Shell/DEBUG/Shell.dll.lto.obj:(.text$DevPathSerialLun)
00006647 00000000     0                 DevPathSerialLun
0000669f 000000b2     1         /home/arun/Desktop/darpa_ex1/darpa_demo_edk2/Build/OvmfX64/DEBUG_CLANGPDB/X64/ShellPkg/Application/Shell/Shell/DEBUG/Shell.dll.lto.obj:(.text$DevPathSerialMacAddr)
0000669f 00000000     0                 DevPathSerialMacAddr
00006751 00000082     1         /home/arun/Desktop/darpa_ex1/darpa_demo_edk2/Build/OvmfX64/DEBUG_CLANGPDB/X64/ShellPkg/Application/Shell/Shell/DEBUG/Shell.dll.lto.obj:(.text$DevPathSerialSata)
00006751 00000000     0                 DevPathSerialSata
000067d3 00000071     1         /home/arun/Desktop/darpa_ex1/darpa_demo_edk2/Build/OvmfX64/DEBUG_CLANGPDB/X64/ShellPkg/Application/Shell/Shell/DEBUG/Shell.dll.lto.obj:(.text$DevPathSerialScsi)
000067d3 00000000     0                 DevPathSerialScsi
00006844 00000093     1         /home/arun/Desktop/darpa_ex1/darpa_demo_edk2/Build/OvmfX64/DEBUG_CLANGPDB/X64/ShellPkg/Application/Shell/Shell/DEBUG/Shell.dll.lto.obj:(.text$DevPathSerialUart)
00006844 00000000     0                 DevPathSerialUart
000068d7 0000014c     1         /home/arun/Desktop/darpa_ex1/darpa_demo_edk2/Build/OvmfX64/DEBUG_CLANGPDB/X64/ShellPkg/Application/Shell/Shell/DEBUG/Shell.dll.lto.obj:(.text$DevPathSerialUsb)
000068d7 00000000     0                 DevPathSerialUsb
00006a23 0000010e     1         /home/arun/Desktop/darpa_ex1/darpa_demo_edk2/Build/OvmfX64/DEBUG_CLANGPDB/X64/ShellPkg/Application/Shell/Shell/DEBUG/Shell.dll.lto.obj:(.text$DevPathSerialVendor)
00006a23 00000000     0                 DevPathSerialVendor
00006b31 000000f2     1         /home/arun/Desktop/darpa_ex1/darpa_demo_edk2/Build/OvmfX64/DEBUG_CLANGPDB/X64/ShellPkg/Application/Shell/Shell/DEBUG/Shell.dll.lto.obj:(.text$DevicePathCompare)
00006b31 00000000     0                 DevicePathCompare
00006c23 00000030     1         /home/arun/Desktop/darpa_ex1/darpa_demo_edk2/Build/OvmfX64/DEBUG_CLANGPDB/X64/ShellPkg/Application/Shell/Shell/DEBUG/Shell.dll.lto.obj:(.text$DevicePathFromHandle)
00006c23 00000000     0                 DevicePathFromHandle
00006c53 0000002f     1         /home/arun/Desktop/darpa_ex1/darpa_demo_edk2/Build/OvmfX64/DEBUG_CLANGPDB/X64/ShellPkg/Application/Shell/Shell/DEBUG/Shell.dll.lto.obj:(.text$DevicePathNodeLength)
00006c53 00000000     0                 DevicePathNodeLength
00006c82 0000000c     1         /home/arun/Desktop/darpa_ex1/darpa_demo_edk2/Build/OvmfX64/DEBUG_CLANGPDB/X64/ShellPkg/Application/Shell/Shell/DEBUG/Shell.dll.lto.obj:(.text$DevicePathProtocolDumpInformation)
00006c82 00000000     0                 DevicePathProtocolDumpInformation
00006c8e 0000015d     1         /home/arun/Desktop/darpa_ex1/darpa_demo_edk2/Build/OvmfX64/DEBUG_CLANGPDB/X64/ShellPkg/Application/Shell/Shell/DEBUG/Shell.dll.lto.obj:(.text$DevicePathProtocolDumpInformationEx)
00006c8e 00000000     0                 DevicePathProtocolDumpInformationEx
00006deb 0000002e     1         /home/arun/Desktop/darpa_ex1/darpa_demo_edk2/Build/OvmfX64/DEBUG_CLANGPDB/X64/ShellPkg/Application/Shell/Shell/DEBUG/Shell.dll.lto.obj:(.text$DevicePathSubType)
00006deb 00000000     0                 DevicePathSubType
00006e19 0000002d     1         /home/arun/Desktop/darpa_ex1/darpa_demo_edk2/Build/OvmfX64/DEBUG_CLANGPDB/X64/ShellPkg/Application/Shell/Shell/DEBUG/Shell.dll.lto.obj:(.text$DevicePathType)
00006e19 00000000     0                 DevicePathType
00006e46 00000044     1         /home/arun/Desktop/darpa_ex1/darpa_demo_edk2/Build/OvmfX64/DEBUG_CLANGPDB/X64/ShellPkg/Application/Shell/Shell/DEBUG/Shell.dll.lto.obj:(.text$DisplayMcErrorCorrectCapability)
00006e46 00000000     0                 DisplayMcErrorCorrectCapability
00006e8a 0000006a     1         /home/arun/Desktop/darpa_ex1/darpa_demo_edk2/Build/OvmfX64/DEBUG_CLANGPDB/X64/ShellPkg/Application/Shell/Shell/DEBUG/Shell.dll.lto.obj:(.text$DisplayMcInterleaveSupport)
00006e8a 00000000     0                 DisplayMcInterleaveSupport
00006ef4 0000006a     1         /home/arun/Desktop/darpa_ex1/darpa_demo_edk2/Build/OvmfX64/DEBUG_CLANGPDB/X64/ShellPkg/Application/Shell/Shell/DEBUG/Shell.dll.lto.obj:(.text$DisplayMemoryErrorGranularity)
00006ef4 00000000     0                 DisplayMemoryErrorGranularity
00006f5e 0000006a     1         /home/arun/Desktop/darpa_ex1/darpa_demo_edk2/Build/OvmfX64/DEBUG_CLANGPDB/X64/ShellPkg/Application/Shell/Shell/DEBUG/Shell.dll.lto.obj:(.text$DisplayMemoryErrorOperation)
00006f5e 00000000     0                 DisplayMemoryErrorOperation
00006fc8 0000006a     1         /home/arun/Desktop/darpa_ex1/darpa_demo_edk2/Build/OvmfX64/DEBUG_CLANGPDB/X64/ShellPkg/Application/Shell/Shell/DEBUG/Shell.dll.lto.obj:(.text$DisplayMemoryErrorType)
00006fc8 00000000     0                 DisplayMemoryErrorType
00007032 00000101     1         /home/arun/Desktop/darpa_ex1/darpa_demo_edk2/Build/OvmfX64/DEBUG_CLANGPDB/X64/ShellPkg/Application/Shell/Shell/DEBUG/Shell.dll.lto.obj:(.text$DisplayMmMemorySize)
00007032 00000000     0                 DisplayMmMemorySize
00007133 00000044     1         /home/arun/Desktop/darpa_ex1/darpa_demo_edk2/Build/OvmfX64/DEBUG_CLANGPDB/X64/ShellPkg/Application/Shell/Shell/DEBUG/Shell.dll.lto.obj:(.text$DisplayMmMemoryType)
00007133 00000000     0                 DisplayMmMemoryType
00007177 0000006a     1         /home/arun/Desktop/darpa_ex1/darpa_demo_edk2/Build/OvmfX64/DEBUG_CLANGPDB/X64/ShellPkg/Application/Shell/Shell/DEBUG/Shell.dll.lto.obj:(.text$DisplayOnboardDeviceTypes)
00007177 00000000     0                 DisplayOnboardDeviceTypes
000071e1 0000006a     1         /home/arun/Desktop/darpa_ex1/darpa_demo_edk2/Build/OvmfX64/DEBUG_CLANGPDB/X64/ShellPkg/Application/Shell/Shell/DEBUG/Shell.dll.lto.obj:(.text$DisplayPortConnectorType)
000071e1 00000000     0                 DisplayPortConnectorType
0000724b 000000e8     1         /home/arun/Desktop/darpa_ex1/darpa_demo_edk2/Build/OvmfX64/DEBUG_CLANGPDB/X64/ShellPkg/Application/Shell/Shell/DEBUG/Shell.dll.lto.obj:(.text$DisplaySELSysManagementTypes)
0000724b 00000000     0                 DisplaySELSysManagementTypes
00007333 0000006a     1         /home/arun/Desktop/darpa_ex1/darpa_demo_edk2/Build/OvmfX64/DEBUG_CLANGPDB/X64/ShellPkg/Application/Shell/Shell/DEBUG/Shell.dll.lto.obj:(.text$DisplaySELTypes)
00007333 00000000     0                 DisplaySELTypes
0000739d 0000006a     1         /home/arun/Desktop/darpa_ex1/darpa_demo_edk2/Build/OvmfX64/DEBUG_CLANGPDB/X64/ShellPkg/Application/Shell/Shell/DEBUG/Shell.dll.lto.obj:(.text$DisplaySELVarDataFormatType)
0000739d 00000000     0                 DisplaySELVarDataFormatType
00007407 000001ff     1         /home/arun/Desktop/darpa_ex1/darpa_demo_edk2/Build/OvmfX64/DEBUG_CLANGPDB/X64/ShellPkg/Application/Shell/Shell/DEBUG/Shell.dll.lto.obj:(.text$DisplaySettings)
00007407 00000000     0                 DisplaySettings
00007606 0000006a     1         /home/arun/Desktop/darpa_ex1/darpa_demo_edk2/Build/OvmfX64/DEBUG_CLANGPDB/X64/ShellPkg/Application/Shell/Shell/DEBUG/Shell.dll.lto.obj:(.text$DisplaySystemEnclosureStatus)
00007606 00000000     0                 DisplaySystemEnclosureStatus
00007670 00000038     1         /home/arun/Desktop/darpa_ex1/darpa_demo_edk2/Build/OvmfX64/DEBUG_CLANGPDB/X64/ShellPkg/Application/Shell/Shell/DEBUG/Shell.dll.lto.obj:(.text$DivU64x64Remainder)
00007670 00000000     0                 DivU64x64Remainder
000076a8 0000021c     1         /home/arun/Desktop/darpa_ex1/darpa_demo_edk2/Build/OvmfX64/DEBUG_CLANGPDB/X64/ShellPkg/Application/Shell/Shell/DEBUG/Shell.dll.lto.obj:(.text$DoDevTreeForHandle)
000076a8 00000000     0                 DoDevTreeForHandle
000078c4 00000c77     1         /home/arun/Desktop/darpa_ex1/darpa_demo_edk2/Build/OvmfX64/DEBUG_CLANGPDB/X64/ShellPkg/Application/Shell/Shell/DEBUG/Shell.dll.lto.obj:(.text$DoDhByHandle)
000078c4 00000000     0                 DoDhByHandle
0000853b 00000104     1         /home/arun/Desktop/darpa_ex1/darpa_demo_edk2/Build/OvmfX64/DEBUG_CLANGPDB/X64/ShellPkg/Application/Shell/Shell/DEBUG/Shell.dll.lto.obj:(.text$DoDhByProtocolGuid)
0000853b 00000000     0                 DoDhByProtocolGuid
0000863f 000002d8     1         /home/arun/Desktop/darpa_ex1/darpa_demo_edk2/Build/OvmfX64/DEBUG_CLANGPDB/X64/ShellPkg/Application/Shell/Shell/DEBUG/Shell.dll.lto.obj:(.text$DoTouchByHandle)
0000863f 00000000     0                 DoTouchByHandle
00008917 00000076     1         /home/arun/Desktop/darpa_ex1/darpa_demo_edk2/Build/OvmfX64/DEBUG_CLANGPDB/X64/ShellPkg/Application/Shell/Shell/DEBUG/Shell.dll.lto.obj:(.text$DownHeap)
00008917 00000000     0                 DownHeap
0000898d 00000087     1         /home/arun/Desktop/darpa_ex1/darpa_demo_edk2/Build/OvmfX64/DEBUG_CLANGPDB/X64/ShellPkg/Application/Shell/Shell/DEBUG/Shell.dll.lto.obj:(.text$DriverEfiVersionProtocolDumpInformation)
0000898d 00000000     0                 DriverEfiVersionProtocolDumpInformation
00008a14 00000125     1         /home/arun/Desktop/darpa_ex1/darpa_demo_edk2/Build/OvmfX64/DEBUG_CLANGPDB/X64/ShellPkg/Application/Shell/Shell/DEBUG/Shell.dll.lto.obj:(.text$DumpHex)
00008a14 00000000     0                 DumpHex
00008b39 000000ff     1         /home/arun/Desktop/darpa_ex1/darpa_demo_edk2/Build/OvmfX64/DEBUG_CLANGPDB/X64/ShellPkg/Application/Shell/Shell/DEBUG/Shell.dll.lto.obj:(.text$EdidActiveProtocolDumpInformation)
00008b39 00000000     0                 EdidActiveProtocolDumpInformation
00008c38 000000ff     1         /home/arun/Desktop/darpa_ex1/darpa_demo_edk2/Build/OvmfX64/DEBUG_CLANGPDB/X64/ShellPkg/Application/Shell/Shell/DEBUG/Shell.dll.lto.obj:(.text$EdidDiscoveredProtocolDumpInformation)
00008c38 00000000     0                 EdidDiscoveredProtocolDumpInformation
00008d37 00000066     1         /home/arun/Desktop/darpa_ex1/darpa_demo_edk2/Build/OvmfX64/DEBUG_CLANGPDB/X64/ShellPkg/Application/Shell/Shell/DEBUG/Shell.dll.lto.obj:(.text$EditGetDefaultFileName)
00008d37 00000000     0                 EditGetDefaultFileName
00008d9d 000000a0     1         /home/arun/Desktop/darpa_ex1/darpa_demo_edk2/Build/OvmfX64/DEBUG_CLANGPDB/X64/ShellPkg/Application/Shell/Shell/DEBUG/Shell.dll.lto.obj:(.text$EditorClearLine)
00008d9d 00000000     0                 EditorClearLine
00008e3d 00000052     1         /home/arun/Desktop/darpa_ex1/darpa_demo_edk2/Build/OvmfX64/DEBUG_CLANGPDB/X64/ShellPkg/Application/Shell/Shell/DEBUG/Shell.dll.lto.obj:(.text$EfiGetNameGuidFromFwVolDevicePathNode)
00008e3d 00000000     0                 EfiGetNameGuidFromFwVolDevicePathNode
00008e8f 000000a8     1         /home/arun/Desktop/darpa_ex1/darpa_demo_edk2/Build/OvmfX64/DEBUG_CLANGPDB/X64/ShellPkg/Application/Shell/Shell/DEBUG/Shell.dll.lto.obj:(.text$EfiGetSystemConfigurationTable)
00008e8f 00000000     0                 EfiGetSystemConfigurationTable
00008f37 00000014     1         /home/arun/Desktop/darpa_ex1/darpa_demo_edk2/Build/OvmfX64/DEBUG_CLANGPDB/X64/ShellPkg/Application/Shell/Shell/DEBUG/Shell.dll.lto.obj:(.text$EfiShellBatchIsActive)
00008f37 00000000     0                 EfiShellBatchIsActive
00008f4b 0000002e     1         /home/arun/Desktop/darpa_ex1/darpa_demo_edk2/Build/OvmfX64/DEBUG_CLANGPDB/X64/ShellPkg/Application/Shell/Shell/DEBUG/Shell.dll.lto.obj:(.text$EfiShellClose)
00008f4b 00000000     0                 EfiShellClose
00008f79 000000af     1         /home/arun/Desktop/darpa_ex1/darpa_demo_edk2/Build/OvmfX64/DEBUG_CLANGPDB/X64/ShellPkg/Application/Shell/Shell/DEBUG/Shell.dll.lto.obj:(.text$EfiShellCreateFile)
00008f79 00000000     0                 EfiShellCreateFile
00009028 0000003b     1         /home/arun/Desktop/darpa_ex1/darpa_demo_edk2/Build/OvmfX64/DEBUG_CLANGPDB/X64/ShellPkg/Application/Shell/Shell/DEBUG/Shell.dll.lto.obj:(.text$EfiShellDeleteFileByName)
00009028 00000000     0                 EfiShellDeleteFileByName
00009063 00000008     1         /home/arun/Desktop/darpa_ex1/darpa_demo_edk2/Build/OvmfX64/DEBUG_CLANGPDB/X64/ShellPkg/Application/Shell/Shell/DEBUG/Shell.dll.lto.obj:(.text$EfiShellDisablePageBreak)
00009063 00000000     0                 EfiShellDisablePageBreak
0000906b 00000008     1         /home/arun/Desktop/darpa_ex1/darpa_demo_edk2/Build/OvmfX64/DEBUG_CLANGPDB/X64/ShellPkg/Application/Shell/Shell/DEBUG/Shell.dll.lto.obj:(.text$EfiShellEnablePageBreak)
0000906b 00000000     0                 EfiShellEnablePageBreak
00009073 00000274     1         /home/arun/Desktop/darpa_ex1/darpa_demo_edk2/Build/OvmfX64/DEBUG_CLANGPDB/X64/ShellPkg/Application/Shell/Shell/DEBUG/Shell.dll.lto.obj:(.text$EfiShellExecute)
00009073 00000000     0                 EfiShellExecute
000092e7 00000171     1         /home/arun/Desktop/darpa_ex1/darpa_demo_edk2/Build/OvmfX64/DEBUG_CLANGPDB/X64/ShellPkg/Application/Shell/Shell/DEBUG/Shell.dll.lto.obj:(.text$EfiShellFindFiles)
000092e7 00000000     0                 EfiShellFindFiles
00009458 00000465     1         /home/arun/Desktop/darpa_ex1/darpa_demo_edk2/Build/OvmfX64/DEBUG_CLANGPDB/X64/ShellPkg/Application/Shell/Shell/DEBUG/Shell.dll.lto.obj:(.text$EfiShellFindFilesInDir)
00009458 00000000     0                 EfiShellFindFilesInDir
000098bd 0000005e     1         /home/arun/Desktop/darpa_ex1/darpa_demo_edk2/Build/OvmfX64/DEBUG_CLANGPDB/X64/ShellPkg/Application/Shell/Shell/DEBUG/Shell.dll.lto.obj:(.text$EfiShellFreeFileList)
000098bd 00000000     0                 EfiShellFreeFileList
0000991b 000002d6     1         /home/arun/Desktop/darpa_ex1/darpa_demo_edk2/Build/OvmfX64/DEBUG_CLANGPDB/X64/ShellPkg/Application/Shell/Shell/DEBUG/Shell.dll.lto.obj:(.text$EfiShellGetAlias)
0000991b 00000000     0                 EfiShellGetAlias
00009bf1 0000009b     1         /home/arun/Desktop/darpa_ex1/darpa_demo_edk2/Build/OvmfX64/DEBUG_CLANGPDB/X64/ShellPkg/Application/Shell/Shell/DEBUG/Shell.dll.lto.obj:(.text$EfiShellGetCurDir)
00009bf1 00000000     0                 EfiShellGetCurDir
00009c8c 000003b4     1         /home/arun/Desktop/darpa_ex1/darpa_demo_edk2/Build/OvmfX64/DEBUG_CLANGPDB/X64/ShellPkg/Application/Shell/Shell/DEBUG/Shell.dll.lto.obj:(.text$EfiShellGetDeviceName)
00009c8c 00000000     0                 EfiShellGetDeviceName
0000a040 00000208     1         /home/arun/Desktop/darpa_ex1/darpa_demo_edk2/Build/OvmfX64/DEBUG_CLANGPDB/X64/ShellPkg/Application/Shell/Shell/DEBUG/Shell.dll.lto.obj:(.text$EfiShellGetDevicePathFromFilePath)
0000a040 00000000     0                 EfiShellGetDevicePathFromFilePath
0000a248 00000078     1         /home/arun/Desktop/darpa_ex1/darpa_demo_edk2/Build/OvmfX64/DEBUG_CLANGPDB/X64/ShellPkg/Application/Shell/Shell/DEBUG/Shell.dll.lto.obj:(.text$EfiShellGetDevicePathFromMap)
0000a248 00000000     0                 EfiShellGetDevicePathFromMap
0000a2c0 00000007     1         /home/arun/Desktop/darpa_ex1/darpa_demo_edk2/Build/OvmfX64/DEBUG_CLANGPDB/X64/ShellPkg/Application/Shell/Shell/DEBUG/Shell.dll.lto.obj:(.text$EfiShellGetEnv)
0000a2c0 00000000     0                 EfiShellGetEnv
0000a2c7 0000027c     1         /home/arun/Desktop/darpa_ex1/darpa_demo_edk2/Build/OvmfX64/DEBUG_CLANGPDB/X64/ShellPkg/Application/Shell/Shell/DEBUG/Shell.dll.lto.obj:(.text$EfiShellGetEnvEx)
0000a2c7 00000000     0                 EfiShellGetEnvEx
0000a543 00000251     1         /home/arun/Desktop/darpa_ex1/darpa_demo_edk2/Build/OvmfX64/DEBUG_CLANGPDB/X64/ShellPkg/Application/Shell/Shell/DEBUG/Shell.dll.lto.obj:(.text$EfiShellGetFilePathFromDevicePath)
0000a543 00000000     0                 EfiShellGetFilePathFromDevicePath
0000a794 00000048     1         /home/arun/Desktop/darpa_ex1/darpa_demo_edk2/Build/OvmfX64/DEBUG_CLANGPDB/X64/ShellPkg/Application/Shell/Shell/DEBUG/Shell.dll.lto.obj:(.text$EfiShellGetGuidFromName)
0000a794 00000000     0                 EfiShellGetGuidFromName
0000a7dc 0000005d     1         /home/arun/Desktop/darpa_ex1/darpa_demo_edk2/Build/OvmfX64/DEBUG_CLANGPDB/X64/ShellPkg/Application/Shell/Shell/DEBUG/Shell.dll.lto.obj:(.text$EfiShellGetGuidName)
0000a7dc 00000000     0                 EfiShellGetGuidName
0000a839 000001f3     1         /home/arun/Desktop/darpa_ex1/darpa_demo_edk2/Build/OvmfX64/DEBUG_CLANGPDB/X64/ShellPkg/Application/Shell/Shell/DEBUG/Shell.dll.lto.obj:(.text$EfiShellGetHelpText)
0000a839 00000000     0                 EfiShellGetHelpText
0000aa2c 00000135     1         /home/arun/Desktop/darpa_ex1/darpa_demo_edk2/Build/OvmfX64/DEBUG_CLANGPDB/X64/ShellPkg/Application/Shell/Shell/DEBUG/Shell.dll.lto.obj:(.text$EfiShellGetMapFromDevicePath)
0000aa2c 00000000     0                 EfiShellGetMapFromDevicePath
0000ab61 00000007     1         /home/arun/Desktop/darpa_ex1/darpa_demo_edk2/Build/OvmfX64/DEBUG_CLANGPDB/X64/ShellPkg/Application/Shell/Shell/DEBUG/Shell.dll.lto.obj:(.text$EfiShellGetPageBreak)
0000ab61 00000000     0                 EfiShellGetPageBreak
0000ab68 00000007     1         /home/arun/Desktop/darpa_ex1/darpa_demo_edk2/Build/OvmfX64/DEBUG_CLANGPDB/X64/ShellPkg/Application/Shell/Shell/DEBUG/Shell.dll.lto.obj:(.text$EfiShellIsRootShell)
0000ab68 00000000     0                 EfiShellIsRootShell
0000ab6f 0000018f     1         /home/arun/Desktop/darpa_ex1/darpa_demo_edk2/Build/OvmfX64/DEBUG_CLANGPDB/X64/ShellPkg/Application/Shell/Shell/DEBUG/Shell.dll.lto.obj:(.text$EfiShellOpenFileByName)
0000ab6f 00000000     0                 EfiShellOpenFileByName
0000acfe 000001a0     1         /home/arun/Desktop/darpa_ex1/darpa_demo_edk2/Build/OvmfX64/DEBUG_CLANGPDB/X64/ShellPkg/Application/Shell/Shell/DEBUG/Shell.dll.lto.obj:(.text$EfiShellOpenFileList)
0000acfe 00000000     0                 EfiShellOpenFileList
0000ae9e 00000060     1         /home/arun/Desktop/darpa_ex1/darpa_demo_edk2/Build/OvmfX64/DEBUG_CLANGPDB/X64/ShellPkg/Application/Shell/Shell/DEBUG/Shell.dll.lto.obj:(.text$EfiShellOpenRoot)
0000ae9e 00000000     0                 EfiShellOpenRoot
0000aefe 000000c1     1         /home/arun/Desktop/darpa_ex1/darpa_demo_edk2/Build/OvmfX64/DEBUG_CLANGPDB/X64/ShellPkg/Application/Shell/Shell/DEBUG/Shell.dll.lto.obj:(.text$EfiShellOpenRootByHandle)
0000aefe 00000000     0                 EfiShellOpenRootByHandle
0000afbf 000001d2     1         /home/arun/Desktop/darpa_ex1/darpa_demo_edk2/Build/OvmfX64/DEBUG_CLANGPDB/X64/ShellPkg/Application/Shell/Shell/DEBUG/Shell.dll.lto.obj:(.text$EfiShellRegisterGuidName)
0000afbf 00000000     0                 EfiShellRegisterGuidName
0000b191 000000dd     1         /home/arun/Desktop/darpa_ex1/darpa_demo_edk2/Build/OvmfX64/DEBUG_CLANGPDB/X64/ShellPkg/Application/Shell/Shell/DEBUG/Shell.dll.lto.obj:(.text$EfiShellRemoveDupInFileList)
0000b191 00000000     0                 EfiShellRemoveDupInFileList
0000b26e 0000008f     1         /home/arun/Desktop/darpa_ex1/darpa_demo_edk2/Build/OvmfX64/DEBUG_CLANGPDB/X64/ShellPkg/Application/Shell/Shell/DEBUG/Shell.dll.lto.obj:(.text$EfiShellSetAlias)
0000b26e 00000000     0                 EfiShellSetAlias
0000b2fd 000003f9     1         /home/arun/Desktop/darpa_ex1/darpa_demo_edk2/Build/OvmfX64/DEBUG_CLANGPDB/X64/ShellPkg/Application/Shell/Shell/DEBUG/Shell.dll.lto.obj:(.text$EfiShellSetCurDir)
0000b2fd 00000000     0                 EfiShellSetCurDir
0000b6f6 000000e7     1         /home/arun/Desktop/darpa_ex1/darpa_demo_edk2/Build/OvmfX64/DEBUG_CLANGPDB/X64/ShellPkg/Application/Shell/Shell/DEBUG/Shell.dll.lto.obj:(.text$EfiShellSetEnv)
0000b6f6 00000000     0                 EfiShellSetEnv
0000b7dd 000001a7     1         /home/arun/Desktop/darpa_ex1/darpa_demo_edk2/Build/OvmfX64/DEBUG_CLANGPDB/X64/ShellPkg/Application/Shell/Shell/DEBUG/Shell.dll.lto.obj:(.text$EfiShellSetMap)
0000b7dd 00000000     0                 EfiShellSetMap
0000b984 0000001e     1         /home/arun/Desktop/darpa_ex1/darpa_demo_edk2/Build/OvmfX64/DEBUG_CLANGPDB/X64/ShellPkg/Application/Shell/Shell/DEBUG/Shell.dll.lto.obj:(.text$EncodeC)
0000b984 00000000     0                 EncodeC
0000b9a2 000000c5     1         /home/arun/Desktop/darpa_ex1/darpa_demo_edk2/Build/OvmfX64/DEBUG_CLANGPDB/X64/ShellPkg/Application/Shell/Shell/DEBUG/Shell.dll.lto.obj:(.text$ExplainPcieCapReg)
0000b9a2 00000000     0                 ExplainPcieCapReg
0000ba67 00000251     1         /home/arun/Desktop/darpa_ex1/darpa_demo_edk2/Build/OvmfX64/DEBUG_CLANGPDB/X64/ShellPkg/Application/Shell/Shell/DEBUG/Shell.dll.lto.obj:(.text$ExplainPcieDeviceCap)
0000ba67 00000000     0                 ExplainPcieDeviceCap
0000bcb8 00000234     1         /home/arun/Desktop/darpa_ex1/darpa_demo_edk2/Build/OvmfX64/DEBUG_CLANGPDB/X64/ShellPkg/Application/Shell/Shell/DEBUG/Shell.dll.lto.obj:(.text$ExplainPcieDeviceControl)
0000bcb8 00000000     0                 ExplainPcieDeviceControl
0000beec 000000dd     1         /home/arun/Desktop/darpa_ex1/darpa_demo_edk2/Build/OvmfX64/DEBUG_CLANGPDB/X64/ShellPkg/Application/Shell/Shell/DEBUG/Shell.dll.lto.obj:(.text$ExplainPcieDeviceStatus)
0000beec 00000000     0                 ExplainPcieDeviceStatus
0000bfc9 0000018f     1         /home/arun/Desktop/darpa_ex1/darpa_demo_edk2/Build/OvmfX64/DEBUG_CLANGPDB/X64/ShellPkg/Application/Shell/Shell/DEBUG/Shell.dll.lto.obj:(.text$ExplainPcieLinkCap)
0000bfc9 00000000     0                 ExplainPcieLinkCap
0000c158 00000182     1         /home/arun/Desktop/darpa_ex1/darpa_demo_edk2/Build/OvmfX64/DEBUG_CLANGPDB/X64/ShellPkg/Application/Shell/Shell/DEBUG/Shell.dll.lto.obj:(.text$ExplainPcieLinkControl)
0000c158 00000000     0                 ExplainPcieLinkControl
0000c2da 00000118     1         /home/arun/Desktop/darpa_ex1/darpa_demo_edk2/Build/OvmfX64/DEBUG_CLANGPDB/X64/ShellPkg/Application/Shell/Shell/DEBUG/Shell.dll.lto.obj:(.text$ExplainPcieLinkStatus)
0000c2da 00000000     0                 ExplainPcieLinkStatus
0000c3f2 0000002a     1         /home/arun/Desktop/darpa_ex1/darpa_demo_edk2/Build/OvmfX64/DEBUG_CLANGPDB/X64/ShellPkg/Application/Shell/Shell/DEBUG/Shell.dll.lto.obj:(.text$ExplainPcieRootCap)
0000c3f2 00000000     0                 ExplainPcieRootCap
0000c41c 000000ba     1         /home/arun/Desktop/darpa_ex1/darpa_demo_edk2/Build/OvmfX64/DEBUG_CLANGPDB/X64/ShellPkg/Application/Shell/Shell/DEBUG/Shell.dll.lto.obj:(.text$ExplainPcieRootControl)
0000c41c 00000000     0                 ExplainPcieRootControl
0000c4d6 0000006f     1         /home/arun/Desktop/darpa_ex1/darpa_demo_edk2/Build/OvmfX64/DEBUG_CLANGPDB/X64/ShellPkg/Application/Shell/Shell/DEBUG/Shell.dll.lto.obj:(.text$ExplainPcieRootStatus)
0000c4d6 00000000     0                 ExplainPcieRootStatus
0000c545 000001a6     1         /home/arun/Desktop/darpa_ex1/darpa_demo_edk2/Build/OvmfX64/DEBUG_CLANGPDB/X64/ShellPkg/Application/Shell/Shell/DEBUG/Shell.dll.lto.obj:(.text$ExplainPcieSlotCap)
0000c545 00000000     0                 ExplainPcieSlotCap
0000c6eb 000001b5     1         /home/arun/Desktop/darpa_ex1/darpa_demo_edk2/Build/OvmfX64/DEBUG_CLANGPDB/X64/ShellPkg/Application/Shell/Shell/DEBUG/Shell.dll.lto.obj:(.text$ExplainPcieSlotControl)
0000c6eb 00000000     0                 ExplainPcieSlotControl
0000c8a0 00000194     1         /home/arun/Desktop/darpa_ex1/darpa_demo_edk2/Build/OvmfX64/DEBUG_CLANGPDB/X64/ShellPkg/Application/Shell/Shell/DEBUG/Shell.dll.lto.obj:(.text$ExplainPcieSlotStatus)
0000c8a0 00000000     0                 ExplainPcieSlotStatus
0000ca34 00000074     1         /home/arun/Desktop/darpa_ex1/darpa_demo_edk2/Build/OvmfX64/DEBUG_CLANGPDB/X64/ShellPkg/Application/Shell/Shell/DEBUG/Shell.dll.lto.obj:(.text$FileBasedSimpleTextInReadKeyStroke)
0000ca34 00000000     0                 FileBasedSimpleTextInReadKeyStroke
0000caa8 00000003     1         /home/arun/Desktop/darpa_ex1/darpa_demo_edk2/Build/OvmfX64/DEBUG_CLANGPDB/X64/ShellPkg/Application/Shell/Shell/DEBUG/Shell.dll.lto.obj:(.text$FileBasedSimpleTextInReset)
0000caa8 00000000     0                 FileBasedSimpleTextInReset
0000caab 00000003     1         /home/arun/Desktop/darpa_ex1/darpa_demo_edk2/Build/OvmfX64/DEBUG_CLANGPDB/X64/ShellPkg/Application/Shell/Shell/DEBUG/Shell.dll.lto.obj:(.text$FileBasedSimpleTextOutClearScreen)
0000caab 00000000     0                 FileBasedSimpleTextOutClearScreen
0000caae 00000003     1         /home/arun/Desktop/darpa_ex1/darpa_demo_edk2/Build/OvmfX64/DEBUG_CLANGPDB/X64/ShellPkg/Application/Shell/Shell/DEBUG/Shell.dll.lto.obj:(.text$FileBasedSimpleTextOutEnableCursor)
0000caae 00000000     0                 FileBasedSimpleTextOutEnableCursor
0000cab1 0000003b     1         /home/arun/Desktop/darpa_ex1/darpa_demo_edk2/Build/OvmfX64/DEBUG_CLANGPDB/X64/ShellPkg/Application/Shell/Shell/DEBUG/Shell.dll.lto.obj:(.text$FileBasedSimpleTextOutOutputString)
0000cab1 00000000     0                 FileBasedSimpleTextOutOutputString
0000caec 0000000b     1         /home/arun/Desktop/darpa_ex1/darpa_demo_edk2/Build/OvmfX64/DEBUG_CLANGPDB/X64/ShellPkg/Application/Shell/Shell/DEBUG/Shell.dll.lto.obj:(.text$FileBasedSimpleTextOutQueryMode)
0000caec 00000000     0                 FileBasedSimpleTextOutQueryMode
0000caf7 00000003     1         /home/arun/Desktop/darpa_ex1/darpa_demo_edk2/Build/OvmfX64/DEBUG_CLANGPDB/X64/ShellPkg/Application/Shell/Shell/DEBUG/Shell.dll.lto.obj:(.text$FileBasedSimpleTextOutReset)
0000caf7 00000000     0                 FileBasedSimpleTextOutReset
0000cafa 00000003     1         /home/arun/Desktop/darpa_ex1/darpa_demo_edk2/Build/OvmfX64/DEBUG_CLANGPDB/X64/ShellPkg/Application/Shell/Shell/DEBUG/Shell.dll.lto.obj:(.text$FileBasedSimpleTextOutSetAttribute)
0000cafa 00000000     0                 FileBasedSimpleTextOutSetAttribute
0000cafd 00000003     1         /home/arun/Desktop/darpa_ex1/darpa_demo_edk2/Build/OvmfX64/DEBUG_CLANGPDB/X64/ShellPkg/Application/Shell/Shell/DEBUG/Shell.dll.lto.obj:(.text$FileBasedSimpleTextOutSetCursorPosition)
0000cafd 00000000     0                 FileBasedSimpleTextOutSetCursorPosition
0000cb00 0000000b     1         /home/arun/Desktop/darpa_ex1/darpa_demo_edk2/Build/OvmfX64/DEBUG_CLANGPDB/X64/ShellPkg/Application/Shell/Shell/DEBUG/Shell.dll.lto.obj:(.text$FileBasedSimpleTextOutSetMode)
0000cb00 00000000     0                 FileBasedSimpleTextOutSetMode
0000cb0b 00000003     1         /home/arun/Desktop/darpa_ex1/darpa_demo_edk2/Build/OvmfX64/DEBUG_CLANGPDB/X64/ShellPkg/Application/Shell/Shell/DEBUG/Shell.dll.lto.obj:(.text$FileBasedSimpleTextOutTestString)
0000cb0b 00000000     0                 FileBasedSimpleTextOutTestString
0000cb0e 000000bb     1         /home/arun/Desktop/darpa_ex1/darpa_demo_edk2/Build/OvmfX64/DEBUG_CLANGPDB/X64/ShellPkg/Application/Shell/Shell/DEBUG/Shell.dll.lto.obj:(.text$FileBufferBackup)
0000cb0e 00000000     0                 FileBufferBackup
0000cbc9 000000c1     1         /home/arun/Desktop/darpa_ex1/darpa_demo_edk2/Build/OvmfX64/DEBUG_CLANGPDB/X64/ShellPkg/Application/Shell/Shell/DEBUG/Shell.dll.lto.obj:(.text$FileBufferCreateLine)
0000cbc9 00000000     0                 FileBufferCreateLine
0000cc8a 00000015     1         /home/arun/Desktop/darpa_ex1/darpa_demo_edk2/Build/OvmfX64/DEBUG_CLANGPDB/X64/ShellPkg/Application/Shell/Shell/DEBUG/Shell.dll.lto.obj:(.text$FileBufferFree)
0000cc8a 00000000     0                 FileBufferFree
0000cc9f 000000aa     1         /home/arun/Desktop/darpa_ex1/darpa_demo_edk2/Build/OvmfX64/DEBUG_CLANGPDB/X64/ShellPkg/Application/Shell/Shell/DEBUG/Shell.dll.lto.obj:(.text$FileBufferFreeLines)
0000cc9f 00000000     0                 FileBufferFreeLines
0000cd49 0000014b     1         /home/arun/Desktop/darpa_ex1/darpa_demo_edk2/Build/OvmfX64/DEBUG_CLANGPDB/X64/ShellPkg/Application/Shell/Shell/DEBUG/Shell.dll.lto.obj:(.text$FileBufferMovePosition)
0000cd49 00000000     0                 FileBufferMovePosition
0000ce94 00000113     1         /home/arun/Desktop/darpa_ex1/darpa_demo_edk2/Build/OvmfX64/DEBUG_CLANGPDB/X64/ShellPkg/Application/Shell/Shell/DEBUG/Shell.dll.lto.obj:(.text$FileBufferPrintLine)
0000ce94 00000000     0                 FileBufferPrintLine
0000cfa7 0000056d     1         /home/arun/Desktop/darpa_ex1/darpa_demo_edk2/Build/OvmfX64/DEBUG_CLANGPDB/X64/ShellPkg/Application/Shell/Shell/DEBUG/Shell.dll.lto.obj:(.text$FileBufferRead)
0000cfa7 00000000     0                 FileBufferRead
0000d514 00000078     1         /home/arun/Desktop/darpa_ex1/darpa_demo_edk2/Build/OvmfX64/DEBUG_CLANGPDB/X64/ShellPkg/Application/Shell/Shell/DEBUG/Shell.dll.lto.obj:(.text$FileBufferReadByte)
0000d514 00000000     0                 FileBufferReadByte
0000d58c 000001c2     1         /home/arun/Desktop/darpa_ex1/darpa_demo_edk2/Build/OvmfX64/DEBUG_CLANGPDB/X64/ShellPkg/Application/Shell/Shell/DEBUG/Shell.dll.lto.obj:(.text$FileBufferRefresh)
0000d58c 00000000     0                 FileBufferRefresh
0000d74e 00000228     1         /home/arun/Desktop/darpa_ex1/darpa_demo_edk2/Build/OvmfX64/DEBUG_CLANGPDB/X64/ShellPkg/Application/Shell/Shell/DEBUG/Shell.dll.lto.obj:(.text$FileBufferRestoreMousePosition)
0000d74e 00000000     0                 FileBufferRestoreMousePosition
0000d976 00000026     1         /home/arun/Desktop/darpa_ex1/darpa_demo_edk2/Build/OvmfX64/DEBUG_CLANGPDB/X64/ShellPkg/Application/Shell/Shell/DEBUG/Shell.dll.lto.obj:(.text$FileBufferRestorePosition)
0000d976 00000000     0                 FileBufferRestorePosition
0000d99c 00000494     4         /home/arun/Desktop/darpa_ex1/darpa_demo_edk2/Build/OvmfX64/DEBUG_CLANGPDB/X64/ShellPkg/Application/Shell/Shell/DEBUG/Shell.dll.lto.obj:(.text$FileBufferSave)
0000d99c 00000000     0                 FileBufferSave
0000de30 0000007e     1         /home/arun/Desktop/darpa_ex1/darpa_demo_edk2/Build/OvmfX64/DEBUG_CLANGPDB/X64/ShellPkg/Application/Shell/Shell/DEBUG/Shell.dll.lto.obj:(.text$FileBufferScrollLeft)
0000de30 00000000     0                 FileBufferScrollLeft
0000deae 00000045     1         /home/arun/Desktop/darpa_ex1/darpa_demo_edk2/Build/OvmfX64/DEBUG_CLANGPDB/X64/ShellPkg/Application/Shell/Shell/DEBUG/Shell.dll.lto.obj:(.text$FileBufferScrollRight)
0000deae 00000000     0                 FileBufferScrollRight
0000def3 00000116     1         /home/arun/Desktop/darpa_ex1/darpa_demo_edk2/Build/OvmfX64/DEBUG_CLANGPDB/X64/ShellPkg/Application/Shell/Shell/DEBUG/Shell.dll.lto.obj:(.text$FileBufferSearch)
0000def3 00000000     0                 FileBufferSearch
0000e009 00000048     1         /home/arun/Desktop/darpa_ex1/darpa_demo_edk2/Build/OvmfX64/DEBUG_CLANGPDB/X64/ShellPkg/Application/Shell/Shell/DEBUG/Shell.dll.lto.obj:(.text$FileBufferSetFileName)
0000e009 00000000     0                 FileBufferSetFileName
0000e051 0000001f     1         /home/arun/Desktop/darpa_ex1/darpa_demo_edk2/Build/OvmfX64/DEBUG_CLANGPDB/X64/ShellPkg/Application/Shell/Shell/DEBUG/Shell.dll.lto.obj:(.text$FileBufferUninit)
0000e051 00000000     0                 FileBufferUninit
0000e070 000000b7     1         /home/arun/Desktop/darpa_ex1/darpa_demo_edk2/Build/OvmfX64/DEBUG_CLANGPDB/X64/ShellPkg/Application/Shell/Shell/DEBUG/Shell.dll.lto.obj:(.text$FileDevicePath)
0000e070 00000000     0                 FileDevicePath
0000e127 00000014     1         /home/arun/Desktop/darpa_ex1/darpa_demo_edk2/Build/OvmfX64/DEBUG_CLANGPDB/X64/ShellPkg/Application/Shell/Shell/DEBUG/Shell.dll.lto.obj:(.text$FileHandleClose)
0000e127 00000000     0                 FileHandleClose
0000e13b 00000014     1         /home/arun/Desktop/darpa_ex1/darpa_demo_edk2/Build/OvmfX64/DEBUG_CLANGPDB/X64/ShellPkg/Application/Shell/Shell/DEBUG/Shell.dll.lto.obj:(.text$FileHandleDelete)
0000e13b 00000000     0                 FileHandleDelete
0000e14f 000000e6     1         /home/arun/Desktop/darpa_ex1/darpa_demo_edk2/Build/OvmfX64/DEBUG_CLANGPDB/X64/ShellPkg/Application/Shell/Shell/DEBUG/Shell.dll.lto.obj:(.text$FileHandleFindFirstFile)
0000e14f 00000000     0                 FileHandleFindFirstFile
0000e235 00000080     1         /home/arun/Desktop/darpa_ex1/darpa_demo_edk2/Build/OvmfX64/DEBUG_CLANGPDB/X64/ShellPkg/Application/Shell/Shell/DEBUG/Shell.dll.lto.obj:(.text$FileHandleFindNextFile)
0000e235 00000000     0                 FileHandleFindNextFile
0000e2b5 00000014     1         /home/arun/Desktop/darpa_ex1/darpa_demo_edk2/Build/OvmfX64/DEBUG_CLANGPDB/X64/ShellPkg/Application/Shell/Shell/DEBUG/Shell.dll.lto.obj:(.text$FileHandleFlush)
0000e2b5 00000000     0                 FileHandleFlush
0000e2c9 00000075     1         /home/arun/Desktop/darpa_ex1/darpa_demo_edk2/Build/OvmfX64/DEBUG_CLANGPDB/X64/ShellPkg/Application/Shell/Shell/DEBUG/Shell.dll.lto.obj:(.text$FileHandleGetInfo)
0000e2c9 00000000     0                 FileHandleGetInfo
0000e33e 0000001c     1         /home/arun/Desktop/darpa_ex1/darpa_demo_edk2/Build/OvmfX64/DEBUG_CLANGPDB/X64/ShellPkg/Application/Shell/Shell/DEBUG/Shell.dll.lto.obj:(.text$FileHandleGetPosition)
0000e33e 00000000     0                 FileHandleGetPosition
0000e35a 00000048     1         /home/arun/Desktop/darpa_ex1/darpa_demo_edk2/Build/OvmfX64/DEBUG_CLANGPDB/X64/ShellPkg/Application/Shell/Shell/DEBUG/Shell.dll.lto.obj:(.text$FileHandleGetSize)
0000e35a 00000000     0                 FileHandleGetSize
0000e3a2 0000003d     1         /home/arun/Desktop/darpa_ex1/darpa_demo_edk2/Build/OvmfX64/DEBUG_CLANGPDB/X64/ShellPkg/Application/Shell/Shell/DEBUG/Shell.dll.lto.obj:(.text$FileHandleIsDirectory)
0000e3a2 00000000     0                 FileHandleIsDirectory
0000e3df 00000017     1         /home/arun/Desktop/darpa_ex1/darpa_demo_edk2/Build/OvmfX64/DEBUG_CLANGPDB/X64/ShellPkg/Application/Shell/Shell/DEBUG/Shell.dll.lto.obj:(.text$FileHandleRead)
0000e3df 00000000     0                 FileHandleRead
0000e3f6 00000029     1         /home/arun/Desktop/darpa_ex1/darpa_demo_edk2/Build/OvmfX64/DEBUG_CLANGPDB/X64/ShellPkg/Application/Shell/Shell/DEBUG/Shell.dll.lto.obj:(.text$FileHandleSetInfo)
0000e3f6 00000000     0                 FileHandleSetInfo
0000e41f 00000017     1         /home/arun/Desktop/darpa_ex1/darpa_demo_edk2/Build/OvmfX64/DEBUG_CLANGPDB/X64/ShellPkg/Application/Shell/Shell/DEBUG/Shell.dll.lto.obj:(.text$FileHandleSetPosition)
0000e41f 00000000     0                 FileHandleSetPosition
0000e436 00000017     1         /home/arun/Desktop/darpa_ex1/darpa_demo_edk2/Build/OvmfX64/DEBUG_CLANGPDB/X64/ShellPkg/Application/Shell/Shell/DEBUG/Shell.dll.lto.obj:(.text$FileHandleWrite)
0000e436 00000000     0                 FileHandleWrite
0000e44d 0000017f     1         /home/arun/Desktop/darpa_ex1/darpa_demo_edk2/Build/OvmfX64/DEBUG_CLANGPDB/X64/ShellPkg/Application/Shell/Shell/DEBUG/Shell.dll.lto.obj:(.text$FileInterfaceEnvClose)
0000e44d 00000000     0                 FileInterfaceEnvClose
0000e5cc 00000036     1         /home/arun/Desktop/darpa_ex1/darpa_demo_edk2/Build/OvmfX64/DEBUG_CLANGPDB/X64/ShellPkg/Application/Shell/Shell/DEBUG/Shell.dll.lto.obj:(.text$FileInterfaceEnvDelete)
0000e5cc 00000000     0                 FileInterfaceEnvDelete
0000e602 0000014e     1         /home/arun/Desktop/darpa_ex1/darpa_demo_edk2/Build/OvmfX64/DEBUG_CLANGPDB/X64/ShellPkg/Application/Shell/Shell/DEBUG/Shell.dll.lto.obj:(.text$FileInterfaceEnvNonVolWrite)
0000e602 00000000     0                 FileInterfaceEnvNonVolWrite
0000e750 0000005a     1         /home/arun/Desktop/darpa_ex1/darpa_demo_edk2/Build/OvmfX64/DEBUG_CLANGPDB/X64/ShellPkg/Application/Shell/Shell/DEBUG/Shell.dll.lto.obj:(.text$FileInterfaceEnvRead)
0000e750 00000000     0                 FileInterfaceEnvRead
0000e7aa 0000014e     1         /home/arun/Desktop/darpa_ex1/darpa_demo_edk2/Build/OvmfX64/DEBUG_CLANGPDB/X64/ShellPkg/Application/Shell/Shell/DEBUG/Shell.dll.lto.obj:(.text$FileInterfaceEnvVolWrite)
0000e7aa 00000000     0                 FileInterfaceEnvVolWrite
0000e8f8 00000025     1         /home/arun/Desktop/darpa_ex1/darpa_demo_edk2/Build/OvmfX64/DEBUG_CLANGPDB/X64/ShellPkg/Application/Shell/Shell/DEBUG/Shell.dll.lto.obj:(.text$FileInterfaceFileClose)
0000e8f8 00000000     0                 FileInterfaceFileClose
0000e91d 00000025     1         /home/arun/Desktop/darpa_ex1/darpa_demo_edk2/Build/OvmfX64/DEBUG_CLANGPDB/X64/ShellPkg/Application/Shell/Shell/DEBUG/Shell.dll.lto.obj:(.text$FileInterfaceFileDelete)
0000e91d 00000000     0                 FileInterfaceFileDelete
0000e942 00000008     1         /home/arun/Desktop/darpa_ex1/darpa_demo_edk2/Build/OvmfX64/DEBUG_CLANGPDB/X64/ShellPkg/Application/Shell/Shell/DEBUG/Shell.dll.lto.obj:(.text$FileInterfaceFileFlush)
0000e942 00000000     0                 FileInterfaceFileFlush
0000e94a 0000000b     1         /home/arun/Desktop/darpa_ex1/darpa_demo_edk2/Build/OvmfX64/DEBUG_CLANGPDB/X64/ShellPkg/Application/Shell/Shell/DEBUG/Shell.dll.lto.obj:(.text$FileInterfaceFileGetInfo)
0000e94a 00000000     0                 FileInterfaceFileGetInfo
0000e955 0000000b     1         /home/arun/Desktop/darpa_ex1/darpa_demo_edk2/Build/OvmfX64/DEBUG_CLANGPDB/X64/ShellPkg/Application/Shell/Shell/DEBUG/Shell.dll.lto.obj:(.text$FileInterfaceFileGetPosition)
0000e955 00000000     0                 FileInterfaceFileGetPosition
0000e960 0000000b     1         /home/arun/Desktop/darpa_ex1/darpa_demo_edk2/Build/OvmfX64/DEBUG_CLANGPDB/X64/ShellPkg/Application/Shell/Shell/DEBUG/Shell.dll.lto.obj:(.text$FileInterfaceFileOpen)
0000e960 00000000     0                 FileInterfaceFileOpen
0000e96b 0000029b     1         /home/arun/Desktop/darpa_ex1/darpa_demo_edk2/Build/OvmfX64/DEBUG_CLANGPDB/X64/ShellPkg/Application/Shell/Shell/DEBUG/Shell.dll.lto.obj:(.text$FileInterfaceFileRead)
0000e96b 00000000     0                 FileInterfaceFileRead
0000ec06 0000000b     1         /home/arun/Desktop/darpa_ex1/darpa_demo_edk2/Build/OvmfX64/DEBUG_CLANGPDB/X64/ShellPkg/Application/Shell/Shell/DEBUG/Shell.dll.lto.obj:(.text$FileInterfaceFileSetInfo)
0000ec06 00000000     0                 FileInterfaceFileSetInfo
0000ec11 0000000b     1         /home/arun/Desktop/darpa_ex1/darpa_demo_edk2/Build/OvmfX64/DEBUG_CLANGPDB/X64/ShellPkg/Application/Shell/Shell/DEBUG/Shell.dll.lto.obj:(.text$FileInterfaceFileSetPosition)
0000ec11 00000000     0                 FileInterfaceFileSetPosition
0000ec1c 00000087     1         /home/arun/Desktop/darpa_ex1/darpa_demo_edk2/Build/OvmfX64/DEBUG_CLANGPDB/X64/ShellPkg/Application/Shell/Shell/DEBUG/Shell.dll.lto.obj:(.text$FileInterfaceFileWrite)
0000ec1c 00000000     0                 FileInterfaceFileWrite
0000eca3 0000002b     1         /home/arun/Desktop/darpa_ex1/darpa_demo_edk2/Build/OvmfX64/DEBUG_CLANGPDB/X64/ShellPkg/Application/Shell/Shell/DEBUG/Shell.dll.lto.obj:(.text$FileInterfaceMemClose)
0000eca3 00000000     0                 FileInterfaceMemClose
0000ecce 0000007f     1         /home/arun/Desktop/darpa_ex1/darpa_demo_edk2/Build/OvmfX64/DEBUG_CLANGPDB/X64/ShellPkg/Application/Shell/Shell/DEBUG/Shell.dll.lto.obj:(.text$FileInterfaceMemGetInfo)
0000ecce 00000000     0                 FileInterfaceMemGetInfo
0000ed4d 0000000a     1         /home/arun/Desktop/darpa_ex1/darpa_demo_edk2/Build/OvmfX64/DEBUG_CLANGPDB/X64/ShellPkg/Application/Shell/Shell/DEBUG/Shell.dll.lto.obj:(.text$FileInterfaceMemGetPosition)
0000ed4d 00000000     0                 FileInterfaceMemGetPosition
0000ed57 00000048     1         /home/arun/Desktop/darpa_ex1/darpa_demo_edk2/Build/OvmfX64/DEBUG_CLANGPDB/X64/ShellPkg/Application/Shell/Shell/DEBUG/Shell.dll.lto.obj:(.text$FileInterfaceMemRead)
0000ed57 00000000     0                 FileInterfaceMemRead
0000ed9f 00000018     1         /home/arun/Desktop/darpa_ex1/darpa_demo_edk2/Build/OvmfX64/DEBUG_CLANGPDB/X64/ShellPkg/Application/Shell/Shell/DEBUG/Shell.dll.lto.obj:(.text$FileInterfaceMemSetPosition)
0000ed9f 00000000     0                 FileInterfaceMemSetPosition
0000edb7 00000186     1         /home/arun/Desktop/darpa_ex1/darpa_demo_edk2/Build/OvmfX64/DEBUG_CLANGPDB/X64/ShellPkg/Application/Shell/Shell/DEBUG/Shell.dll.lto.obj:(.text$FileInterfaceMemWrite)
0000edb7 00000000     0                 FileInterfaceMemWrite
0000ef3d 00000003     1         /home/arun/Desktop/darpa_ex1/darpa_demo_edk2/Build/OvmfX64/DEBUG_CLANGPDB/X64/ShellPkg/Application/Shell/Shell/DEBUG/Shell.dll.lto.obj:(.text$FileInterfaceNopGeneric)
0000ef3d 00000000     0                 FileInterfaceNopGeneric
0000ef40 0000000b     1         /home/arun/Desktop/darpa_ex1/darpa_demo_edk2/Build/OvmfX64/DEBUG_CLANGPDB/X64/ShellPkg/Application/Shell/Shell/DEBUG/Shell.dll.lto.obj:(.text$FileInterfaceNopGetInfo)
0000ef40 00000000     0                 FileInterfaceNopGetInfo
0000ef4b 0000000b     1         /home/arun/Desktop/darpa_ex1/darpa_demo_edk2/Build/OvmfX64/DEBUG_CLANGPDB/X64/ShellPkg/Application/Shell/Shell/DEBUG/Shell.dll.lto.obj:(.text$FileInterfaceNopGetPosition)
0000ef4b 00000000     0                 FileInterfaceNopGetPosition
0000ef56 0000000b     1         /home/arun/Desktop/darpa_ex1/darpa_demo_edk2/Build/OvmfX64/DEBUG_CLANGPDB/X64/ShellPkg/Application/Shell/Shell/DEBUG/Shell.dll.lto.obj:(.text$FileInterfaceNopSetInfo)
0000ef56 00000000     0                 FileInterfaceNopSetInfo
0000ef61 0000000b     1         /home/arun/Desktop/darpa_ex1/darpa_demo_edk2/Build/OvmfX64/DEBUG_CLANGPDB/X64/ShellPkg/Application/Shell/Shell/DEBUG/Shell.dll.lto.obj:(.text$FileInterfaceNopSetPosition)
0000ef61 00000000     0                 FileInterfaceNopSetPosition
0000ef6c 00000007     1         /home/arun/Desktop/darpa_ex1/darpa_demo_edk2/Build/OvmfX64/DEBUG_CLANGPDB/X64/ShellPkg/Application/Shell/Shell/DEBUG/Shell.dll.lto.obj:(.text$FileInterfaceNulRead)
0000ef6c 00000000     0                 FileInterfaceNulRead
0000ef73 00000003     1         /home/arun/Desktop/darpa_ex1/darpa_demo_edk2/Build/OvmfX64/DEBUG_CLANGPDB/X64/ShellPkg/Application/Shell/Shell/DEBUG/Shell.dll.lto.obj:(.text$FileInterfaceNulWrite)
0000ef73 00000000     0                 FileInterfaceNulWrite
0000ef76 0000000b     1         /home/arun/Desktop/darpa_ex1/darpa_demo_edk2/Build/OvmfX64/DEBUG_CLANGPDB/X64/ShellPkg/Application/Shell/Shell/DEBUG/Shell.dll.lto.obj:(.text$FileInterfaceOpenNotFound)
0000ef76 00000000     0                 FileInterfaceOpenNotFound
0000ef81 0000000b     1         /home/arun/Desktop/darpa_ex1/darpa_demo_edk2/Build/OvmfX64/DEBUG_CLANGPDB/X64/ShellPkg/Application/Shell/Shell/DEBUG/Shell.dll.lto.obj:(.text$FileInterfaceStdErrRead)
0000ef81 00000000     0                 FileInterfaceStdErrRead
0000ef8c 00000015     1         /home/arun/Desktop/darpa_ex1/darpa_demo_edk2/Build/OvmfX64/DEBUG_CLANGPDB/X64/ShellPkg/Application/Shell/Shell/DEBUG/Shell.dll.lto.obj:(.text$FileInterfaceStdErrWrite)
0000ef8c 00000000     0                 FileInterfaceStdErrWrite
0000efa4 00000f38     4         /home/arun/Desktop/darpa_ex1/darpa_demo_edk2/Build/OvmfX64/DEBUG_CLANGPDB/X64/ShellPkg/Application/Shell/Shell/DEBUG/Shell.dll.lto.obj:(.text$FileInterfaceStdInRead)
0000efa4 00000000     0                 FileInterfaceStdInRead
0000fedc 0000000b     1         /home/arun/Desktop/darpa_ex1/darpa_demo_edk2/Build/OvmfX64/DEBUG_CLANGPDB/X64/ShellPkg/Application/Shell/Shell/DEBUG/Shell.dll.lto.obj:(.text$FileInterfaceStdInWrite)
0000fedc 00000000     0                 FileInterfaceStdInWrite
0000fee7 0000000b     1         /home/arun/Desktop/darpa_ex1/darpa_demo_edk2/Build/OvmfX64/DEBUG_CLANGPDB/X64/ShellPkg/Application/Shell/Shell/DEBUG/Shell.dll.lto.obj:(.text$FileInterfaceStdOutRead)
0000fee7 00000000     0                 FileInterfaceStdOutRead
0000fef2 00000034     1         /home/arun/Desktop/darpa_ex1/darpa_demo_edk2/Build/OvmfX64/DEBUG_CLANGPDB/X64/ShellPkg/Application/Shell/Shell/DEBUG/Shell.dll.lto.obj:(.text$FileInterfaceStdOutWrite)
0000fef2 00000000     0                 FileInterfaceStdOutWrite
0000ff26 00000193     1         /home/arun/Desktop/darpa_ex1/darpa_demo_edk2/Build/OvmfX64/DEBUG_CLANGPDB/X64/ShellPkg/Application/Shell/Shell/DEBUG/Shell.dll.lto.obj:(.text$FileTimeToLocalTime)
0000ff26 00000000     0                 FileTimeToLocalTime
000100b9 00000072     1         /home/arun/Desktop/darpa_ex1/darpa_demo_edk2/Build/OvmfX64/DEBUG_CLANGPDB/X64/ShellPkg/Application/Shell/Shell/DEBUG/Shell.dll.lto.obj:(.text$FindFirstCharacter)
000100b9 00000000     0                 FindFirstCharacter
0001012b 00000269     1         /home/arun/Desktop/darpa_ex1/darpa_demo_edk2/Build/OvmfX64/DEBUG_CLANGPDB/X64/ShellPkg/Application/Shell/Shell/DEBUG/Shell.dll.lto.obj:(.text$FindHiiHandleViaDevPath)
0001012b 00000000     0                 FindHiiHandleViaDevPath
00010394 0000003a     1         /home/arun/Desktop/darpa_ex1/darpa_demo_edk2/Build/OvmfX64/DEBUG_CLANGPDB/X64/ShellPkg/Application/Shell/Shell/DEBUG/Shell.dll.lto.obj:(.text$FindNextInstance)
00010394 00000000     0                 FindNextInstance
000103ce 00000958     1         /home/arun/Desktop/darpa_ex1/darpa_demo_edk2/Build/OvmfX64/DEBUG_CLANGPDB/X64/ShellPkg/Application/Shell/Shell/DEBUG/Shell.dll.lto.obj:(.text$FirmwareManagementDumpInformation)
000103ce 00000000     0                 FirmwareManagementDumpInformation
00010d26 0000005f     1         /home/arun/Desktop/darpa_ex1/darpa_demo_edk2/Build/OvmfX64/DEBUG_CLANGPDB/X64/ShellPkg/Application/Shell/Shell/DEBUG/Shell.dll.lto.obj:(.text$FixFileName)
00010d26 00000000     0                 FixFileName
00010d85 00000037     1         /home/arun/Desktop/darpa_ex1/darpa_demo_edk2/Build/OvmfX64/DEBUG_CLANGPDB/X64/ShellPkg/Application/Shell/Shell/DEBUG/Shell.dll.lto.obj:(.text$FixVarName)
00010d85 00000000     0                 FixVarName
00010dbc 00000077     1         /home/arun/Desktop/darpa_ex1/darpa_demo_edk2/Build/OvmfX64/DEBUG_CLANGPDB/X64/ShellPkg/Application/Shell/Shell/DEBUG/Shell.dll.lto.obj:(.text$FreadCrc)
00010dbc 00000000     0                 FreadCrc
00010e33 0000001b     1         /home/arun/Desktop/darpa_ex1/darpa_demo_edk2/Build/OvmfX64/DEBUG_CLANGPDB/X64/ShellPkg/Application/Shell/Shell/DEBUG/Shell.dll.lto.obj:(.text$FreeArgList)
00010e33 00000000     0                 FreeArgList
00010e4e 0000004c     1         /home/arun/Desktop/darpa_ex1/darpa_demo_edk2/Build/OvmfX64/DEBUG_CLANGPDB/X64/ShellPkg/Application/Shell/Shell/DEBUG/Shell.dll.lto.obj:(.text$FreeBufferList)
00010e4e 00000000     0                 FreeBufferList
00010e9a 000000a4     1         /home/arun/Desktop/darpa_ex1/darpa_demo_edk2/Build/OvmfX64/DEBUG_CLANGPDB/X64/ShellPkg/Application/Shell/Shell/DEBUG/Shell.dll.lto.obj:(.text$FreeEnvironmentVariableList)
00010e9a 00000000     0                 FreeEnvironmentVariableList
00010f3e 00000048     1         /home/arun/Desktop/darpa_ex1/darpa_demo_edk2/Build/OvmfX64/DEBUG_CLANGPDB/X64/ShellPkg/Application/Shell/Shell/DEBUG/Shell.dll.lto.obj:(.text$FreePool)
00010f3e 00000000     0                 FreePool
00010f86 00000167     1         /home/arun/Desktop/darpa_ex1/darpa_demo_edk2/Build/OvmfX64/DEBUG_CLANGPDB/X64/ShellPkg/Application/Shell/Shell/DEBUG/Shell.dll.lto.obj:(.text$FullyQualifyPath)
00010f86 00000000     0                 FullyQualifyPath
000110ed 000000d8     1         /home/arun/Desktop/darpa_ex1/darpa_demo_edk2/Build/OvmfX64/DEBUG_CLANGPDB/X64/ShellPkg/Application/Shell/Shell/DEBUG/Shell.dll.lto.obj:(.text$GetAllMappingGuids)
000110ed 00000000     0                 GetAllMappingGuids
000111c5 00000127     1         /home/arun/Desktop/darpa_ex1/darpa_demo_edk2/Build/OvmfX64/DEBUG_CLANGPDB/X64/ShellPkg/Application/Shell/Shell/DEBUG/Shell.dll.lto.obj:(.text$GetAttrType)
000111c5 00000000     0                 GetAttrType
000112ec 00000147     1         /home/arun/Desktop/darpa_ex1/darpa_demo_edk2/Build/OvmfX64/DEBUG_CLANGPDB/X64/ShellPkg/Application/Shell/Shell/DEBUG/Shell.dll.lto.obj:(.text$GetBestLanguage)
000112ec 00000000     0                 GetBestLanguage
00011433 00000076     1         /home/arun/Desktop/darpa_ex1/darpa_demo_edk2/Build/OvmfX64/DEBUG_CLANGPDB/X64/ShellPkg/Application/Shell/Shell/DEBUG/Shell.dll.lto.obj:(.text$GetBestLanguageForDriver)
00011433 00000000     0                 GetBestLanguageForDriver
000114a9 000000f6     1         /home/arun/Desktop/darpa_ex1/darpa_demo_edk2/Build/OvmfX64/DEBUG_CLANGPDB/X64/ShellPkg/Application/Shell/Shell/DEBUG/Shell.dll.lto.obj:(.text$GetDevicePathForDriverHandle)
000114a9 00000000     0                 GetDevicePathForDriverHandle
0001159f 0000006d     1         /home/arun/Desktop/darpa_ex1/darpa_demo_edk2/Build/OvmfX64/DEBUG_CLANGPDB/X64/ShellPkg/Application/Shell/Shell/DEBUG/Shell.dll.lto.obj:(.text$GetDriverImageName)
0001159f 00000000     0                 GetDriverImageName
0001160c 000000de     1         /home/arun/Desktop/darpa_ex1/darpa_demo_edk2/Build/OvmfX64/DEBUG_CLANGPDB/X64/ShellPkg/Application/Shell/Shell/DEBUG/Shell.dll.lto.obj:(.text$GetDriverName)
0001160c 00000000     0                 GetDriverName
000116ea 00000012     1         /home/arun/Desktop/darpa_ex1/darpa_demo_edk2/Build/OvmfX64/DEBUG_CLANGPDB/X64/ShellPkg/Application/Shell/Shell/DEBUG/Shell.dll.lto.obj:(.text$GetEfiGlobalVariable2)
000116ea 00000000     0                 GetEfiGlobalVariable2
000116fc 000002bd     1         /home/arun/Desktop/darpa_ex1/darpa_demo_edk2/Build/OvmfX64/DEBUG_CLANGPDB/X64/ShellPkg/Application/Shell/Shell/DEBUG/Shell.dll.lto.obj:(.text$GetEnvironmentVariableList)
000116fc 00000000     0                 GetEnvironmentVariableList
000119b9 00000016     1         /home/arun/Desktop/darpa_ex1/darpa_demo_edk2/Build/OvmfX64/DEBUG_CLANGPDB/X64/ShellPkg/Application/Shell/Shell/DEBUG/Shell.dll.lto.obj:(.text$GetFirstNode)
000119b9 00000000     0                 GetFirstNode
000119cf 000000cf     1         /home/arun/Desktop/darpa_ex1/darpa_demo_edk2/Build/OvmfX64/DEBUG_CLANGPDB/X64/ShellPkg/Application/Shell/Shell/DEBUG/Shell.dll.lto.obj:(.text$GetFullyQualifiedPath)
000119cf 00000000     0                 GetFullyQualifiedPath
00011a9e 00000200     1         /home/arun/Desktop/darpa_ex1/darpa_demo_edk2/Build/OvmfX64/DEBUG_CLANGPDB/X64/ShellPkg/Application/Shell/Shell/DEBUG/Shell.dll.lto.obj:(.text$GetGuidFromStringName)
00011a9e 00000000     0                 GetGuidFromStringName
00011c9e 00000118     1         /home/arun/Desktop/darpa_ex1/darpa_demo_edk2/Build/OvmfX64/DEBUG_CLANGPDB/X64/ShellPkg/Application/Shell/Shell/DEBUG/Shell.dll.lto.obj:(.text$GetHIDevicePath)
00011c9e 00000000     0                 GetHIDevicePath
00011db6 00000109     1         /home/arun/Desktop/darpa_ex1/darpa_demo_edk2/Build/OvmfX64/DEBUG_CLANGPDB/X64/ShellPkg/Application/Shell/Shell/DEBUG/Shell.dll.lto.obj:(.text$GetHandleListByProtocol)
00011db6 00000000     0                 GetHandleListByProtocol
00011ebf 00000181     1         /home/arun/Desktop/darpa_ex1/darpa_demo_edk2/Build/OvmfX64/DEBUG_CLANGPDB/X64/ShellPkg/Application/Shell/Shell/DEBUG/Shell.dll.lto.obj:(.text$GetHandleListByProtocolList)
00011ebf 00000000     0                 GetHandleListByProtocolList
00012040 00000248     1         /home/arun/Desktop/darpa_ex1/darpa_demo_edk2/Build/OvmfX64/DEBUG_CLANGPDB/X64/ShellPkg/Application/Shell/Shell/DEBUG/Shell.dll.lto.obj:(.text$GetNextMatch)
00012040 00000000     0                 GetNextMatch
00012288 00000016     1         /home/arun/Desktop/darpa_ex1/darpa_demo_edk2/Build/OvmfX64/DEBUG_CLANGPDB/X64/ShellPkg/Application/Shell/Shell/DEBUG/Shell.dll.lto.obj:(.text$GetNextNode)
00012288 00000000     0                 GetNextNode
0001229e 0000017b     1         /home/arun/Desktop/darpa_ex1/darpa_demo_edk2/Build/OvmfX64/DEBUG_CLANGPDB/X64/ShellPkg/Application/Shell/Shell/DEBUG/Shell.dll.lto.obj:(.text$GetNextParameter)
0001229e 00000000     0                 GetNextParameter
00012419 000000e9     1         /home/arun/Desktop/darpa_ex1/darpa_demo_edk2/Build/OvmfX64/DEBUG_CLANGPDB/X64/ShellPkg/Application/Shell/Shell/DEBUG/Shell.dll.lto.obj:(.text$GetOperationType)
00012419 00000000     0                 GetOperationType
00012502 00000017     1         /home/arun/Desktop/darpa_ex1/darpa_demo_edk2/Build/OvmfX64/DEBUG_CLANGPDB/X64/ShellPkg/Application/Shell/Shell/DEBUG/Shell.dll.lto.obj:(.text$GetPreviousNode)
00012502 00000000     0                 GetPreviousNode
00012519 000002d6     1         /home/arun/Desktop/darpa_ex1/darpa_demo_edk2/Build/OvmfX64/DEBUG_CLANGPDB/X64/ShellPkg/Application/Shell/Shell/DEBUG/Shell.dll.lto.obj:(.text$GetProtocolInfoString)
00012519 00000000     0                 GetProtocolInfoString
000127ef 0000007e     1         /home/arun/Desktop/darpa_ex1/darpa_demo_edk2/Build/OvmfX64/DEBUG_CLANGPDB/X64/ShellPkg/Application/Shell/Shell/DEBUG/Shell.dll.lto.obj:(.text$GetProtocolInformationDump)
000127ef 00000000     0                 GetProtocolInformationDump
0001286d 0000003f     1         /home/arun/Desktop/darpa_ex1/darpa_demo_edk2/Build/OvmfX64/DEBUG_CLANGPDB/X64/ShellPkg/Application/Shell/Shell/DEBUG/Shell.dll.lto.obj:(.text$GetStringNameFromGuid)
0001286d 00000000     0                 GetStringNameFromGuid
000128ac 000000fb     1         /home/arun/Desktop/darpa_ex1/darpa_demo_edk2/Build/OvmfX64/DEBUG_CLANGPDB/X64/ShellPkg/Application/Shell/Shell/DEBUG/Shell.dll.lto.obj:(.text$GetStringNameFromHandle)
000128ac 00000000     0                 GetStringNameFromHandle
[...]
000d7f80 000007f6    16         /home/arun/Desktop/darpa_ex1/darpa_demo_edk2/Build/OvmfX64/DEBUG_CLANGPDB/X64/ShellPkg/Application/Shell/Shell/DEBUG/Shell.dll.lto.obj:(.bss$mCFreq)
000d7f80 00000000     0                 mCFreq
000d8780 000001fe    16         /home/arun/Desktop/darpa_ex1/darpa_demo_edk2/Build/OvmfX64/DEBUG_CLANGPDB/X64/ShellPkg/Application/Shell/Shell/DEBUG/Shell.dll.lto.obj:(.bss$mCLen)
000d8780 00000000     0                 mCLen
000d8980 00000008     8         /home/arun/Desktop/darpa_ex1/darpa_demo_edk2/Build/OvmfX64/DEBUG_CLANGPDB/X64/ShellPkg/Application/Shell/Shell/DEBUG/Shell.dll.lto.obj:(.bss$mChildCount)
000d8980 00000000     0                 mChildCount
000d8988 00000040     8         /home/arun/Desktop/darpa_ex1/darpa_demo_edk2/Build/OvmfX64/DEBUG_CLANGPDB/X64/ShellPkg/Application/Shell/Shell/DEBUG/Shell.dll.lto.obj:(.bss$mCommandList)
000d8988 00000000     0                 mCommandList
000d89c8 00000004     4         /home/arun/Desktop/darpa_ex1/darpa_demo_edk2/Build/OvmfX64/DEBUG_CLANGPDB/X64/ShellPkg/Application/Shell/Shell/DEBUG/Shell.dll.lto.obj:(.bss$mCompSize)
000d89c8 00000000     0                 mCompSize
000d89d0 00000008     8         /home/arun/Desktop/darpa_ex1/darpa_demo_edk2/Build/OvmfX64/DEBUG_CLANGPDB/X64/ShellPkg/Application/Shell/Shell/DEBUG/Shell.dll.lto.obj:(.bss$mConfigSpace)
000d89d0 00000000     0                 mConfigSpace
000d89d8 00000004     4         /home/arun/Desktop/darpa_ex1/darpa_demo_edk2/Build/OvmfX64/DEBUG_CLANGPDB/X64/ShellPkg/Application/Shell/Shell/DEBUG/Shell.dll.lto.obj:(.bss$mCrc)
000d89d8 00000000     0                 mCrc
000d89e0 00000200    16         /home/arun/Desktop/darpa_ex1/darpa_demo_edk2/Build/OvmfX64/DEBUG_CLANGPDB/X64/ShellPkg/Application/Shell/Shell/DEBUG/Shell.dll.lto.obj:(.bss$mCrcTable)
000d89e0 00000000     0                 mCrcTable
000d8be0 00000001     1         /home/arun/Desktop/darpa_ex1/darpa_demo_edk2/Build/OvmfX64/DEBUG_CLANGPDB/X64/ShellPkg/Application/Shell/Shell/DEBUG/Shell.dll.lto.obj:(.bss$mDebugIoPortChecked)
000d8be0 00000000     0                 mDebugIoPortChecked
000d8be1 00000001     1         /home/arun/Desktop/darpa_ex1/darpa_demo_edk2/Build/OvmfX64/DEBUG_CLANGPDB/X64/ShellPkg/Application/Shell/Shell/DEBUG/Shell.dll.lto.obj:(.bss$mDebugIoPortFound)
000d8be1 00000000     0                 mDebugIoPortFound
000d8be8 00000008     8         /home/arun/Desktop/darpa_ex1/darpa_demo_edk2/Build/OvmfX64/DEBUG_CLANGPDB/X64/ShellPkg/Application/Shell/Shell/DEBUG/Shell.dll.lto.obj:(.bss$mDevicePathLibDevicePathFromText)
000d8be8 00000000     0                 mDevicePathLibDevicePathFromText
000d8bf0 00000008     8         /home/arun/Desktop/darpa_ex1/darpa_demo_edk2/Build/OvmfX64/DEBUG_CLANGPDB/X64/ShellPkg/Application/Shell/Shell/DEBUG/Shell.dll.lto.obj:(.bss$mDevicePathLibDevicePathToText)
000d8bf0 00000000     0                 mDevicePathLibDevicePathToText
000d8bf8 00000008     8         /home/arun/Desktop/darpa_ex1/darpa_demo_edk2/Build/OvmfX64/DEBUG_CLANGPDB/X64/ShellPkg/Application/Shell/Shell/DEBUG/Shell.dll.lto.obj:(.bss$mDevicePathLibDevicePathUtilities)
000d8bf8 00000000     0                 mDevicePathLibDevicePathUtilities
000d8c00 00000008     8         /home/arun/Desktop/darpa_ex1/darpa_demo_edk2/Build/OvmfX64/DEBUG_CLANGPDB/X64/ShellPkg/Application/Shell/Shell/DEBUG/Shell.dll.lto.obj:(.bss$mDst)
000d8c00 00000000     0                 mDst
000d8c08 00000008     8         /home/arun/Desktop/darpa_ex1/darpa_demo_edk2/Build/OvmfX64/DEBUG_CLANGPDB/X64/ShellPkg/Application/Shell/Shell/DEBUG/Shell.dll.lto.obj:(.bss$mDstString)
000d8c08 00000000     0                 mDstString
000d8c10 00000008     8         /home/arun/Desktop/darpa_ex1/darpa_demo_edk2/Build/OvmfX64/DEBUG_CLANGPDB/X64/ShellPkg/Application/Shell/Shell/DEBUG/Shell.dll.lto.obj:(.bss$mDstUpperLimit)
000d8c10 00000000     0                 mDstUpperLimit
000d8c18 00000001     1         /home/arun/Desktop/darpa_ex1/darpa_demo_edk2/Build/OvmfX64/DEBUG_CLANGPDB/X64/ShellPkg/Application/Shell/Shell/DEBUG/Shell.dll.lto.obj:(.bss$mEchoState)
000d8c18 00000000     0                 mEchoState
000d8c20 00000008     8         /home/arun/Desktop/darpa_ex1/darpa_demo_edk2/Build/OvmfX64/DEBUG_CLANGPDB/X64/ShellPkg/Application/Shell/Shell/DEBUG/Shell.dll.lto.obj:(.bss$mEfiShellEnvironment2)
000d8c20 00000000     0                 mEfiShellEnvironment2
000d8c28 00000008     8         /home/arun/Desktop/darpa_ex1/darpa_demo_edk2/Build/OvmfX64/DEBUG_CLANGPDB/X64/ShellPkg/Application/Shell/Shell/DEBUG/Shell.dll.lto.obj:(.bss$mEfiShellEnvironment2Handle)
000d8c28 00000000     0                 mEfiShellEnvironment2Handle
000d8c30 00000008     8         /home/arun/Desktop/darpa_ex1/darpa_demo_edk2/Build/OvmfX64/DEBUG_CLANGPDB/X64/ShellPkg/Application/Shell/Shell/DEBUG/Shell.dll.lto.obj:(.bss$mEfiShellInterface)
000d8c30 00000000     0                 mEfiShellInterface
000d8c38 00000008     8         /home/arun/Desktop/darpa_ex1/darpa_demo_edk2/Build/OvmfX64/DEBUG_CLANGPDB/X64/ShellPkg/Application/Shell/Shell/DEBUG/Shell.dll.lto.obj:(.bss$mExitCode)
000d8c38 00000000     0                 mExitCode
000d8c40 00000001     1         /home/arun/Desktop/darpa_ex1/darpa_demo_edk2/Build/OvmfX64/DEBUG_CLANGPDB/X64/ShellPkg/Application/Shell/Shell/DEBUG/Shell.dll.lto.obj:(.bss$mExitRequested)
000d8c40 00000000     0                 mExitRequested
000d8c41 00000001     1         /home/arun/Desktop/darpa_ex1/darpa_demo_edk2/Build/OvmfX64/DEBUG_CLANGPDB/X64/ShellPkg/Application/Shell/Shell/DEBUG/Shell.dll.lto.obj:(.bss$mExitScript)
000d8c41 00000000     0                 mExitScript
000d8c48 00000018     8         /home/arun/Desktop/darpa_ex1/darpa_demo_edk2/Build/OvmfX64/DEBUG_CLANGPDB/X64/ShellPkg/Application/Shell/Shell/DEBUG/Shell.dll.lto.obj:(.bss$mFileHandleList)
000d8c48 00000000     0                 mFileHandleList
000d8c60 00000008     8         /home/arun/Desktop/darpa_ex1/darpa_demo_edk2/Build/OvmfX64/DEBUG_CLANGPDB/X64/ShellPkg/Application/Shell/Shell/DEBUG/Shell.dll.lto.obj:(.bss$mFreq)
000d8c60 00000000     0                 mFreq
000d8c68 00000008     8         /home/arun/Desktop/darpa_ex1/darpa_demo_edk2/Build/OvmfX64/DEBUG_CLANGPDB/X64/ShellPkg/Application/Shell/Shell/DEBUG/Shell.dll.lto.obj:(.bss$mFsMaxCount)
000d8c68 00000000     0                 mFsMaxCount
000d8c70 00000008     8         /home/arun/Desktop/darpa_ex1/darpa_demo_edk2/Build/OvmfX64/DEBUG_CLANGPDB/X64/ShellPkg/Application/Shell/Shell/DEBUG/Shell.dll.lto.obj:(.bss$mGuidList)
000d8c70 00000000     0                 mGuidList
000d8c78 00000008     8         /home/arun/Desktop/darpa_ex1/darpa_demo_edk2/Build/OvmfX64/DEBUG_CLANGPDB/X64/ShellPkg/Application/Shell/Shell/DEBUG/Shell.dll.lto.obj:(.bss$mGuidListCount)
000d8c78 00000000     0                 mGuidListCount
000d8c80 00000028     8         /home/arun/Desktop/darpa_ex1/darpa_demo_edk2/Build/OvmfX64/DEBUG_CLANGPDB/X64/ShellPkg/Application/Shell/Shell/DEBUG/Shell.dll.lto.obj:(.bss$mHandleList)
000d8c80 00000000     0                 mHandleList
000d8ca8 00000008     8         /home/arun/Desktop/darpa_ex1/darpa_demo_edk2/Build/OvmfX64/DEBUG_CLANGPDB/X64/ShellPkg/Application/Shell/Shell/DEBUG/Shell.dll.lto.obj:(.bss$mHandleParsingHiiHandle)
000d8ca8 00000000     0                 mHandleParsingHiiHandle
000d8cb0 000003fe    16         /home/arun/Desktop/darpa_ex1/darpa_demo_edk2/Build/OvmfX64/DEBUG_CLANGPDB/X64/ShellPkg/Application/Shell/Shell/DEBUG/Shell.dll.lto.obj:(.bss$mHeap)
000d8cb0 00000000     0                 mHeap
000d90b0 00000004     4         /home/arun/Desktop/darpa_ex1/darpa_demo_edk2/Build/OvmfX64/DEBUG_CLANGPDB/X64/ShellPkg/Application/Shell/Shell/DEBUG/Shell.dll.lto.obj:(.bss$mHeapSize)
000d90b0 00000000     0                 mHeapSize
000d90b8 00000008     8         /home/arun/Desktop/darpa_ex1/darpa_demo_edk2/Build/OvmfX64/DEBUG_CLANGPDB/X64/ShellPkg/Application/Shell/Shell/DEBUG/Shell.dll.lto.obj:(.bss$mHobList)
000d90b8 00000000     0                 mHobList
000d90c0 00000004     4         /home/arun/Desktop/darpa_ex1/darpa_demo_edk2/Build/OvmfX64/DEBUG_CLANGPDB/X64/ShellPkg/Application/Shell/Shell/DEBUG/Shell.dll.lto.obj:(.bss$mHuffmanDepth)
000d90c0 00000000     0                 mHuffmanDepth
000d90c4 00000001     1         /home/arun/Desktop/darpa_ex1/darpa_demo_edk2/Build/OvmfX64/DEBUG_CLANGPDB/X64/ShellPkg/Application/Shell/Shell/DEBUG/Shell.dll.lto.obj:(.bss$mInit)
000d90c4 00000000     0                 mInit
000d90d0 000007f6    16         /home/arun/Desktop/darpa_ex1/darpa_demo_edk2/Build/OvmfX64/DEBUG_CLANGPDB/X64/ShellPkg/Application/Shell/Shell/DEBUG/Shell.dll.lto.obj:(.bss$mLeft)
000d90d0 00000000     0                 mLeft
000d98c8 00000008     8         /home/arun/Desktop/darpa_ex1/darpa_demo_edk2/Build/OvmfX64/DEBUG_CLANGPDB/X64/ShellPkg/Application/Shell/Shell/DEBUG/Shell.dll.lto.obj:(.bss$mLen)
000d98c8 00000000     0                 mLen
000d98d0 00000022    16         /home/arun/Desktop/darpa_ex1/darpa_demo_edk2/Build/OvmfX64/DEBUG_CLANGPDB/X64/ShellPkg/Application/Shell/Shell/DEBUG/Shell.dll.lto.obj:(.bss$mLenCnt)
000d98d0 00000000     0                 mLenCnt
000d98f8 00000008     8         /home/arun/Desktop/darpa_ex1/darpa_demo_edk2/Build/OvmfX64/DEBUG_CLANGPDB/X64/ShellPkg/Application/Shell/Shell/DEBUG/Shell.dll.lto.obj:(.bss$mLevel)
000d98f8 00000000     0                 mLevel
000d9900 00000004     4         /home/arun/Desktop/darpa_ex1/darpa_demo_edk2/Build/OvmfX64/DEBUG_CLANGPDB/X64/ShellPkg/Application/Shell/Shell/DEBUG/Shell.dll.lto.obj:(.bss$mMatchLen)
000d9900 00000000     0                 mMatchLen
000d9904 00000002     2         /home/arun/Desktop/darpa_ex1/darpa_demo_edk2/Build/OvmfX64/DEBUG_CLANGPDB/X64/ShellPkg/Application/Shell/Shell/DEBUG/Shell.dll.lto.obj:(.bss$mMatchPos)
000d9904 00000000     0                 mMatchPos
000d9908 00000008     8         /home/arun/Desktop/darpa_ex1/darpa_demo_edk2/Build/OvmfX64/DEBUG_CLANGPDB/X64/ShellPkg/Application/Shell/Shell/DEBUG/Shell.dll.lto.obj:(.bss$mNext)
000d9908 00000000     0                 mNext
000d9910 00000008     8         /home/arun/Desktop/darpa_ex1/darpa_demo_edk2/Build/OvmfX64/DEBUG_CLANGPDB/X64/ShellPkg/Application/Shell/Shell/DEBUG/Shell.dll.lto.obj:(.bss$mNumberOfSmbios64BitStructures)
000d9910 00000000     0                 mNumberOfSmbios64BitStructures
000d9918 00000004     4         /home/arun/Desktop/darpa_ex1/darpa_demo_edk2/Build/OvmfX64/DEBUG_CLANGPDB/X64/ShellPkg/Application/Shell/Shell/DEBUG/Shell.dll.lto.obj:(.bss$mOrigSize)
000d9918 00000000     0                 mOrigSize
000d991c 00000004     4         /home/arun/Desktop/darpa_ex1/darpa_demo_edk2/Build/OvmfX64/DEBUG_CLANGPDB/X64/ShellPkg/Application/Shell/Shell/DEBUG/Shell.dll.lto.obj:(.bss$mOutputMask)
000d991c 00000000     0                 mOutputMask
000d9920 00000004     4         /home/arun/Desktop/darpa_ex1/darpa_demo_edk2/Build/OvmfX64/DEBUG_CLANGPDB/X64/ShellPkg/Application/Shell/Shell/DEBUG/Shell.dll.lto.obj:(.bss$mOutputPos)
000d9920 00000000     0                 mOutputPos
000d9930 00000036    16         /home/arun/Desktop/darpa_ex1/darpa_demo_edk2/Build/OvmfX64/DEBUG_CLANGPDB/X64/ShellPkg/Application/Shell/Shell/DEBUG/Shell.dll.lto.obj:(.bss$mPFreq)
000d9930 00000000     0                 mPFreq
000d9970 00000026    16         /home/arun/Desktop/darpa_ex1/darpa_demo_edk2/Build/OvmfX64/DEBUG_CLANGPDB/X64/ShellPkg/Application/Shell/Shell/DEBUG/Shell.dll.lto.obj:(.bss$mPTCode)
000d9970 00000000     0                 mPTCode
000d99a0 00000013    16         /home/arun/Desktop/darpa_ex1/darpa_demo_edk2/Build/OvmfX64/DEBUG_CLANGPDB/X64/ShellPkg/Application/Shell/Shell/DEBUG/Shell.dll.lto.obj:(.bss$mPTLen)
000d99a0 00000000     0                 mPTLen
000d99b8 00000008     8         /home/arun/Desktop/darpa_ex1/darpa_demo_edk2/Build/OvmfX64/DEBUG_CLANGPDB/X64/ShellPkg/Application/Shell/Shell/DEBUG/Shell.dll.lto.obj:(.bss$mParent)
000d99b8 00000000     0                 mParent
000d99c0 00000002     2         /home/arun/Desktop/darpa_ex1/darpa_demo_edk2/Build/OvmfX64/DEBUG_CLANGPDB/X64/ShellPkg/Application/Shell/Shell/DEBUG/Shell.dll.lto.obj:(.bss$mPos)
000d99c0 00000000     0                 mPos
000d99c8 00000008     8         /home/arun/Desktop/darpa_ex1/darpa_demo_edk2/Build/OvmfX64/DEBUG_CLANGPDB/X64/ShellPkg/Application/Shell/Shell/DEBUG/Shell.dll.lto.obj:(.bss$mPosition)
000d99c8 00000000     0                 mPosition
000d99d0 00000008     8         /home/arun/Desktop/darpa_ex1/darpa_demo_edk2/Build/OvmfX64/DEBUG_CLANGPDB/X64/ShellPkg/Application/Shell/Shell/DEBUG/Shell.dll.lto.obj:(.bss$mPrev)
000d99d0 00000000     0                 mPrev
000d99d8 00000008     8         /home/arun/Desktop/darpa_ex1/darpa_demo_edk2/Build/OvmfX64/DEBUG_CLANGPDB/X64/ShellPkg/Application/Shell/Shell/DEBUG/Shell.dll.lto.obj:(.bss$mProfileList)
000d99d8 00000000     0                 mProfileList
000d99e0 00000008     8         /home/arun/Desktop/darpa_ex1/darpa_demo_edk2/Build/OvmfX64/DEBUG_CLANGPDB/X64/ShellPkg/Application/Shell/Shell/DEBUG/Shell.dll.lto.obj:(.bss$mProfileListSize)
000d99e0 00000000     0                 mProfileListSize
000d99e8 00000008     8         /home/arun/Desktop/darpa_ex1/darpa_demo_edk2/Build/OvmfX64/DEBUG_CLANGPDB/X64/ShellPkg/Application/Shell/Shell/DEBUG/Shell.dll.lto.obj:(.bss$mPrompt)
000d99e8 00000000     0                 mPrompt
000d99f0 00000004     4         /home/arun/Desktop/darpa_ex1/darpa_demo_edk2/Build/OvmfX64/DEBUG_CLANGPDB/X64/ShellPkg/Application/Shell/Shell/DEBUG/Shell.dll.lto.obj:(.bss$mRemainder)
000d99f0 00000000     0                 mRemainder
000d99f8 00000008     8         /home/arun/Desktop/darpa_ex1/darpa_demo_edk2/Build/OvmfX64/DEBUG_CLANGPDB/X64/ShellPkg/Application/Shell/Shell/DEBUG/Shell.dll.lto.obj:(.bss$mReturnString)
000d99f8 00000000     0                 mReturnString
000d9a00 000007f6    16         /home/arun/Desktop/darpa_ex1/darpa_demo_edk2/Build/OvmfX64/DEBUG_CLANGPDB/X64/ShellPkg/Application/Shell/Shell/DEBUG/Shell.dll.lto.obj:(.bss$mRight)
000d9a00 00000000     0                 mRight
000da1f8 00000018     8         /home/arun/Desktop/darpa_ex1/darpa_demo_edk2/Build/OvmfX64/DEBUG_CLANGPDB/X64/ShellPkg/Application/Shell/Shell/DEBUG/Shell.dll.lto.obj:(.bss$mScriptList)
000da1f8 00000000     0                 mScriptList
000da210 00000008     8         /home/arun/Desktop/darpa_ex1/darpa_demo_edk2/Build/OvmfX64/DEBUG_CLANGPDB/X64/ShellPkg/Application/Shell/Shell/DEBUG/Shell.dll.lto.obj:(.bss$mShellManDriverHandle)
000da210 00000000     0                 mShellManDriverHandle
000da218 00000008     8         /home/arun/Desktop/darpa_ex1/darpa_demo_edk2/Build/OvmfX64/DEBUG_CLANGPDB/X64/ShellPkg/Application/Shell/Shell/DEBUG/Shell.dll.lto.obj:(.bss$mShellManHiiHandle)
000da218 00000000     0                 mShellManHiiHandle
000da220 00000008     8         /home/arun/Desktop/darpa_ex1/darpa_demo_edk2/Build/OvmfX64/DEBUG_CLANGPDB/X64/ShellPkg/Application/Shell/Shell/DEBUG/Shell.dll.lto.obj:(.bss$mSmbios64BitStatisticsTable)
000da220 00000000     0                 mSmbios64BitStatisticsTable
000da228 00000008     8         /home/arun/Desktop/darpa_ex1/darpa_demo_edk2/Build/OvmfX64/DEBUG_CLANGPDB/X64/ShellPkg/Application/Shell/Shell/DEBUG/Shell.dll.lto.obj:(.bss$mSmbios64BitTable)
000da228 00000000     0                 mSmbios64BitTable
000da230 00000008     8         /home/arun/Desktop/darpa_ex1/darpa_demo_edk2/Build/OvmfX64/DEBUG_CLANGPDB/X64/ShellPkg/Application/Shell/Shell/DEBUG/Shell.dll.lto.obj:(.bss$mSmbios64BitTableLength)
000da230 00000000     0                 mSmbios64BitTableLength
000da238 00000008     8         /home/arun/Desktop/darpa_ex1/darpa_demo_edk2/Build/OvmfX64/DEBUG_CLANGPDB/X64/ShellPkg/Application/Shell/Shell/DEBUG/Shell.dll.lto.obj:(.bss$mSmbiosTable)
000da238 00000000     0                 mSmbiosTable
000da240 00000008     8         /home/arun/Desktop/darpa_ex1/darpa_demo_edk2/Build/OvmfX64/DEBUG_CLANGPDB/X64/ShellPkg/Application/Shell/Shell/DEBUG/Shell.dll.lto.obj:(.bss$mSortPtr)
000da240 00000000     0                 mSortPtr
000da248 00000008     8         /home/arun/Desktop/darpa_ex1/darpa_demo_edk2/Build/OvmfX64/DEBUG_CLANGPDB/X64/ShellPkg/Application/Shell/Shell/DEBUG/Shell.dll.lto.obj:(.bss$mSrc)
000da248 00000000     0                 mSrc
000da250 00000008     8         /home/arun/Desktop/darpa_ex1/darpa_demo_edk2/Build/OvmfX64/DEBUG_CLANGPDB/X64/ShellPkg/Application/Shell/Shell/DEBUG/Shell.dll.lto.obj:(.bss$mSrcString)
000da250 00000000     0                 mSrcString
000da258 00000008     8         /home/arun/Desktop/darpa_ex1/darpa_demo_edk2/Build/OvmfX64/DEBUG_CLANGPDB/X64/ShellPkg/Application/Shell/Shell/DEBUG/Shell.dll.lto.obj:(.bss$mSrcUpperLimit)
000da258 00000000     0                 mSrcUpperLimit
000da260 00000008     8         /home/arun/Desktop/darpa_ex1/darpa_demo_edk2/Build/OvmfX64/DEBUG_CLANGPDB/X64/ShellPkg/Application/Shell/Shell/DEBUG/Shell.dll.lto.obj:(.bss$mStatisticsTable)
000da260 00000000     0                 mStatisticsTable
000da268 00000004     4         /home/arun/Desktop/darpa_ex1/darpa_demo_edk2/Build/OvmfX64/DEBUG_CLANGPDB/X64/ShellPkg/Application/Shell/Shell/DEBUG/Shell.dll.lto.obj:(.bss$mSubBitBuf)
000da268 00000000     0                 mSubBitBuf
000da270 0000004a    16         /home/arun/Desktop/darpa_ex1/darpa_demo_edk2/Build/OvmfX64/DEBUG_CLANGPDB/X64/ShellPkg/Application/Shell/Shell/DEBUG/Shell.dll.lto.obj:(.bss$mTFreq)
000da270 00000000     0                 mTFreq
000da2ba 00000001     1         /home/arun/Desktop/darpa_ex1/darpa_demo_edk2/Build/OvmfX64/DEBUG_CLANGPDB/X64/ShellPkg/Application/Shell/Shell/DEBUG/Shell.dll.lto.obj:(.bss$mTdDataReturned)
000da2ba 00000000     0                 mTdDataReturned
000da2c0 00000008     8         /home/arun/Desktop/darpa_ex1/darpa_demo_edk2/Build/OvmfX64/DEBUG_CLANGPDB/X64/ShellPkg/Application/Shell/Shell/DEBUG/Shell.dll.lto.obj:(.bss$mTdSharedPageMask)
000da2c0 00000000     0                 mTdSharedPageMask
000da2c8 00000004     4         /home/arun/Desktop/darpa_ex1/darpa_demo_edk2/Build/OvmfX64/DEBUG_CLANGPDB/X64/ShellPkg/Application/Shell/Shell/DEBUG/Shell.dll.lto.obj:(.bss$mTempInt32)
000da2c8 00000000     0                 mTempInt32
000da2d0 00000008     8         /home/arun/Desktop/darpa_ex1/darpa_demo_edk2/Build/OvmfX64/DEBUG_CLANGPDB/X64/ShellPkg/Application/Shell/Shell/DEBUG/Shell.dll.lto.obj:(.bss$mText)
000da2d0 00000000     0                 mText
000da2d8 00000008     8         /home/arun/Desktop/darpa_ex1/darpa_demo_edk2/Build/OvmfX64/DEBUG_CLANGPDB/X64/ShellPkg/Application/Shell/Shell/DEBUG/Shell.dll.lto.obj:(.bss$mTextInEx)
000da2d8 00000000     0                 mTextInEx
000da2e0 00000008     8         /home/arun/Desktop/darpa_ex1/darpa_demo_edk2/Build/OvmfX64/DEBUG_CLANGPDB/X64/ShellPkg/Application/Shell/Shell/DEBUG/Shell.dll.lto.obj:(.bss$mUnicodeCollation)
000da2e0 00000000     0                 mUnicodeCollation
000da2e8 00000008     8         /home/arun/Desktop/darpa_ex1/darpa_demo_edk2/Build/OvmfX64/DEBUG_CLANGPDB/X64/ShellPkg/Application/Shell/Shell/DEBUG/Shell.dll.lto.obj:(.bss$mUnicodeCollationProtocol)
000da2e8 00000000     0                 mUnicodeCollationProtocol
000da2f0 00000004     1         /home/arun/Desktop/darpa_ex1/darpa_demo_edk2/Build/OvmfX64/DEBUG_CLANGPDB/X64/ShellPkg/Application/Shell/Shell/DEBUG/Shell.dll.lto.obj:(.bss$mZeroIp4Addr)
000da2f0 00000000     0                 mZeroIp4Addr
000da2f8 00000008     8         /home/arun/Desktop/darpa_ex1/darpa_demo_edk2/Build/OvmfX64/DEBUG_CLANGPDB/X64/ShellPkg/Application/Shell/Shell/DEBUG/Shell.dll.lto.obj:(.bss$m_Smbios64BitStruct)
000da2f8 00000000     0                 m_Smbios64BitStruct
000da300 00000008     8         /home/arun/Desktop/darpa_ex1/darpa_demo_edk2/Build/OvmfX64/DEBUG_CLANGPDB/X64/ShellPkg/Application/Shell/Shell/DEBUG/Shell.dll.lto.obj:(.bss$m_SmbiosStruct)
000da300 00000000     0                 m_SmbiosStruct
000da320 0000109c  4096 .reloc
