Address  Size     Align Out     In      Symbol
00000220 00003afa  4096 .text
00000220 00000116    16         /home/arun/Desktop/darpa_ex1/darpa_demo_edk2/Build/OvmfX64/DEBUG_CLANGPDB/X64/MdePkg/Library/BaseIoLibIntrinsic/BaseIoLibIntrinsicSev/OUTPUT/X64/IoFifoSev.obj:(.text)
00000220 00000000     0                 SevNoRepIo
0000025a 00000000     0                 @UseRepIo
0000025c 00000000     0                 @SevNoRepIo_Done
00000260 00000000     0                 SevIoReadFifo8
00000274 00000000     0                 @IoReadFifo8_NoRep
00000276 00000000     0                 @IoReadFifo8_Loop
0000027e 00000000     0                 @IoReadFifo8_Done
00000282 00000000     0                 SevIoReadFifo16
00000297 00000000     0                 @IoReadFifo16_NoRep
00000299 00000000     0                 @IoReadFifo16_Loop
000002a4 00000000     0                 @IoReadFifo16_Done
000002a8 00000000     0                 SevIoReadFifo32
000002bc 00000000     0                 @IoReadFifo32_NoRep
000002be 00000000     0                 @IoReadFifo32_Loop
000002c7 00000000     0                 @IoReadFifo32_Done
000002cb 00000000     0                 SevIoWriteFifo8
000002cb 00000000     0                 SevIoWriteFifo8
000002df 00000000     0                 @IoWriteFifo8_NoRep
000002e1 00000000     0                 @IoWriteFifo8_Loop
000002e9 00000000     0                 @IoWriteFifo8_Done
000002ed 00000000     0                 SevIoWriteFifo16
00000302 00000000     0                 @IoWriteFifo16_NoRep
00000304 00000000     0                 @IoWriteFifo16_Loop
0000030f 00000000     0                 @IoWriteFifo16_Done
00000313 00000000     0                 SevIoWriteFifo32
00000327 00000000     0                 @IoWriteFifo32_NoRep
00000329 00000000     0                 @IoWriteFifo32_Loop
00000332 00000000     0                 @IoWriteFifo32_Done
00000340 00000011    16         /home/arun/Desktop/darpa_ex1/darpa_demo_edk2/Build/OvmfX64/DEBUG_CLANGPDB/X64/MdePkg/Library/BaseMemoryLibRepStr/BaseMemoryLibRepStr/OUTPUT/X64/SetMem.obj:(.text)
00000340 00000000     0                 InternalMemSetMem
00000360 0000003c    16         /home/arun/Desktop/darpa_ex1/darpa_demo_edk2/Build/OvmfX64/DEBUG_CLANGPDB/X64/MdePkg/Library/BaseMemoryLibRepStr/BaseMemoryLibRepStr/OUTPUT/X64/CopyMem.obj:(.text)
00000360 00000000     0                 InternalMemCopyMem
00000360 00000000     0                 InternalMemCopyMem
0000037a 00000000     0                 InternalMemCopyMem.0
0000038a 00000000     0                 @CopyBackward
00000393 00000000     0                 @CopyBytes
000003a0 0000001d    16         /home/arun/Desktop/darpa_ex1/darpa_demo_edk2/Build/OvmfX64/DEBUG_CLANGPDB/X64/MdePkg/Library/BaseMemoryLibRepStr/BaseMemoryLibRepStr/OUTPUT/X64/ZeroMem.obj:(.text)
000003a0 00000000     0                 InternalMemZeroMem
000003a0 00000000     0                 InternalMemZeroMem
000003c0 00000081    16         /home/arun/Desktop/darpa_ex1/darpa_demo_edk2/Build/OvmfX64/DEBUG_CLANGPDB/X64/MdePkg/Library/BaseLib/BaseLib/OUTPUT/X64/TdVmcall.obj:(.text)
000003c0 00000000     0                 TdVmCall
000003c0 00000000     0                 TdVmCall
0000041e 00000000     0                 TdVmCall.no_return_data
00000450 00000012    16         /home/arun/Desktop/darpa_ex1/darpa_demo_edk2/Build/OvmfX64/DEBUG_CLANGPDB/X64/MdePkg/Library/BaseMemoryLibRepStr/BaseMemoryLibRepStr/OUTPUT/X64/SetMem64.obj:(.text)
00000450 00000000     0                 InternalMemSetMem64
00000470 0000002a    16         /home/arun/Desktop/darpa_ex1/darpa_demo_edk2/Build/OvmfX64/DEBUG_CLANGPDB/X64/MdePkg/Library/BaseMemoryLibRepStr/BaseMemoryLibRepStr/OUTPUT/X64/IsZeroBuffer.obj:(.text)
00000470 00000000     0                 InternalMemIsZeroBuffer
00000470 00000000     0                 InternalMemIsZeroBuffer
00000495 00000000     0                 @ReturnFalse
000004a0 00000058    16         /home/arun/Desktop/darpa_ex1/darpa_demo_edk2/Build/OvmfX64/DEBUG_CLANGPDB/X64/MdePkg/Library/BaseLib/BaseLib/OUTPUT/X64/TdCall.obj:(.text)
000004a0 00000000     0                 TdCall
000004a0 00000000     0                 TdCall
000004eb 00000000     0                 TdCall.exit
000004f8 00000000     4         /home/arun/Desktop/darpa_ex1/darpa_demo_edk2/Build/OvmfX64/DEBUG_CLANGPDB/X64/OvmfPkg/PciHotPlugInitDxe/PciHotPlugInit/DEBUG/PciHotPlugInitDxe.dll.lto.obj:(.text)
000004f8 00000023     1         /home/arun/Desktop/darpa_ex1/darpa_demo_edk2/Build/OvmfX64/DEBUG_CLANGPDB/X64/OvmfPkg/PciHotPlugInitDxe/PciHotPlugInit/DEBUG/PciHotPlugInitDxe.dll.lto.obj:(.text$AsciiSPrint)
000004f8 00000000     0                 AsciiSPrint
0000051b 00000020     1         /home/arun/Desktop/darpa_ex1/darpa_demo_edk2/Build/OvmfX64/DEBUG_CLANGPDB/X64/OvmfPkg/PciHotPlugInitDxe/PciHotPlugInit/DEBUG/PciHotPlugInitDxe.dll.lto.obj:(.text$AsciiStrnLenS)
0000051b 00000000     0                 AsciiStrnLenS
0000053b 00000010     1         /home/arun/Desktop/darpa_ex1/darpa_demo_edk2/Build/OvmfX64/DEBUG_CLANGPDB/X64/OvmfPkg/PciHotPlugInitDxe/PciHotPlugInit/DEBUG/PciHotPlugInitDxe.dll.lto.obj:(.text$AsciiVSPrint)
0000053b 00000000     0                 AsciiVSPrint
0000054b 0000001a     1         /home/arun/Desktop/darpa_ex1/darpa_demo_edk2/Build/OvmfX64/DEBUG_CLANGPDB/X64/OvmfPkg/PciHotPlugInitDxe/PciHotPlugInit/DEBUG/PciHotPlugInitDxe.dll.lto.obj:(.text$BasePrintLibFillBuffer)
0000054b 00000000     0                 BasePrintLibFillBuffer
00000565 00000021     1         /home/arun/Desktop/darpa_ex1/darpa_demo_edk2/Build/OvmfX64/DEBUG_CLANGPDB/X64/OvmfPkg/PciHotPlugInitDxe/PciHotPlugInit/DEBUG/PciHotPlugInitDxe.dll.lto.obj:(.text$BasePrintLibSPrint)
00000565 00000000     0                 BasePrintLibSPrint
00000588 00000d98     4         /home/arun/Desktop/darpa_ex1/darpa_demo_edk2/Build/OvmfX64/DEBUG_CLANGPDB/X64/OvmfPkg/PciHotPlugInitDxe/PciHotPlugInit/DEBUG/PciHotPlugInitDxe.dll.lto.obj:(.text$BasePrintLibSPrintMarker)
00000588 00000000     0                 BasePrintLibSPrintMarker
00001320 00000080     1         /home/arun/Desktop/darpa_ex1/darpa_demo_edk2/Build/OvmfX64/DEBUG_CLANGPDB/X64/OvmfPkg/PciHotPlugInitDxe/PciHotPlugInit/DEBUG/PciHotPlugInitDxe.dll.lto.obj:(.text$CalculatePciCapMaxSizeHint)
00001320 00000000     0                 CalculatePciCapMaxSizeHint
000013a0 00000005     1         /home/arun/Desktop/darpa_ex1/darpa_demo_edk2/Build/OvmfX64/DEBUG_CLANGPDB/X64/OvmfPkg/PciHotPlugInitDxe/PciHotPlugInit/DEBUG/PciHotPlugInitDxe.dll.lto.obj:(.text$ComparePciCap)
000013a0 00000000     0                 ComparePciCap
000013a5 0000003b     1         /home/arun/Desktop/darpa_ex1/darpa_demo_edk2/Build/OvmfX64/DEBUG_CLANGPDB/X64/OvmfPkg/PciHotPlugInitDxe/PciHotPlugInit/DEBUG/PciHotPlugInitDxe.dll.lto.obj:(.text$ComparePciCapKey)
000013a5 00000000     0                 ComparePciCapKey
000013e0 0000000c     1         /home/arun/Desktop/darpa_ex1/darpa_demo_edk2/Build/OvmfX64/DEBUG_CLANGPDB/X64/OvmfPkg/PciHotPlugInitDxe/PciHotPlugInit/DEBUG/PciHotPlugInitDxe.dll.lto.obj:(.text$ComparePciCapOffset)
000013e0 00000000     0                 ComparePciCapOffset
000013ec 0000000b     1         /home/arun/Desktop/darpa_ex1/darpa_demo_edk2/Build/OvmfX64/DEBUG_CLANGPDB/X64/OvmfPkg/PciHotPlugInitDxe/PciHotPlugInit/DEBUG/PciHotPlugInitDxe.dll.lto.obj:(.text$ComparePciCapOffsetKey)
000013ec 00000000     0                 ComparePciCapOffsetKey
000013f7 00000056     1         /home/arun/Desktop/darpa_ex1/darpa_demo_edk2/Build/OvmfX64/DEBUG_CLANGPDB/X64/OvmfPkg/PciHotPlugInitDxe/PciHotPlugInit/DEBUG/PciHotPlugInitDxe.dll.lto.obj:(.text$DebugAssert)
000013f7 00000000     0                 DebugAssert
0000144d 0000007c     1         /home/arun/Desktop/darpa_ex1/darpa_demo_edk2/Build/OvmfX64/DEBUG_CLANGPDB/X64/OvmfPkg/PciHotPlugInitDxe/PciHotPlugInit/DEBUG/PciHotPlugInitDxe.dll.lto.obj:(.text$DebugPrint)
0000144d 00000000     0                 DebugPrint
000014c9 00000065     1         /home/arun/Desktop/darpa_ex1/darpa_demo_edk2/Build/OvmfX64/DEBUG_CLANGPDB/X64/OvmfPkg/PciHotPlugInitDxe/PciHotPlugInit/DEBUG/PciHotPlugInitDxe.dll.lto.obj:(.text$EmptyAndUninitPciCapCollection)
000014c9 00000000     0                 EmptyAndUninitPciCapCollection
0000152e 00000048     1         /home/arun/Desktop/darpa_ex1/darpa_demo_edk2/Build/OvmfX64/DEBUG_CLANGPDB/X64/OvmfPkg/PciHotPlugInitDxe/PciHotPlugInit/DEBUG/PciHotPlugInitDxe.dll.lto.obj:(.text$FreePool)
0000152e 00000000     0                 FreePool
00001576 000009f7     1         /home/arun/Desktop/darpa_ex1/darpa_demo_edk2/Build/OvmfX64/DEBUG_CLANGPDB/X64/OvmfPkg/PciHotPlugInitDxe/PciHotPlugInit/DEBUG/PciHotPlugInitDxe.dll.lto.obj:(.text$GetResourcePadding)
00001576 00000000     0                 GetResourcePadding
00001f6d 0000001f     1         /home/arun/Desktop/darpa_ex1/darpa_demo_edk2/Build/OvmfX64/DEBUG_CLANGPDB/X64/OvmfPkg/PciHotPlugInitDxe/PciHotPlugInit/DEBUG/PciHotPlugInitDxe.dll.lto.obj:(.text$GetRootHpcList)
00001f6d 00000000     0                 GetRootHpcList
00001f8c 0000001c     1         /home/arun/Desktop/darpa_ex1/darpa_demo_edk2/Build/OvmfX64/DEBUG_CLANGPDB/X64/OvmfPkg/PciHotPlugInitDxe/PciHotPlugInit/DEBUG/PciHotPlugInitDxe.dll.lto.obj:(.text$HighBitSet32)
00001f8c 00000000     0                 HighBitSet32
00001fa8 0000003f     1         /home/arun/Desktop/darpa_ex1/darpa_demo_edk2/Build/OvmfX64/DEBUG_CLANGPDB/X64/OvmfPkg/PciHotPlugInitDxe/PciHotPlugInit/DEBUG/PciHotPlugInitDxe.dll.lto.obj:(.text$HighBitSetRoundUp32)
00001fa8 00000000     0                 HighBitSetRoundUp32
00001fe7 00000056     1         /home/arun/Desktop/darpa_ex1/darpa_demo_edk2/Build/OvmfX64/DEBUG_CLANGPDB/X64/OvmfPkg/PciHotPlugInitDxe/PciHotPlugInit/DEBUG/PciHotPlugInitDxe.dll.lto.obj:(.text$HighBitSetRoundUp64)
00001fe7 00000000     0                 HighBitSetRoundUp64
0000203d 00000039     1         /home/arun/Desktop/darpa_ex1/darpa_demo_edk2/Build/OvmfX64/DEBUG_CLANGPDB/X64/OvmfPkg/PciHotPlugInitDxe/PciHotPlugInit/DEBUG/PciHotPlugInitDxe.dll.lto.obj:(.text$InitializeRootHpc)
0000203d 00000000     0                 InitializeRootHpc
00002076 0000022b     1         /home/arun/Desktop/darpa_ex1/darpa_demo_edk2/Build/OvmfX64/DEBUG_CLANGPDB/X64/OvmfPkg/PciHotPlugInitDxe/PciHotPlugInit/DEBUG/PciHotPlugInitDxe.dll.lto.obj:(.text$InsertPciCap)
00002076 00000000     0                 InsertPciCap
000022a1 0000002e     1         /home/arun/Desktop/darpa_ex1/darpa_demo_edk2/Build/OvmfX64/DEBUG_CLANGPDB/X64/OvmfPkg/PciHotPlugInitDxe/PciHotPlugInit/DEBUG/PciHotPlugInitDxe.dll.lto.obj:(.text$InternalAllocatePool)
000022a1 00000000     0                 InternalAllocatePool
000022cf 000000b2     1         /home/arun/Desktop/darpa_ex1/darpa_demo_edk2/Build/OvmfX64/DEBUG_CLANGPDB/X64/OvmfPkg/PciHotPlugInitDxe/PciHotPlugInit/DEBUG/PciHotPlugInitDxe.dll.lto.obj:(.text$IoRead32)
000022cf 00000000     0                 IoRead32
00002381 00000065     1         /home/arun/Desktop/darpa_ex1/darpa_demo_edk2/Build/OvmfX64/DEBUG_CLANGPDB/X64/OvmfPkg/PciHotPlugInitDxe/PciHotPlugInit/DEBUG/PciHotPlugInitDxe.dll.lto.obj:(.text$IoRead8)
00002381 00000000     0                 IoRead8
000023e6 000000af     1         /home/arun/Desktop/darpa_ex1/darpa_demo_edk2/Build/OvmfX64/DEBUG_CLANGPDB/X64/OvmfPkg/PciHotPlugInitDxe/PciHotPlugInit/DEBUG/PciHotPlugInitDxe.dll.lto.obj:(.text$IoWrite32)
000023e6 00000000     0                 IoWrite32
00002495 00000050     1         /home/arun/Desktop/darpa_ex1/darpa_demo_edk2/Build/OvmfX64/DEBUG_CLANGPDB/X64/OvmfPkg/PciHotPlugInitDxe/PciHotPlugInit/DEBUG/PciHotPlugInitDxe.dll.lto.obj:(.text$IoWriteFifo8)
00002495 00000000     0                 IoWriteFifo8
000024e5 00000039     1         /home/arun/Desktop/darpa_ex1/darpa_demo_edk2/Build/OvmfX64/DEBUG_CLANGPDB/X64/OvmfPkg/PciHotPlugInitDxe/PciHotPlugInit/DEBUG/PciHotPlugInitDxe.dll.lto.obj:(.text$LShiftU64)
000024e5 00000000     0                 LShiftU64
0000251e 00000096     1         /home/arun/Desktop/darpa_ex1/darpa_demo_edk2/Build/OvmfX64/DEBUG_CLANGPDB/X64/OvmfPkg/PciHotPlugInitDxe/PciHotPlugInit/DEBUG/PciHotPlugInitDxe.dll.lto.obj:(.text$LibPcdGet16)
0000251e 00000000     0                 LibPcdGet16
000025b4 000003ef     1         /home/arun/Desktop/darpa_ex1/darpa_demo_edk2/Build/OvmfX64/DEBUG_CLANGPDB/X64/OvmfPkg/PciHotPlugInitDxe/PciHotPlugInit/DEBUG/PciHotPlugInitDxe.dll.lto.obj:(.text$OrderedCollectionDelete)
000025b4 00000000     0                 OrderedCollectionDelete
000029a3 00000032     1         /home/arun/Desktop/darpa_ex1/darpa_demo_edk2/Build/OvmfX64/DEBUG_CLANGPDB/X64/OvmfPkg/PciHotPlugInitDxe/PciHotPlugInit/DEBUG/PciHotPlugInitDxe.dll.lto.obj:(.text$OrderedCollectionInit)
000029a3 00000000     0                 OrderedCollectionInit
000029d5 00000208     1         /home/arun/Desktop/darpa_ex1/darpa_demo_edk2/Build/OvmfX64/DEBUG_CLANGPDB/X64/OvmfPkg/PciHotPlugInitDxe/PciHotPlugInit/DEBUG/PciHotPlugInitDxe.dll.lto.obj:(.text$OrderedCollectionInsert)
000029d5 00000000     0                 OrderedCollectionInsert
00002bdd 00000015     1         /home/arun/Desktop/darpa_ex1/darpa_demo_edk2/Build/OvmfX64/DEBUG_CLANGPDB/X64/OvmfPkg/PciHotPlugInitDxe/PciHotPlugInit/DEBUG/PciHotPlugInitDxe.dll.lto.obj:(.text$OrderedCollectionMin)
00002bdd 00000000     0                 OrderedCollectionMin
00002bf2 00000032     1         /home/arun/Desktop/darpa_ex1/darpa_demo_edk2/Build/OvmfX64/DEBUG_CLANGPDB/X64/OvmfPkg/PciHotPlugInitDxe/PciHotPlugInit/DEBUG/PciHotPlugInitDxe.dll.lto.obj:(.text$OrderedCollectionNext)
00002bf2 00000000     0                 OrderedCollectionNext
00002c24 00000033     1         /home/arun/Desktop/darpa_ex1/darpa_demo_edk2/Build/OvmfX64/DEBUG_CLANGPDB/X64/OvmfPkg/PciHotPlugInitDxe/PciHotPlugInit/DEBUG/PciHotPlugInitDxe.dll.lto.obj:(.text$OrderedCollectionUninit)
00002c24 00000000     0                 OrderedCollectionUninit
00002c57 0000019a     1         /home/arun/Desktop/darpa_ex1/darpa_demo_edk2/Build/OvmfX64/DEBUG_CLANGPDB/X64/OvmfPkg/PciHotPlugInitDxe/PciHotPlugInit/DEBUG/PciHotPlugInitDxe.dll.lto.obj:(.text$PciRead16)
00002c57 00000000     0                 PciRead16
00002df1 00000035     1         /home/arun/Desktop/darpa_ex1/darpa_demo_edk2/Build/OvmfX64/DEBUG_CLANGPDB/X64/OvmfPkg/PciHotPlugInitDxe/PciHotPlugInit/DEBUG/PciHotPlugInitDxe.dll.lto.obj:(.text$PciSegmentRead16)
00002df1 00000000     0                 PciSegmentRead16
00002e26 00000149     1         /home/arun/Desktop/darpa_ex1/darpa_demo_edk2/Build/OvmfX64/DEBUG_CLANGPDB/X64/OvmfPkg/PciHotPlugInitDxe/PciHotPlugInit/DEBUG/PciHotPlugInitDxe.dll.lto.obj:(.text$PciSegmentRead8)
00002e26 00000000     0                 PciSegmentRead8
00002f6f 000001d0     1         /home/arun/Desktop/darpa_ex1/darpa_demo_edk2/Build/OvmfX64/DEBUG_CLANGPDB/X64/OvmfPkg/PciHotPlugInitDxe/PciHotPlugInit/DEBUG/PciHotPlugInitDxe.dll.lto.obj:(.text$PciSegmentWrite16)
00002f6f 00000000     0                 PciSegmentWrite16
0000313f 00000150     1         /home/arun/Desktop/darpa_ex1/darpa_demo_edk2/Build/OvmfX64/DEBUG_CLANGPDB/X64/OvmfPkg/PciHotPlugInitDxe/PciHotPlugInit/DEBUG/PciHotPlugInitDxe.dll.lto.obj:(.text$PciSegmentWrite8)
0000313f 00000000     0                 PciSegmentWrite8
0000328f 00000037     1         /home/arun/Desktop/darpa_ex1/darpa_demo_edk2/Build/OvmfX64/DEBUG_CLANGPDB/X64/OvmfPkg/PciHotPlugInitDxe/PciHotPlugInit/DEBUG/PciHotPlugInitDxe.dll.lto.obj:(.text$PlatformDebugLibIoPortFound)
0000328f 00000000     0                 PlatformDebugLibIoPortFound
000032c6 0000002e     1         /home/arun/Desktop/darpa_ex1/darpa_demo_edk2/Build/OvmfX64/DEBUG_CLANGPDB/X64/OvmfPkg/PciHotPlugInitDxe/PciHotPlugInit/DEBUG/PciHotPlugInitDxe.dll.lto.obj:(.text$ReadUnaligned16)
000032c6 00000000     0                 ReadUnaligned16
000032f4 0000003e     1         /home/arun/Desktop/darpa_ex1/darpa_demo_edk2/Build/OvmfX64/DEBUG_CLANGPDB/X64/OvmfPkg/PciHotPlugInitDxe/PciHotPlugInit/DEBUG/PciHotPlugInitDxe.dll.lto.obj:(.text$RedBlackTreeRotateLeft)
000032f4 00000000     0                 RedBlackTreeRotateLeft
00003332 0000003e     1         /home/arun/Desktop/darpa_ex1/darpa_demo_edk2/Build/OvmfX64/DEBUG_CLANGPDB/X64/OvmfPkg/PciHotPlugInitDxe/PciHotPlugInit/DEBUG/PciHotPlugInitDxe.dll.lto.obj:(.text$RedBlackTreeRotateRight)
00003332 00000000     0                 RedBlackTreeRotateRight
00003370 0000033f     1         /home/arun/Desktop/darpa_ex1/darpa_demo_edk2/Build/OvmfX64/DEBUG_CLANGPDB/X64/OvmfPkg/PciHotPlugInitDxe/PciHotPlugInit/DEBUG/PciHotPlugInitDxe.dll.lto.obj:(.text$SegmentDevReadConfig)
00003370 00000000     0                 SegmentDevReadConfig
000036af 00000340     1         /home/arun/Desktop/darpa_ex1/darpa_demo_edk2/Build/OvmfX64/DEBUG_CLANGPDB/X64/OvmfPkg/PciHotPlugInitDxe/PciHotPlugInit/DEBUG/PciHotPlugInitDxe.dll.lto.obj:(.text$SegmentDevWriteConfig)
000036af 00000000     0                 SegmentDevWriteConfig
000039ef 00000027     1         /home/arun/Desktop/darpa_ex1/darpa_demo_edk2/Build/OvmfX64/DEBUG_CLANGPDB/X64/OvmfPkg/PciHotPlugInitDxe/PciHotPlugInit/DEBUG/PciHotPlugInitDxe.dll.lto.obj:(.text$SetIoPadding)
000039ef 00000000     0                 SetIoPadding
00003a16 00000056     1         /home/arun/Desktop/darpa_ex1/darpa_demo_edk2/Build/OvmfX64/DEBUG_CLANGPDB/X64/OvmfPkg/PciHotPlugInitDxe/PciHotPlugInit/DEBUG/PciHotPlugInitDxe.dll.lto.obj:(.text$SetMmioPadding)
00003a16 00000000     0                 SetMmioPadding
00003a6c 00000058     1         /home/arun/Desktop/darpa_ex1/darpa_demo_edk2/Build/OvmfX64/DEBUG_CLANGPDB/X64/OvmfPkg/PciHotPlugInitDxe/PciHotPlugInit/DEBUG/PciHotPlugInitDxe.dll.lto.obj:(.text$TdIoWrite8)
00003a6c 00000000     0                 TdIoWrite8
00003ac4 00000087     1         /home/arun/Desktop/darpa_ex1/darpa_demo_edk2/Build/OvmfX64/DEBUG_CLANGPDB/X64/OvmfPkg/PciHotPlugInitDxe/PciHotPlugInit/DEBUG/PciHotPlugInitDxe.dll.lto.obj:(.text$TdSharedPageMask)
00003ac4 00000000     0                 TdSharedPageMask
00003b4b 00000034     1         /home/arun/Desktop/darpa_ex1/darpa_demo_edk2/Build/OvmfX64/DEBUG_CLANGPDB/X64/OvmfPkg/PciHotPlugInitDxe/PciHotPlugInit/DEBUG/PciHotPlugInitDxe.dll.lto.obj:(.text$WriteUnaligned16)
00003b4b 00000000     0                 WriteUnaligned16
00003b7f 0000019b     1         /home/arun/Desktop/darpa_ex1/darpa_demo_edk2/Build/OvmfX64/DEBUG_CLANGPDB/X64/OvmfPkg/PciHotPlugInitDxe/PciHotPlugInit/DEBUG/PciHotPlugInitDxe.dll.lto.obj:(.text$_ModuleEntryPoint)
00003b7f 00000000     0                 _ModuleEntryPoint
00003d20 00000ebf  4096 .rdata
00003d20 00000012     1         /home/arun/Desktop/darpa_ex1/darpa_demo_edk2/Build/OvmfX64/DEBUG_CLANGPDB/X64/OvmfPkg/PciHotPlugInitDxe/PciHotPlugInit/DEBUG/PciHotPlugInitDxe.dll.lto.obj:(.rdata)
00003d20 00000000     0                 .str.11
00003d32 0000000a     1         /home/arun/Desktop/darpa_ex1/darpa_demo_edk2/Build/OvmfX64/DEBUG_CLANGPDB/X64/OvmfPkg/PciHotPlugInitDxe/PciHotPlugInit/DEBUG/PciHotPlugInitDxe.dll.lto.obj:(.rdata)
00003d32 00000000     0                 .str.2.4
00003d3c 0000000b     1         /home/arun/Desktop/darpa_ex1/darpa_demo_edk2/Build/OvmfX64/DEBUG_CLANGPDB/X64/OvmfPkg/PciHotPlugInitDxe/PciHotPlugInit/DEBUG/PciHotPlugInitDxe.dll.lto.obj:(.rdata)
00003d3c 00000000     0                 .str.20
00003d47 00000017     1         /home/arun/Desktop/darpa_ex1/darpa_demo_edk2/Build/OvmfX64/DEBUG_CLANGPDB/X64/OvmfPkg/PciHotPlugInitDxe/PciHotPlugInit/DEBUG/PciHotPlugInitDxe.dll.lto.obj:(.rdata)
00003d47 00000000     0                 .str.1.21
00003d5e 00000014     1         /home/arun/Desktop/darpa_ex1/darpa_demo_edk2/Build/OvmfX64/DEBUG_CLANGPDB/X64/OvmfPkg/PciHotPlugInitDxe/PciHotPlugInit/DEBUG/PciHotPlugInitDxe.dll.lto.obj:(.rdata)
00003d5e 00000000     0                 .str.2.24
00003d72 0000001b     1         /home/arun/Desktop/darpa_ex1/darpa_demo_edk2/Build/OvmfX64/DEBUG_CLANGPDB/X64/OvmfPkg/PciHotPlugInitDxe/PciHotPlugInit/DEBUG/PciHotPlugInitDxe.dll.lto.obj:(.rdata)
00003d72 00000000     0                 .str.33
00003d8d 0000001d     1         /home/arun/Desktop/darpa_ex1/darpa_demo_edk2/Build/OvmfX64/DEBUG_CLANGPDB/X64/OvmfPkg/PciHotPlugInitDxe/PciHotPlugInit/DEBUG/PciHotPlugInitDxe.dll.lto.obj:(.rdata)
00003d8d 00000000     0                 .str.1.34
00003daa 00000014     1         /home/arun/Desktop/darpa_ex1/darpa_demo_edk2/Build/OvmfX64/DEBUG_CLANGPDB/X64/OvmfPkg/PciHotPlugInitDxe/PciHotPlugInit/DEBUG/PciHotPlugInitDxe.dll.lto.obj:(.rdata)
00003daa 00000000     0                 .str.2.37
00003dbe 00000014     1         /home/arun/Desktop/darpa_ex1/darpa_demo_edk2/Build/OvmfX64/DEBUG_CLANGPDB/X64/OvmfPkg/PciHotPlugInitDxe/PciHotPlugInit/DEBUG/PciHotPlugInitDxe.dll.lto.obj:(.rdata)
00003dbe 00000000     0                 .str.3.40
00003dd2 00000014     1         /home/arun/Desktop/darpa_ex1/darpa_demo_edk2/Build/OvmfX64/DEBUG_CLANGPDB/X64/OvmfPkg/PciHotPlugInitDxe/PciHotPlugInit/DEBUG/PciHotPlugInitDxe.dll.lto.obj:(.rdata)
00003dd2 00000000     0                 .str.1.50
00003de6 00000032     1         /home/arun/Desktop/darpa_ex1/darpa_demo_edk2/Build/OvmfX64/DEBUG_CLANGPDB/X64/OvmfPkg/PciHotPlugInitDxe/PciHotPlugInit/DEBUG/PciHotPlugInitDxe.dll.lto.obj:(.rdata)
00003de6 00000000     0                 .str.3.52
00003e18 00000011     1         /home/arun/Desktop/darpa_ex1/darpa_demo_edk2/Build/OvmfX64/DEBUG_CLANGPDB/X64/OvmfPkg/PciHotPlugInitDxe/PciHotPlugInit/DEBUG/PciHotPlugInitDxe.dll.lto.obj:(.rdata)
00003e18 00000000     0                 .str.58
00003e29 00000012     1         /home/arun/Desktop/darpa_ex1/darpa_demo_edk2/Build/OvmfX64/DEBUG_CLANGPDB/X64/OvmfPkg/PciHotPlugInitDxe/PciHotPlugInit/DEBUG/PciHotPlugInitDxe.dll.lto.obj:(.rdata)
00003e29 00000000     0                 .str.1.59
00003e3b 00000028     1         /home/arun/Desktop/darpa_ex1/darpa_demo_edk2/Build/OvmfX64/DEBUG_CLANGPDB/X64/OvmfPkg/PciHotPlugInitDxe/PciHotPlugInit/DEBUG/PciHotPlugInitDxe.dll.lto.obj:(.rdata)
00003e3b 00000000     0                 .str.2.56
00003e63 00000013     1         /home/arun/Desktop/darpa_ex1/darpa_demo_edk2/Build/OvmfX64/DEBUG_CLANGPDB/X64/OvmfPkg/PciHotPlugInitDxe/PciHotPlugInit/DEBUG/PciHotPlugInitDxe.dll.lto.obj:(.rdata)
00003e63 00000000     0                 __FUNCTION__.GetResourcePadding
00003e76 0000001c     2         /home/arun/Desktop/darpa_ex1/darpa_demo_edk2/Build/OvmfX64/DEBUG_CLANGPDB/X64/OvmfPkg/PciHotPlugInitDxe/PciHotPlugInit/DEBUG/PciHotPlugInitDxe.dll.lto.obj:(.rdata)
00003e76 00000000     0                 .str.3.55
00003e92 00000077     1         /home/arun/Desktop/darpa_ex1/darpa_demo_edk2/Build/OvmfX64/DEBUG_CLANGPDB/X64/OvmfPkg/PciHotPlugInitDxe/PciHotPlugInit/DEBUG/PciHotPlugInitDxe.dll.lto.obj:(.rdata)
00003e92 00000000     0                 .str.4.57
00003f09 0000000c     1         /home/arun/Desktop/darpa_ex1/darpa_demo_edk2/Build/OvmfX64/DEBUG_CLANGPDB/X64/OvmfPkg/PciHotPlugInitDxe/PciHotPlugInit/DEBUG/PciHotPlugInitDxe.dll.lto.obj:(.rdata)
00003f09 00000000     0                 .str.1.77
00003f15 00000015     1         /home/arun/Desktop/darpa_ex1/darpa_demo_edk2/Build/OvmfX64/DEBUG_CLANGPDB/X64/OvmfPkg/PciHotPlugInitDxe/PciHotPlugInit/DEBUG/PciHotPlugInitDxe.dll.lto.obj:(.rdata)
00003f15 00000000     0                 .str.4.79
00003f2a 00000010     1         /home/arun/Desktop/darpa_ex1/darpa_demo_edk2/Build/OvmfX64/DEBUG_CLANGPDB/X64/OvmfPkg/PciHotPlugInitDxe/PciHotPlugInit/DEBUG/PciHotPlugInitDxe.dll.lto.obj:(.rdata)
00003f2a 00000000     0                 .str.84
00003f3a 0000001e     1         /home/arun/Desktop/darpa_ex1/darpa_demo_edk2/Build/OvmfX64/DEBUG_CLANGPDB/X64/OvmfPkg/PciHotPlugInitDxe/PciHotPlugInit/DEBUG/PciHotPlugInitDxe.dll.lto.obj:(.rdata)
00003f3a 00000000     0                 .str.1.85
00003f58 0000000c     1         /home/arun/Desktop/darpa_ex1/darpa_demo_edk2/Build/OvmfX64/DEBUG_CLANGPDB/X64/OvmfPkg/PciHotPlugInitDxe/PciHotPlugInit/DEBUG/PciHotPlugInitDxe.dll.lto.obj:(.rdata)
00003f58 00000000     0                 .str.98
00003f64 00000026     1         /home/arun/Desktop/darpa_ex1/darpa_demo_edk2/Build/OvmfX64/DEBUG_CLANGPDB/X64/OvmfPkg/PciHotPlugInitDxe/PciHotPlugInit/DEBUG/PciHotPlugInitDxe.dll.lto.obj:(.rdata)
00003f64 00000000     0                 .str.1.99
00003f8a 00000026     1         /home/arun/Desktop/darpa_ex1/darpa_demo_edk2/Build/OvmfX64/DEBUG_CLANGPDB/X64/OvmfPkg/PciHotPlugInitDxe/PciHotPlugInit/DEBUG/PciHotPlugInitDxe.dll.lto.obj:(.rdata)
00003f8a 00000000     0                 .str.2.104
00003fb0 00000026     1         /home/arun/Desktop/darpa_ex1/darpa_demo_edk2/Build/OvmfX64/DEBUG_CLANGPDB/X64/OvmfPkg/PciHotPlugInitDxe/PciHotPlugInit/DEBUG/PciHotPlugInitDxe.dll.lto.obj:(.rdata)
00003fb0 00000000     0                 .str.3.109
00003fd6 0000000c     1         /home/arun/Desktop/darpa_ex1/darpa_demo_edk2/Build/OvmfX64/DEBUG_CLANGPDB/X64/OvmfPkg/PciHotPlugInitDxe/PciHotPlugInit/DEBUG/PciHotPlugInitDxe.dll.lto.obj:(.rdata)
00003fd6 00000000     0                 .str.112
00003fe2 00000011     1         /home/arun/Desktop/darpa_ex1/darpa_demo_edk2/Build/OvmfX64/DEBUG_CLANGPDB/X64/OvmfPkg/PciHotPlugInitDxe/PciHotPlugInit/DEBUG/PciHotPlugInitDxe.dll.lto.obj:(.rdata)
00003fe2 00000000     0                 .str.114
00003ff3 00000043     1         /home/arun/Desktop/darpa_ex1/darpa_demo_edk2/Build/OvmfX64/DEBUG_CLANGPDB/X64/OvmfPkg/PciHotPlugInitDxe/PciHotPlugInit/DEBUG/PciHotPlugInitDxe.dll.lto.obj:(.rdata)
00003ff3 00000000     0                 .str.1.115
00004036 0000003e     1         /home/arun/Desktop/darpa_ex1/darpa_demo_edk2/Build/OvmfX64/DEBUG_CLANGPDB/X64/OvmfPkg/PciHotPlugInitDxe/PciHotPlugInit/DEBUG/PciHotPlugInitDxe.dll.lto.obj:(.rdata)
00004036 00000000     0                 .str.2.116
00004074 00000016     1         /home/arun/Desktop/darpa_ex1/darpa_demo_edk2/Build/OvmfX64/DEBUG_CLANGPDB/X64/OvmfPkg/PciHotPlugInitDxe/PciHotPlugInit/DEBUG/PciHotPlugInitDxe.dll.lto.obj:(.rdata)
00004074 00000000     0                 .str.117
0000408a 00000021     1         /home/arun/Desktop/darpa_ex1/darpa_demo_edk2/Build/OvmfX64/DEBUG_CLANGPDB/X64/OvmfPkg/PciHotPlugInitDxe/PciHotPlugInit/DEBUG/PciHotPlugInitDxe.dll.lto.obj:(.rdata)
0000408a 00000000     0                 .str.2.122
000040ab 0000003e     1         /home/arun/Desktop/darpa_ex1/darpa_demo_edk2/Build/OvmfX64/DEBUG_CLANGPDB/X64/OvmfPkg/PciHotPlugInitDxe/PciHotPlugInit/DEBUG/PciHotPlugInitDxe.dll.lto.obj:(.rdata)
000040ab 00000000     0                 .str.7
000040e9 00000011     1         /home/arun/Desktop/darpa_ex1/darpa_demo_edk2/Build/OvmfX64/DEBUG_CLANGPDB/X64/OvmfPkg/PciHotPlugInitDxe/PciHotPlugInit/DEBUG/PciHotPlugInitDxe.dll.lto.obj:(.rdata)
000040e9 00000000     0                 .str.126
000040fa 00000036     1         /home/arun/Desktop/darpa_ex1/darpa_demo_edk2/Build/OvmfX64/DEBUG_CLANGPDB/X64/OvmfPkg/PciHotPlugInitDxe/PciHotPlugInit/DEBUG/PciHotPlugInitDxe.dll.lto.obj:(.rdata)
000040fa 00000000     0                 .str.2.128
00004130 0000001a     1         /home/arun/Desktop/darpa_ex1/darpa_demo_edk2/Build/OvmfX64/DEBUG_CLANGPDB/X64/OvmfPkg/PciHotPlugInitDxe/PciHotPlugInit/DEBUG/PciHotPlugInitDxe.dll.lto.obj:(.rdata)
00004130 00000000     0                 .str.131
0000414a 00000015     1         /home/arun/Desktop/darpa_ex1/darpa_demo_edk2/Build/OvmfX64/DEBUG_CLANGPDB/X64/OvmfPkg/PciHotPlugInitDxe/PciHotPlugInit/DEBUG/PciHotPlugInitDxe.dll.lto.obj:(.rdata)
0000414a 00000000     0                 .str.1.132
0000415f 00000010     1         /home/arun/Desktop/darpa_ex1/darpa_demo_edk2/Build/OvmfX64/DEBUG_CLANGPDB/X64/OvmfPkg/PciHotPlugInitDxe/PciHotPlugInit/DEBUG/PciHotPlugInitDxe.dll.lto.obj:(.rdata)
0000415f 00000000     0                 .str.137
0000416f 00000029     1         /home/arun/Desktop/darpa_ex1/darpa_demo_edk2/Build/OvmfX64/DEBUG_CLANGPDB/X64/OvmfPkg/PciHotPlugInitDxe/PciHotPlugInit/DEBUG/PciHotPlugInitDxe.dll.lto.obj:(.rdata)
0000416f 00000000     0                 .str.1.138
00004198 0000000b     1         /home/arun/Desktop/darpa_ex1/darpa_demo_edk2/Build/OvmfX64/DEBUG_CLANGPDB/X64/OvmfPkg/PciHotPlugInitDxe/PciHotPlugInit/DEBUG/PciHotPlugInitDxe.dll.lto.obj:(.rdata)
00004198 00000000     0                 .str.3.139
000041a3 0000000f     1         /home/arun/Desktop/darpa_ex1/darpa_demo_edk2/Build/OvmfX64/DEBUG_CLANGPDB/X64/OvmfPkg/PciHotPlugInitDxe/PciHotPlugInit/DEBUG/PciHotPlugInitDxe.dll.lto.obj:(.rdata)
000041a3 00000000     0                 __FUNCTION__.PciCapListInit
000041b2 00000014     1         /home/arun/Desktop/darpa_ex1/darpa_demo_edk2/Build/OvmfX64/DEBUG_CLANGPDB/X64/OvmfPkg/PciHotPlugInitDxe/PciHotPlugInit/DEBUG/PciHotPlugInitDxe.dll.lto.obj:(.rdata)
000041b2 00000000     0                 .str.5
000041c6 00000034     1         /home/arun/Desktop/darpa_ex1/darpa_demo_edk2/Build/OvmfX64/DEBUG_CLANGPDB/X64/OvmfPkg/PciHotPlugInitDxe/PciHotPlugInit/DEBUG/PciHotPlugInitDxe.dll.lto.obj:(.rdata)
000041c6 00000000     0                 .str.6.141
000041fa 00000029     1         /home/arun/Desktop/darpa_ex1/darpa_demo_edk2/Build/OvmfX64/DEBUG_CLANGPDB/X64/OvmfPkg/PciHotPlugInitDxe/PciHotPlugInit/DEBUG/PciHotPlugInitDxe.dll.lto.obj:(.rdata)
000041fa 00000000     0                 .str.7.142
00004223 0000003a     1         /home/arun/Desktop/darpa_ex1/darpa_demo_edk2/Build/OvmfX64/DEBUG_CLANGPDB/X64/OvmfPkg/PciHotPlugInitDxe/PciHotPlugInit/DEBUG/PciHotPlugInitDxe.dll.lto.obj:(.rdata)
00004223 00000000     0                 .str.8
0000425d 00000019     1         /home/arun/Desktop/darpa_ex1/darpa_demo_edk2/Build/OvmfX64/DEBUG_CLANGPDB/X64/OvmfPkg/PciHotPlugInitDxe/PciHotPlugInit/DEBUG/PciHotPlugInitDxe.dll.lto.obj:(.rdata)
0000425d 00000000     0                 .str.9
00004276 00000024     1         /home/arun/Desktop/darpa_ex1/darpa_demo_edk2/Build/OvmfX64/DEBUG_CLANGPDB/X64/OvmfPkg/PciHotPlugInitDxe/PciHotPlugInit/DEBUG/PciHotPlugInitDxe.dll.lto.obj:(.rdata)
00004276 00000000     0                 .str.10
0000429a 00000027     1         /home/arun/Desktop/darpa_ex1/darpa_demo_edk2/Build/OvmfX64/DEBUG_CLANGPDB/X64/OvmfPkg/PciHotPlugInitDxe/PciHotPlugInit/DEBUG/PciHotPlugInitDxe.dll.lto.obj:(.rdata)
0000429a 00000000     0                 .str.11.143
000042c1 0000001d     1         /home/arun/Desktop/darpa_ex1/darpa_demo_edk2/Build/OvmfX64/DEBUG_CLANGPDB/X64/OvmfPkg/PciHotPlugInitDxe/PciHotPlugInit/DEBUG/PciHotPlugInitDxe.dll.lto.obj:(.rdata)
000042c1 00000000     0                 .str.12
000042de 00000042     1         /home/arun/Desktop/darpa_ex1/darpa_demo_edk2/Build/OvmfX64/DEBUG_CLANGPDB/X64/OvmfPkg/PciHotPlugInitDxe/PciHotPlugInit/DEBUG/PciHotPlugInitDxe.dll.lto.obj:(.rdata)
000042de 00000000     0                 .str.13
00004320 00000021     1         /home/arun/Desktop/darpa_ex1/darpa_demo_edk2/Build/OvmfX64/DEBUG_CLANGPDB/X64/OvmfPkg/PciHotPlugInitDxe/PciHotPlugInit/DEBUG/PciHotPlugInitDxe.dll.lto.obj:(.rdata)
00004320 00000000     0                 .str.14
00004341 00000031     1         /home/arun/Desktop/darpa_ex1/darpa_demo_edk2/Build/OvmfX64/DEBUG_CLANGPDB/X64/OvmfPkg/PciHotPlugInitDxe/PciHotPlugInit/DEBUG/PciHotPlugInitDxe.dll.lto.obj:(.rdata)
00004341 00000000     0                 .str.15
00004372 00000014     1         /home/arun/Desktop/darpa_ex1/darpa_demo_edk2/Build/OvmfX64/DEBUG_CLANGPDB/X64/OvmfPkg/PciHotPlugInitDxe/PciHotPlugInit/DEBUG/PciHotPlugInitDxe.dll.lto.obj:(.rdata)
00004372 00000000     0                 __FUNCTION__.DebugDumpPciCapList
00004386 00000005     1         /home/arun/Desktop/darpa_ex1/darpa_demo_edk2/Build/OvmfX64/DEBUG_CLANGPDB/X64/OvmfPkg/PciHotPlugInitDxe/PciHotPlugInit/DEBUG/PciHotPlugInitDxe.dll.lto.obj:(.rdata)
00004386 00000000     0                 .str.16
0000438b 00000005     1         /home/arun/Desktop/darpa_ex1/darpa_demo_edk2/Build/OvmfX64/DEBUG_CLANGPDB/X64/OvmfPkg/PciHotPlugInitDxe/PciHotPlugInit/DEBUG/PciHotPlugInitDxe.dll.lto.obj:(.rdata)
0000438b 00000000     0                 .str.17
00004390 0000000c     1         /home/arun/Desktop/darpa_ex1/darpa_demo_edk2/Build/OvmfX64/DEBUG_CLANGPDB/X64/OvmfPkg/PciHotPlugInitDxe/PciHotPlugInit/DEBUG/PciHotPlugInitDxe.dll.lto.obj:(.rdata)
00004390 00000000     0                 .str.154
0000439c 0000000b     1         /home/arun/Desktop/darpa_ex1/darpa_demo_edk2/Build/OvmfX64/DEBUG_CLANGPDB/X64/OvmfPkg/PciHotPlugInitDxe/PciHotPlugInit/DEBUG/PciHotPlugInitDxe.dll.lto.obj:(.rdata)
0000439c 00000000     0                 .str.1.155
000043a7 00000013     1         /home/arun/Desktop/darpa_ex1/darpa_demo_edk2/Build/OvmfX64/DEBUG_CLANGPDB/X64/OvmfPkg/PciHotPlugInitDxe/PciHotPlugInit/DEBUG/PciHotPlugInitDxe.dll.lto.obj:(.rdata)
000043a7 00000000     0                 .str.160
000043ba 00000019     1         /home/arun/Desktop/darpa_ex1/darpa_demo_edk2/Build/OvmfX64/DEBUG_CLANGPDB/X64/OvmfPkg/PciHotPlugInitDxe/PciHotPlugInit/DEBUG/PciHotPlugInitDxe.dll.lto.obj:(.rdata)
000043ba 00000000     0                 .str.5.161
000043d3 00000019     1         /home/arun/Desktop/darpa_ex1/darpa_demo_edk2/Build/OvmfX64/DEBUG_CLANGPDB/X64/OvmfPkg/PciHotPlugInitDxe/PciHotPlugInit/DEBUG/PciHotPlugInitDxe.dll.lto.obj:(.rdata)
000043d3 00000000     0                 .str.12.162
000043ec 00000083     1         /home/arun/Desktop/darpa_ex1/darpa_demo_edk2/Build/OvmfX64/DEBUG_CLANGPDB/X64/OvmfPkg/PciHotPlugInitDxe/PciHotPlugInit/DEBUG/PciHotPlugInitDxe.dll.lto.obj:(.rdata)
000043ec 00000000     0                 .str.15.166
0000446f 0000000e     1         /home/arun/Desktop/darpa_ex1/darpa_demo_edk2/Build/OvmfX64/DEBUG_CLANGPDB/X64/OvmfPkg/PciHotPlugInitDxe/PciHotPlugInit/DEBUG/PciHotPlugInitDxe.dll.lto.obj:(.rdata)
0000446f 00000000     0                 .str.16.167
0000447d 0000000c     1         /home/arun/Desktop/darpa_ex1/darpa_demo_edk2/Build/OvmfX64/DEBUG_CLANGPDB/X64/OvmfPkg/PciHotPlugInitDxe/PciHotPlugInit/DEBUG/PciHotPlugInitDxe.dll.lto.obj:(.rdata)
0000447d 00000000     0                 .str.17.169
00004489 00000031     1         /home/arun/Desktop/darpa_ex1/darpa_demo_edk2/Build/OvmfX64/DEBUG_CLANGPDB/X64/OvmfPkg/PciHotPlugInitDxe/PciHotPlugInit/DEBUG/PciHotPlugInitDxe.dll.lto.obj:(.rdata)
00004489 00000000     0                 .str.18
000044ba 0000000c     1         /home/arun/Desktop/darpa_ex1/darpa_demo_edk2/Build/OvmfX64/DEBUG_CLANGPDB/X64/OvmfPkg/PciHotPlugInitDxe/PciHotPlugInit/DEBUG/PciHotPlugInitDxe.dll.lto.obj:(.rdata)
000044ba 00000000     0                 .str.19
000044c6 0000001a     1         /home/arun/Desktop/darpa_ex1/darpa_demo_edk2/Build/OvmfX64/DEBUG_CLANGPDB/X64/OvmfPkg/PciHotPlugInitDxe/PciHotPlugInit/DEBUG/PciHotPlugInitDxe.dll.lto.obj:(.rdata)
000044c6 00000000     0                 .str.20.168
000044e0 00000005     1         /home/arun/Desktop/darpa_ex1/darpa_demo_edk2/Build/OvmfX64/DEBUG_CLANGPDB/X64/OvmfPkg/PciHotPlugInitDxe/PciHotPlugInit/DEBUG/PciHotPlugInitDxe.dll.lto.obj:(.rdata)
000044e0 00000000     0                 .str.21
000044e5 00000003     1         /home/arun/Desktop/darpa_ex1/darpa_demo_edk2/Build/OvmfX64/DEBUG_CLANGPDB/X64/OvmfPkg/PciHotPlugInitDxe/PciHotPlugInit/DEBUG/PciHotPlugInitDxe.dll.lto.obj:(.rdata)
000044e5 00000000     0                 .str.22
000044e8 00000002     1         /home/arun/Desktop/darpa_ex1/darpa_demo_edk2/Build/OvmfX64/DEBUG_CLANGPDB/X64/OvmfPkg/PciHotPlugInitDxe/PciHotPlugInit/DEBUG/PciHotPlugInitDxe.dll.lto.obj:(.rdata)
000044e8 00000000     0                 .str.23
000044ea 00000013     1         /home/arun/Desktop/darpa_ex1/darpa_demo_edk2/Build/OvmfX64/DEBUG_CLANGPDB/X64/OvmfPkg/PciHotPlugInitDxe/PciHotPlugInit/DEBUG/PciHotPlugInitDxe.dll.lto.obj:(.rdata)
000044ea 00000000     0                 .str.173
000044fd 0000000b     1         /home/arun/Desktop/darpa_ex1/darpa_demo_edk2/Build/OvmfX64/DEBUG_CLANGPDB/X64/OvmfPkg/PciHotPlugInitDxe/PciHotPlugInit/DEBUG/PciHotPlugInitDxe.dll.lto.obj:(.rdata)
000044fd 00000000     0                 .str.186
00004508 00000010     1         /home/arun/Desktop/darpa_ex1/darpa_demo_edk2/Build/OvmfX64/DEBUG_CLANGPDB/X64/OvmfPkg/PciHotPlugInitDxe/PciHotPlugInit/DEBUG/PciHotPlugInitDxe.dll.lto.obj:(.rdata)
00004508 00000000     0                 .str.2.192
00004518 00000008     1         /home/arun/Desktop/darpa_ex1/darpa_demo_edk2/Build/OvmfX64/DEBUG_CLANGPDB/X64/OvmfPkg/PciHotPlugInitDxe/PciHotPlugInit/DEBUG/PciHotPlugInitDxe.dll.lto.obj:(.rdata)
00004518 00000000     0                 .str.201
00004520 00000013     1         /home/arun/Desktop/darpa_ex1/darpa_demo_edk2/Build/OvmfX64/DEBUG_CLANGPDB/X64/OvmfPkg/PciHotPlugInitDxe/PciHotPlugInit/DEBUG/PciHotPlugInitDxe.dll.lto.obj:(.rdata)
00004520 00000000     0                 .str.2.202
00004533 00000013     1         /home/arun/Desktop/darpa_ex1/darpa_demo_edk2/Build/OvmfX64/DEBUG_CLANGPDB/X64/OvmfPkg/PciHotPlugInitDxe/PciHotPlugInit/DEBUG/PciHotPlugInitDxe.dll.lto.obj:(.rdata)
00004533 00000000     0                 .str.3.207
00004546 00000010     1         /home/arun/Desktop/darpa_ex1/darpa_demo_edk2/Build/OvmfX64/DEBUG_CLANGPDB/X64/OvmfPkg/PciHotPlugInitDxe/PciHotPlugInit/DEBUG/PciHotPlugInitDxe.dll.lto.obj:(.rdata)
00004546 00000000     0                 .str.220
00004556 00000031     1         /home/arun/Desktop/darpa_ex1/darpa_demo_edk2/Build/OvmfX64/DEBUG_CLANGPDB/X64/OvmfPkg/PciHotPlugInitDxe/PciHotPlugInit/DEBUG/PciHotPlugInitDxe.dll.lto.obj:(.rdata)
00004556 00000000     0                 .str.1.221
00004587 00000031     1         /home/arun/Desktop/darpa_ex1/darpa_demo_edk2/Build/OvmfX64/DEBUG_CLANGPDB/X64/OvmfPkg/PciHotPlugInitDxe/PciHotPlugInit/DEBUG/PciHotPlugInitDxe.dll.lto.obj:(.rdata)
00004587 00000000     0                 .str.2.222
000045b8 00000031     1         /home/arun/Desktop/darpa_ex1/darpa_demo_edk2/Build/OvmfX64/DEBUG_CLANGPDB/X64/OvmfPkg/PciHotPlugInitDxe/PciHotPlugInit/DEBUG/PciHotPlugInitDxe.dll.lto.obj:(.rdata)
000045b8 00000000     0                 .str.3.223
000045e9 00000036     1         /home/arun/Desktop/darpa_ex1/darpa_demo_edk2/Build/OvmfX64/DEBUG_CLANGPDB/X64/OvmfPkg/PciHotPlugInitDxe/PciHotPlugInit/DEBUG/PciHotPlugInitDxe.dll.lto.obj:(.rdata)
000045e9 00000000     0                 .str.4.226
0000461f 0000002a     1         /home/arun/Desktop/darpa_ex1/darpa_demo_edk2/Build/OvmfX64/DEBUG_CLANGPDB/X64/OvmfPkg/PciHotPlugInitDxe/PciHotPlugInit/DEBUG/PciHotPlugInitDxe.dll.lto.obj:(.rdata)
0000461f 00000000     0                 .str.5.227
00004649 00000017     1         /home/arun/Desktop/darpa_ex1/darpa_demo_edk2/Build/OvmfX64/DEBUG_CLANGPDB/X64/OvmfPkg/PciHotPlugInitDxe/PciHotPlugInit/DEBUG/PciHotPlugInitDxe.dll.lto.obj:(.rdata)
00004649 00000000     0                 .str.6.228
00004660 00000027     1         /home/arun/Desktop/darpa_ex1/darpa_demo_edk2/Build/OvmfX64/DEBUG_CLANGPDB/X64/OvmfPkg/PciHotPlugInitDxe/PciHotPlugInit/DEBUG/PciHotPlugInitDxe.dll.lto.obj:(.rdata)
00004660 00000000     0                 .str.236
00004687 00000020     1         /home/arun/Desktop/darpa_ex1/darpa_demo_edk2/Build/OvmfX64/DEBUG_CLANGPDB/X64/OvmfPkg/PciHotPlugInitDxe/PciHotPlugInit/DEBUG/PciHotPlugInitDxe.dll.lto.obj:(.rdata)
00004687 00000000     0                 .str.1.254
000046a7 0000001e     1         /home/arun/Desktop/darpa_ex1/darpa_demo_edk2/Build/OvmfX64/DEBUG_CLANGPDB/X64/OvmfPkg/PciHotPlugInitDxe/PciHotPlugInit/DEBUG/PciHotPlugInitDxe.dll.lto.obj:(.rdata)
000046a7 00000000     0                 .str.2.259
000046c5 00000018     1         /home/arun/Desktop/darpa_ex1/darpa_demo_edk2/Build/OvmfX64/DEBUG_CLANGPDB/X64/OvmfPkg/PciHotPlugInitDxe/PciHotPlugInit/DEBUG/PciHotPlugInitDxe.dll.lto.obj:(.rdata)
000046c5 00000000     0                 .str.3.262
000046dd 00000024     1         /home/arun/Desktop/darpa_ex1/darpa_demo_edk2/Build/OvmfX64/DEBUG_CLANGPDB/X64/OvmfPkg/PciHotPlugInitDxe/PciHotPlugInit/DEBUG/PciHotPlugInitDxe.dll.lto.obj:(.rdata)
000046dd 00000000     0                 .str.4.263
00004701 0000001c     1         /home/arun/Desktop/darpa_ex1/darpa_demo_edk2/Build/OvmfX64/DEBUG_CLANGPDB/X64/OvmfPkg/PciHotPlugInitDxe/PciHotPlugInit/DEBUG/PciHotPlugInitDxe.dll.lto.obj:(.rdata)
00004701 00000000     0                 .str.5.264
0000471d 00000026     1         /home/arun/Desktop/darpa_ex1/darpa_demo_edk2/Build/OvmfX64/DEBUG_CLANGPDB/X64/OvmfPkg/PciHotPlugInitDxe/PciHotPlugInit/DEBUG/PciHotPlugInitDxe.dll.lto.obj:(.rdata)
0000471d 00000000     0                 .str.6.265
00004743 0000001b     1         /home/arun/Desktop/darpa_ex1/darpa_demo_edk2/Build/OvmfX64/DEBUG_CLANGPDB/X64/OvmfPkg/PciHotPlugInitDxe/PciHotPlugInit/DEBUG/PciHotPlugInitDxe.dll.lto.obj:(.rdata)
00004743 00000000     0                 .str.7.266
0000475e 00000025     1         /home/arun/Desktop/darpa_ex1/darpa_demo_edk2/Build/OvmfX64/DEBUG_CLANGPDB/X64/OvmfPkg/PciHotPlugInitDxe/PciHotPlugInit/DEBUG/PciHotPlugInitDxe.dll.lto.obj:(.rdata)
0000475e 00000000     0                 .str.8.267
00004783 00000021     1         /home/arun/Desktop/darpa_ex1/darpa_demo_edk2/Build/OvmfX64/DEBUG_CLANGPDB/X64/OvmfPkg/PciHotPlugInitDxe/PciHotPlugInit/DEBUG/PciHotPlugInitDxe.dll.lto.obj:(.rdata)
00004783 00000000     0                 .str.287
000047b0 000002b5    16         /home/arun/Desktop/darpa_ex1/darpa_demo_edk2/Build/OvmfX64/DEBUG_CLANGPDB/X64/OvmfPkg/PciHotPlugInitDxe/PciHotPlugInit/DEBUG/PciHotPlugInitDxe.dll.lto.obj:(.rdata$mErrorString)
000047b0 00000000     0                 mErrorString
00004a70 00000010    16         /home/arun/Desktop/darpa_ex1/darpa_demo_edk2/Build/OvmfX64/DEBUG_CLANGPDB/X64/OvmfPkg/PciHotPlugInitDxe/PciHotPlugInit/DEBUG/PciHotPlugInitDxe.dll.lto.obj:(.rdata$mHexStr)
00004a70 00000000     0                 mHexStr
00004a80 00000096    16         /home/arun/Desktop/darpa_ex1/darpa_demo_edk2/Build/OvmfX64/DEBUG_CLANGPDB/X64/OvmfPkg/PciHotPlugInitDxe/PciHotPlugInit/DEBUG/PciHotPlugInitDxe.dll.lto.obj:(.rdata$mWarningString)
00004a80 00000000     0                 mWarningString
00004be0 000000a8  4096 .data
00004be0 00000000     4         /home/arun/Desktop/darpa_ex1/darpa_demo_edk2/Build/OvmfX64/DEBUG_CLANGPDB/X64/OvmfPkg/PciHotPlugInitDxe/PciHotPlugInit/DEBUG/PciHotPlugInitDxe.dll.lto.obj:(.data)
00004be0 00000010     4         /home/arun/Desktop/darpa_ex1/darpa_demo_edk2/Build/OvmfX64/DEBUG_CLANGPDB/X64/OvmfPkg/PciHotPlugInitDxe/PciHotPlugInit/DEBUG/PciHotPlugInitDxe.dll.lto.obj:(.data$gEfiDevicePathToTextProtocolGuid)
00004be0 00000000     0                 gEfiDevicePathToTextProtocolGuid
00004bf0 00000010     4         /home/arun/Desktop/darpa_ex1/darpa_demo_edk2/Build/OvmfX64/DEBUG_CLANGPDB/X64/OvmfPkg/PciHotPlugInitDxe/PciHotPlugInit/DEBUG/PciHotPlugInitDxe.dll.lto.obj:(.data$gEfiDevicePathUtilitiesProtocolGuid)
00004bf0 00000000     0                 gEfiDevicePathUtilitiesProtocolGuid
00004c00 00000010     4         /home/arun/Desktop/darpa_ex1/darpa_demo_edk2/Build/OvmfX64/DEBUG_CLANGPDB/X64/OvmfPkg/PciHotPlugInitDxe/PciHotPlugInit/DEBUG/PciHotPlugInitDxe.dll.lto.obj:(.data$gEfiPciHotPlugInitProtocolGuid)
00004c00 00000000     0                 gEfiPciHotPlugInitProtocolGuid
00004c10 00000010     4         /home/arun/Desktop/darpa_ex1/darpa_demo_edk2/Build/OvmfX64/DEBUG_CLANGPDB/X64/OvmfPkg/PciHotPlugInitDxe/PciHotPlugInit/DEBUG/PciHotPlugInitDxe.dll.lto.obj:(.data$gPcdProtocolGuid)
00004c10 00000000     0                 gPcdProtocolGuid
00004c20 00000000     4         /home/arun/Desktop/darpa_ex1/darpa_demo_edk2/Build/OvmfX64/DEBUG_CLANGPDB/X64/OvmfPkg/PciHotPlugInitDxe/PciHotPlugInit/DEBUG/PciHotPlugInitDxe.dll.lto.obj:(.bss)
00004c20 00000008     8         /home/arun/Desktop/darpa_ex1/darpa_demo_edk2/Build/OvmfX64/DEBUG_CLANGPDB/X64/OvmfPkg/PciHotPlugInitDxe/PciHotPlugInit/DEBUG/PciHotPlugInitDxe.dll.lto.obj:(.bss$gBS)
00004c20 00000000     0                 gBS
00004c28 00000008     8         /home/arun/Desktop/darpa_ex1/darpa_demo_edk2/Build/OvmfX64/DEBUG_CLANGPDB/X64/OvmfPkg/PciHotPlugInitDxe/PciHotPlugInit/DEBUG/PciHotPlugInitDxe.dll.lto.obj:(.bss$gImageHandle)
00004c28 00000000     0                 gImageHandle
00004c30 00000008     8         /home/arun/Desktop/darpa_ex1/darpa_demo_edk2/Build/OvmfX64/DEBUG_CLANGPDB/X64/OvmfPkg/PciHotPlugInitDxe/PciHotPlugInit/DEBUG/PciHotPlugInitDxe.dll.lto.obj:(.bss$gST)
00004c30 00000000     0                 gST
00004c38 00000001     1         /home/arun/Desktop/darpa_ex1/darpa_demo_edk2/Build/OvmfX64/DEBUG_CLANGPDB/X64/OvmfPkg/PciHotPlugInitDxe/PciHotPlugInit/DEBUG/PciHotPlugInitDxe.dll.lto.obj:(.bss$mDebugIoPortChecked)
00004c38 00000000     0                 mDebugIoPortChecked
00004c39 00000001     1         /home/arun/Desktop/darpa_ex1/darpa_demo_edk2/Build/OvmfX64/DEBUG_CLANGPDB/X64/OvmfPkg/PciHotPlugInitDxe/PciHotPlugInit/DEBUG/PciHotPlugInitDxe.dll.lto.obj:(.bss$mDebugIoPortFound)
00004c39 00000000     0                 mDebugIoPortFound
00004c40 00000008     8         /home/arun/Desktop/darpa_ex1/darpa_demo_edk2/Build/OvmfX64/DEBUG_CLANGPDB/X64/OvmfPkg/PciHotPlugInitDxe/PciHotPlugInit/DEBUG/PciHotPlugInitDxe.dll.lto.obj:(.bss$mDevicePathLibDevicePathToText)
00004c40 00000000     0                 mDevicePathLibDevicePathToText
00004c48 00000008     8         /home/arun/Desktop/darpa_ex1/darpa_demo_edk2/Build/OvmfX64/DEBUG_CLANGPDB/X64/OvmfPkg/PciHotPlugInitDxe/PciHotPlugInit/DEBUG/PciHotPlugInitDxe.dll.lto.obj:(.bss$mDevicePathLibDevicePathUtilities)
00004c48 00000000     0                 mDevicePathLibDevicePathUtilities
00004c50 00000008     8         /home/arun/Desktop/darpa_ex1/darpa_demo_edk2/Build/OvmfX64/DEBUG_CLANGPDB/X64/OvmfPkg/PciHotPlugInitDxe/PciHotPlugInit/DEBUG/PciHotPlugInitDxe.dll.lto.obj:(.bss$mPcd)
00004c50 00000000     0                 mPcd
00004c58 00000001     1         /home/arun/Desktop/darpa_ex1/darpa_demo_edk2/Build/OvmfX64/DEBUG_CLANGPDB/X64/OvmfPkg/PciHotPlugInitDxe/PciHotPlugInit/DEBUG/PciHotPlugInitDxe.dll.lto.obj:(.bss$mPciExtConfSpaceSupported)
00004c58 00000000     0                 mPciExtConfSpaceSupported
00004c60 00000018     8         /home/arun/Desktop/darpa_ex1/darpa_demo_edk2/Build/OvmfX64/DEBUG_CLANGPDB/X64/OvmfPkg/PciHotPlugInitDxe/PciHotPlugInit/DEBUG/PciHotPlugInitDxe.dll.lto.obj:(.bss$mPciHotPlugInit)
00004c60 00000000     0                 mPciHotPlugInit
00004c78 00000001     1         /home/arun/Desktop/darpa_ex1/darpa_demo_edk2/Build/OvmfX64/DEBUG_CLANGPDB/X64/OvmfPkg/PciHotPlugInitDxe/PciHotPlugInit/DEBUG/PciHotPlugInitDxe.dll.lto.obj:(.bss$mRunningOnQ35)
00004c78 00000000     0                 mRunningOnQ35
00004c79 00000001     1         /home/arun/Desktop/darpa_ex1/darpa_demo_edk2/Build/OvmfX64/DEBUG_CLANGPDB/X64/OvmfPkg/PciHotPlugInitDxe/PciHotPlugInit/DEBUG/PciHotPlugInitDxe.dll.lto.obj:(.bss$mTdDataReturned)
00004c79 00000000     0                 mTdDataReturned
00004c80 00000008     8         /home/arun/Desktop/darpa_ex1/darpa_demo_edk2/Build/OvmfX64/DEBUG_CLANGPDB/X64/OvmfPkg/PciHotPlugInitDxe/PciHotPlugInit/DEBUG/PciHotPlugInitDxe.dll.lto.obj:(.bss$mTdSharedPageMask)
00004c80 00000000     0                 mTdSharedPageMask
