Address  Size     Align Out     In      Symbol
00000220 00004baa  4096 .text
00000220 00000116    16         /home/arun/Desktop/darpa_ex1/darpa_demo_edk2/Build/OvmfX64/DEBUG_CLANGPDB/X64/MdePkg/Library/BaseIoLibIntrinsic/BaseIoLibIntrinsicSev/OUTPUT/X64/IoFifoSev.obj:(.text)
00000220 00000000     0                 SevNoRepIo
0000025a 00000000     0                 @UseRepIo
0000025c 00000000     0                 @SevNoRepIo_Done
00000260 00000000     0                 SevIoReadFifo8
00000274 00000000     0                 @IoReadFifo8_NoRep
00000276 00000000     0                 @IoReadFifo8_Loop
0000027e 00000000     0                 @IoReadFifo8_Done
00000282 00000000     0                 SevIoReadFifo16
00000297 00000000     0                 @IoReadFifo16_NoRep
00000299 00000000     0                 @IoReadFifo16_Loop
000002a4 00000000     0                 @IoReadFifo16_Done
000002a8 00000000     0                 SevIoReadFifo32
000002bc 00000000     0                 @IoReadFifo32_NoRep
000002be 00000000     0                 @IoReadFifo32_Loop
000002c7 00000000     0                 @IoReadFifo32_Done
000002cb 00000000     0                 SevIoWriteFifo8
000002cb 00000000     0                 SevIoWriteFifo8
000002df 00000000     0                 @IoWriteFifo8_NoRep
000002e1 00000000     0                 @IoWriteFifo8_Loop
000002e9 00000000     0                 @IoWriteFifo8_Done
000002ed 00000000     0                 SevIoWriteFifo16
00000302 00000000     0                 @IoWriteFifo16_NoRep
00000304 00000000     0                 @IoWriteFifo16_Loop
0000030f 00000000     0                 @IoWriteFifo16_Done
00000313 00000000     0                 SevIoWriteFifo32
00000327 00000000     0                 @IoWriteFifo32_NoRep
00000329 00000000     0                 @IoWriteFifo32_Loop
00000332 00000000     0                 @IoWriteFifo32_Done
00000340 00000011    16         /home/arun/Desktop/darpa_ex1/darpa_demo_edk2/Build/OvmfX64/DEBUG_CLANGPDB/X64/MdePkg/Library/BaseMemoryLibRepStr/BaseMemoryLibRepStr/OUTPUT/X64/SetMem.obj:(.text)
00000340 00000000     0                 InternalMemSetMem
00000360 0000003c    16         /home/arun/Desktop/darpa_ex1/darpa_demo_edk2/Build/OvmfX64/DEBUG_CLANGPDB/X64/MdePkg/Library/BaseMemoryLibRepStr/BaseMemoryLibRepStr/OUTPUT/X64/CopyMem.obj:(.text)
00000360 00000000     0                 InternalMemCopyMem
00000360 00000000     0                 InternalMemCopyMem
0000037a 00000000     0                 InternalMemCopyMem.0
0000038a 00000000     0                 @CopyBackward
00000393 00000000     0                 @CopyBytes
000003a0 0000001d    16         /home/arun/Desktop/darpa_ex1/darpa_demo_edk2/Build/OvmfX64/DEBUG_CLANGPDB/X64/MdePkg/Library/BaseMemoryLibRepStr/BaseMemoryLibRepStr/OUTPUT/X64/ZeroMem.obj:(.text)
000003a0 00000000     0                 InternalMemZeroMem
000003c0 00000081    16         /home/arun/Desktop/darpa_ex1/darpa_demo_edk2/Build/OvmfX64/DEBUG_CLANGPDB/X64/MdePkg/Library/BaseLib/BaseLib/OUTPUT/X64/TdVmcall.obj:(.text)
000003c0 00000000     0                 TdVmCall
000003c0 00000000     0                 TdVmCall
0000041e 00000000     0                 TdVmCall.no_return_data
00000450 00000012    16         /home/arun/Desktop/darpa_ex1/darpa_demo_edk2/Build/OvmfX64/DEBUG_CLANGPDB/X64/MdePkg/Library/BaseMemoryLibRepStr/BaseMemoryLibRepStr/OUTPUT/X64/SetMem64.obj:(.text)
00000450 00000000     0                 InternalMemSetMem64
00000470 00000058    16         /home/arun/Desktop/darpa_ex1/darpa_demo_edk2/Build/OvmfX64/DEBUG_CLANGPDB/X64/MdePkg/Library/BaseLib/BaseLib/OUTPUT/X64/TdCall.obj:(.text)
00000470 00000000     0                 TdCall
000004bb 00000000     0                 TdCall.exit
000004c8 00000000     4         /home/arun/Desktop/darpa_ex1/darpa_demo_edk2/Build/OvmfX64/DEBUG_CLANGPDB/X64/MdeModulePkg/Bus/Pci/PciSioSerialDxe/PciSioSerialDxe/DEBUG/PciSioSerialDxe.dll.lto.obj:(.text)
000004c8 00000202     1         /home/arun/Desktop/darpa_ex1/darpa_demo_edk2/Build/OvmfX64/DEBUG_CLANGPDB/X64/MdeModulePkg/Bus/Pci/PciSioSerialDxe/PciSioSerialDxe/DEBUG/PciSioSerialDxe.dll.lto.obj:(.text$AddUnicodeString2)
000004c8 00000000     0                 AddUnicodeString2
000006ca 00000076     1         /home/arun/Desktop/darpa_ex1/darpa_demo_edk2/Build/OvmfX64/DEBUG_CLANGPDB/X64/MdeModulePkg/Bus/Pci/PciSioSerialDxe/PciSioSerialDxe/DEBUG/PciSioSerialDxe.dll.lto.obj:(.text$AllocateCopyPool)
000006ca 00000000     0                 AllocateCopyPool
00000740 00000023     1         /home/arun/Desktop/darpa_ex1/darpa_demo_edk2/Build/OvmfX64/DEBUG_CLANGPDB/X64/MdeModulePkg/Bus/Pci/PciSioSerialDxe/PciSioSerialDxe/DEBUG/PciSioSerialDxe.dll.lto.obj:(.text$AsciiSPrint)
00000740 00000000     0                 AsciiSPrint
00000763 0000006d     1         /home/arun/Desktop/darpa_ex1/darpa_demo_edk2/Build/OvmfX64/DEBUG_CLANGPDB/X64/MdeModulePkg/Bus/Pci/PciSioSerialDxe/PciSioSerialDxe/DEBUG/PciSioSerialDxe.dll.lto.obj:(.text$AsciiStrSize)
00000763 00000000     0                 AsciiStrSize
000007d0 000000bd     1         /home/arun/Desktop/darpa_ex1/darpa_demo_edk2/Build/OvmfX64/DEBUG_CLANGPDB/X64/MdeModulePkg/Bus/Pci/PciSioSerialDxe/PciSioSerialDxe/DEBUG/PciSioSerialDxe.dll.lto.obj:(.text$AsciiStrnCmp)
000007d0 00000000     0                 AsciiStrnCmp
0000088d 00000020     1         /home/arun/Desktop/darpa_ex1/darpa_demo_edk2/Build/OvmfX64/DEBUG_CLANGPDB/X64/MdeModulePkg/Bus/Pci/PciSioSerialDxe/PciSioSerialDxe/DEBUG/PciSioSerialDxe.dll.lto.obj:(.text$AsciiStrnLenS)
0000088d 00000000     0                 AsciiStrnLenS
000008ad 0000001f     1         /home/arun/Desktop/darpa_ex1/darpa_demo_edk2/Build/OvmfX64/DEBUG_CLANGPDB/X64/MdeModulePkg/Bus/Pci/PciSioSerialDxe/PciSioSerialDxe/DEBUG/PciSioSerialDxe.dll.lto.obj:(.text$AsciiVSPrint)
000008ad 00000000     0                 AsciiVSPrint
000008cc 00000031     1         /home/arun/Desktop/darpa_ex1/darpa_demo_edk2/Build/OvmfX64/DEBUG_CLANGPDB/X64/MdeModulePkg/Bus/Pci/PciSioSerialDxe/PciSioSerialDxe/DEBUG/PciSioSerialDxe.dll.lto.obj:(.text$BasePrintLibFillBuffer)
000008cc 00000000     0                 BasePrintLibFillBuffer
000008fd 00000026     1         /home/arun/Desktop/darpa_ex1/darpa_demo_edk2/Build/OvmfX64/DEBUG_CLANGPDB/X64/MdeModulePkg/Bus/Pci/PciSioSerialDxe/PciSioSerialDxe/DEBUG/PciSioSerialDxe.dll.lto.obj:(.text$BasePrintLibSPrint)
000008fd 00000000     0                 BasePrintLibSPrint
00000924 00001188     4         /home/arun/Desktop/darpa_ex1/darpa_demo_edk2/Build/OvmfX64/DEBUG_CLANGPDB/X64/MdeModulePkg/Bus/Pci/PciSioSerialDxe/PciSioSerialDxe/DEBUG/PciSioSerialDxe.dll.lto.obj:(.text$BasePrintLibSPrintMarker)
00000924 00000000     0                 BasePrintLibSPrintMarker
00001aac 00000024     1         /home/arun/Desktop/darpa_ex1/darpa_demo_edk2/Build/OvmfX64/DEBUG_CLANGPDB/X64/MdeModulePkg/Bus/Pci/PciSioSerialDxe/PciSioSerialDxe/DEBUG/PciSioSerialDxe.dll.lto.obj:(.text$CompareIso639LanguageCode)
00001aac 00000000     0                 CompareIso639LanguageCode
00001ad0 00000081     1         /home/arun/Desktop/darpa_ex1/darpa_demo_edk2/Build/OvmfX64/DEBUG_CLANGPDB/X64/MdeModulePkg/Bus/Pci/PciSioSerialDxe/PciSioSerialDxe/DEBUG/PciSioSerialDxe.dll.lto.obj:(.text$CopyMem)
00001ad0 00000000     0                 CopyMem
00001b51 00000546     1         /home/arun/Desktop/darpa_ex1/darpa_demo_edk2/Build/OvmfX64/DEBUG_CLANGPDB/X64/MdeModulePkg/Bus/Pci/PciSioSerialDxe/PciSioSerialDxe/DEBUG/PciSioSerialDxe.dll.lto.obj:(.text$CreateSerialDevice)
00001b51 00000000     0                 CreateSerialDevice
00002097 00000056     1         /home/arun/Desktop/darpa_ex1/darpa_demo_edk2/Build/OvmfX64/DEBUG_CLANGPDB/X64/MdeModulePkg/Bus/Pci/PciSioSerialDxe/PciSioSerialDxe/DEBUG/PciSioSerialDxe.dll.lto.obj:(.text$DebugAssert)
00002097 00000000     0                 DebugAssert
000020ed 0000007c     1         /home/arun/Desktop/darpa_ex1/darpa_demo_edk2/Build/OvmfX64/DEBUG_CLANGPDB/X64/MdeModulePkg/Bus/Pci/PciSioSerialDxe/PciSioSerialDxe/DEBUG/PciSioSerialDxe.dll.lto.obj:(.text$DebugPrint)
000020ed 00000000     0                 DebugPrint
00002169 0000002f     1         /home/arun/Desktop/darpa_ex1/darpa_demo_edk2/Build/OvmfX64/DEBUG_CLANGPDB/X64/MdeModulePkg/Bus/Pci/PciSioSerialDxe/PciSioSerialDxe/DEBUG/PciSioSerialDxe.dll.lto.obj:(.text$DevicePathNodeLength)
00002169 00000000     0                 DevicePathNodeLength
00002198 0000002e     1         /home/arun/Desktop/darpa_ex1/darpa_demo_edk2/Build/OvmfX64/DEBUG_CLANGPDB/X64/MdeModulePkg/Bus/Pci/PciSioSerialDxe/PciSioSerialDxe/DEBUG/PciSioSerialDxe.dll.lto.obj:(.text$DevicePathSubType)
00002198 00000000     0                 DevicePathSubType
000021c6 0000002d     1         /home/arun/Desktop/darpa_ex1/darpa_demo_edk2/Build/OvmfX64/DEBUG_CLANGPDB/X64/MdeModulePkg/Bus/Pci/PciSioSerialDxe/PciSioSerialDxe/DEBUG/PciSioSerialDxe.dll.lto.obj:(.text$DevicePathType)
000021c6 00000000     0                 DevicePathType
000021f3 0000004d     1         /home/arun/Desktop/darpa_ex1/darpa_demo_edk2/Build/OvmfX64/DEBUG_CLANGPDB/X64/MdeModulePkg/Bus/Pci/PciSioSerialDxe/PciSioSerialDxe/DEBUG/PciSioSerialDxe.dll.lto.obj:(.text$DivU64x64Remainder)
000021f3 00000000     0                 DivU64x64Remainder
00002240 0000009b     1         /home/arun/Desktop/darpa_ex1/darpa_demo_edk2/Build/OvmfX64/DEBUG_CLANGPDB/X64/MdeModulePkg/Bus/Pci/PciSioSerialDxe/PciSioSerialDxe/DEBUG/PciSioSerialDxe.dll.lto.obj:(.text$EfiTestManagedDevice)
00002240 00000000     0                 EfiTestManagedDevice
000022db 00000048     1         /home/arun/Desktop/darpa_ex1/darpa_demo_edk2/Build/OvmfX64/DEBUG_CLANGPDB/X64/MdeModulePkg/Bus/Pci/PciSioSerialDxe/PciSioSerialDxe/DEBUG/PciSioSerialDxe.dll.lto.obj:(.text$FreePool)
000022db 00000000     0                 FreePool
00002323 00000049     1         /home/arun/Desktop/darpa_ex1/darpa_demo_edk2/Build/OvmfX64/DEBUG_CLANGPDB/X64/MdeModulePkg/Bus/Pci/PciSioSerialDxe/PciSioSerialDxe/DEBUG/PciSioSerialDxe.dll.lto.obj:(.text$FreeUnicodeStringTable)
00002323 00000000     0                 FreeUnicodeStringTable
0000236c 0000002e     1         /home/arun/Desktop/darpa_ex1/darpa_demo_edk2/Build/OvmfX64/DEBUG_CLANGPDB/X64/MdeModulePkg/Bus/Pci/PciSioSerialDxe/PciSioSerialDxe/DEBUG/PciSioSerialDxe.dll.lto.obj:(.text$InternalAllocatePool)
0000236c 00000000     0                 InternalAllocatePool
0000239a 00000065     1         /home/arun/Desktop/darpa_ex1/darpa_demo_edk2/Build/OvmfX64/DEBUG_CLANGPDB/X64/MdeModulePkg/Bus/Pci/PciSioSerialDxe/PciSioSerialDxe/DEBUG/PciSioSerialDxe.dll.lto.obj:(.text$IoRead8)
0000239a 00000000     0                 IoRead8
000023ff 00000050     1         /home/arun/Desktop/darpa_ex1/darpa_demo_edk2/Build/OvmfX64/DEBUG_CLANGPDB/X64/MdeModulePkg/Bus/Pci/PciSioSerialDxe/PciSioSerialDxe/DEBUG/PciSioSerialDxe.dll.lto.obj:(.text$IoWriteFifo8)
000023ff 00000000     0                 IoWriteFifo8
0000244f 00000062     1         /home/arun/Desktop/darpa_ex1/darpa_demo_edk2/Build/OvmfX64/DEBUG_CLANGPDB/X64/MdeModulePkg/Bus/Pci/PciSioSerialDxe/PciSioSerialDxe/DEBUG/PciSioSerialDxe.dll.lto.obj:(.text$IsDevicePathEnd)
0000244f 00000000     0                 IsDevicePathEnd
000024b1 0000006b     1         /home/arun/Desktop/darpa_ex1/darpa_demo_edk2/Build/OvmfX64/DEBUG_CLANGPDB/X64/MdeModulePkg/Bus/Pci/PciSioSerialDxe/PciSioSerialDxe/DEBUG/PciSioSerialDxe.dll.lto.obj:(.text$IsLanguageSupported)
000024b1 00000000     0                 IsLanguageSupported
0000251c 00000049     1         /home/arun/Desktop/darpa_ex1/darpa_demo_edk2/Build/OvmfX64/DEBUG_CLANGPDB/X64/MdeModulePkg/Bus/Pci/PciSioSerialDxe/PciSioSerialDxe/DEBUG/PciSioSerialDxe.dll.lto.obj:(.text$IsUartFlowControlDevicePathNode)
0000251c 00000000     0                 IsUartFlowControlDevicePathNode
00002565 000000e6     1         /home/arun/Desktop/darpa_ex1/darpa_demo_edk2/Build/OvmfX64/DEBUG_CLANGPDB/X64/MdeModulePkg/Bus/Pci/PciSioSerialDxe/PciSioSerialDxe/DEBUG/PciSioSerialDxe.dll.lto.obj:(.text$LookupUnicodeString2)
00002565 00000000     0                 LookupUnicodeString2
0000264b 00000036     1         /home/arun/Desktop/darpa_ex1/darpa_demo_edk2/Build/OvmfX64/DEBUG_CLANGPDB/X64/MdeModulePkg/Bus/Pci/PciSioSerialDxe/PciSioSerialDxe/DEBUG/PciSioSerialDxe.dll.lto.obj:(.text$NextDevicePathNode)
0000264b 00000000     0                 NextDevicePathNode
00002681 00000037     1         /home/arun/Desktop/darpa_ex1/darpa_demo_edk2/Build/OvmfX64/DEBUG_CLANGPDB/X64/MdeModulePkg/Bus/Pci/PciSioSerialDxe/PciSioSerialDxe/DEBUG/PciSioSerialDxe.dll.lto.obj:(.text$PlatformDebugLibIoPortFound)
00002681 00000000     0                 PlatformDebugLibIoPortFound
000026b8 00000032     1         /home/arun/Desktop/darpa_ex1/darpa_demo_edk2/Build/OvmfX64/DEBUG_CLANGPDB/X64/MdeModulePkg/Bus/Pci/PciSioSerialDxe/PciSioSerialDxe/DEBUG/PciSioSerialDxe.dll.lto.obj:(.text$ReadUnaligned24)
000026b8 00000000     0                 ReadUnaligned24
000026ea 00000233     1         /home/arun/Desktop/darpa_ex1/darpa_demo_edk2/Build/OvmfX64/DEBUG_CLANGPDB/X64/MdeModulePkg/Bus/Pci/PciSioSerialDxe/PciSioSerialDxe/DEBUG/PciSioSerialDxe.dll.lto.obj:(.text$ReportStatusCodeWithDevicePath)
000026ea 00000000     0                 ReportStatusCodeWithDevicePath
0000291d 00000173     1         /home/arun/Desktop/darpa_ex1/darpa_demo_edk2/Build/OvmfX64/DEBUG_CLANGPDB/X64/MdeModulePkg/Bus/Pci/PciSioSerialDxe/PciSioSerialDxe/DEBUG/PciSioSerialDxe.dll.lto.obj:(.text$SerialComponentNameGetControllerName)
0000291d 00000000     0                 SerialComponentNameGetControllerName
00002a90 00000032     1         /home/arun/Desktop/darpa_ex1/darpa_demo_edk2/Build/OvmfX64/DEBUG_CLANGPDB/X64/MdeModulePkg/Bus/Pci/PciSioSerialDxe/PciSioSerialDxe/DEBUG/PciSioSerialDxe.dll.lto.obj:(.text$SerialComponentNameGetDriverName)
00002a90 00000000     0                 SerialComponentNameGetDriverName
00002ac2 000007df     1         /home/arun/Desktop/darpa_ex1/darpa_demo_edk2/Build/OvmfX64/DEBUG_CLANGPDB/X64/MdeModulePkg/Bus/Pci/PciSioSerialDxe/PciSioSerialDxe/DEBUG/PciSioSerialDxe.dll.lto.obj:(.text$SerialControllerDriverStart)
00002ac2 00000000     0                 SerialControllerDriverStart
000032a1 00000380     1         /home/arun/Desktop/darpa_ex1/darpa_demo_edk2/Build/OvmfX64/DEBUG_CLANGPDB/X64/MdeModulePkg/Bus/Pci/PciSioSerialDxe/PciSioSerialDxe/DEBUG/PciSioSerialDxe.dll.lto.obj:(.text$SerialControllerDriverStop)
000032a1 00000000     0                 SerialControllerDriverStop
00003621 00000329     1         /home/arun/Desktop/darpa_ex1/darpa_demo_edk2/Build/OvmfX64/DEBUG_CLANGPDB/X64/MdeModulePkg/Bus/Pci/PciSioSerialDxe/PciSioSerialDxe/DEBUG/PciSioSerialDxe.dll.lto.obj:(.text$SerialControllerDriverSupported)
00003621 00000000     0                 SerialControllerDriverSupported
0000394a 00000035     1         /home/arun/Desktop/darpa_ex1/darpa_demo_edk2/Build/OvmfX64/DEBUG_CLANGPDB/X64/MdeModulePkg/Bus/Pci/PciSioSerialDxe/PciSioSerialDxe/DEBUG/PciSioSerialDxe.dll.lto.obj:(.text$SerialFifoRemove)
0000394a 00000000     0                 SerialFifoRemove
0000397f 00000054     1         /home/arun/Desktop/darpa_ex1/darpa_demo_edk2/Build/OvmfX64/DEBUG_CLANGPDB/X64/MdeModulePkg/Bus/Pci/PciSioSerialDxe/PciSioSerialDxe/DEBUG/PciSioSerialDxe.dll.lto.obj:(.text$SerialFlushTransmitFifo)
0000397f 00000000     0                 SerialFlushTransmitFifo
000039d3 000000f6     1         /home/arun/Desktop/darpa_ex1/darpa_demo_edk2/Build/OvmfX64/DEBUG_CLANGPDB/X64/MdeModulePkg/Bus/Pci/PciSioSerialDxe/PciSioSerialDxe/DEBUG/PciSioSerialDxe.dll.lto.obj:(.text$SerialGetControl)
000039d3 00000000     0                 SerialGetControl
00003ac9 0000014b     1         /home/arun/Desktop/darpa_ex1/darpa_demo_edk2/Build/OvmfX64/DEBUG_CLANGPDB/X64/MdeModulePkg/Bus/Pci/PciSioSerialDxe/PciSioSerialDxe/DEBUG/PciSioSerialDxe.dll.lto.obj:(.text$SerialRead)
00003ac9 00000000     0                 SerialRead
00003c14 000000b3     1         /home/arun/Desktop/darpa_ex1/darpa_demo_edk2/Build/OvmfX64/DEBUG_CLANGPDB/X64/MdeModulePkg/Bus/Pci/PciSioSerialDxe/PciSioSerialDxe/DEBUG/PciSioSerialDxe.dll.lto.obj:(.text$SerialReadRegister)
00003c14 00000000     0                 SerialReadRegister
00003cc7 000002ce     1         /home/arun/Desktop/darpa_ex1/darpa_demo_edk2/Build/OvmfX64/DEBUG_CLANGPDB/X64/MdeModulePkg/Bus/Pci/PciSioSerialDxe/PciSioSerialDxe/DEBUG/PciSioSerialDxe.dll.lto.obj:(.text$SerialReceiveTransmit)
00003cc7 00000000     0                 SerialReceiveTransmit
00003f95 00000194     1         /home/arun/Desktop/darpa_ex1/darpa_demo_edk2/Build/OvmfX64/DEBUG_CLANGPDB/X64/MdeModulePkg/Bus/Pci/PciSioSerialDxe/PciSioSerialDxe/DEBUG/PciSioSerialDxe.dll.lto.obj:(.text$SerialReset)
00003f95 00000000     0                 SerialReset
0000412c 0000032c     4         /home/arun/Desktop/darpa_ex1/darpa_demo_edk2/Build/OvmfX64/DEBUG_CLANGPDB/X64/MdeModulePkg/Bus/Pci/PciSioSerialDxe/PciSioSerialDxe/DEBUG/PciSioSerialDxe.dll.lto.obj:(.text$SerialSetAttributes)
0000412c 00000000     0                 SerialSetAttributes
00004458 0000013b     1         /home/arun/Desktop/darpa_ex1/darpa_demo_edk2/Build/OvmfX64/DEBUG_CLANGPDB/X64/MdeModulePkg/Bus/Pci/PciSioSerialDxe/PciSioSerialDxe/DEBUG/PciSioSerialDxe.dll.lto.obj:(.text$SerialSetControl)
00004458 00000000     0                 SerialSetControl
00004593 000001bb     1         /home/arun/Desktop/darpa_ex1/darpa_demo_edk2/Build/OvmfX64/DEBUG_CLANGPDB/X64/MdeModulePkg/Bus/Pci/PciSioSerialDxe/PciSioSerialDxe/DEBUG/PciSioSerialDxe.dll.lto.obj:(.text$SerialWrite)
00004593 00000000     0                 SerialWrite
0000474e 000000c8     1         /home/arun/Desktop/darpa_ex1/darpa_demo_edk2/Build/OvmfX64/DEBUG_CLANGPDB/X64/MdeModulePkg/Bus/Pci/PciSioSerialDxe/PciSioSerialDxe/DEBUG/PciSioSerialDxe.dll.lto.obj:(.text$SerialWriteRegister)
0000474e 00000000     0                 SerialWriteRegister
00004816 00000059     1         /home/arun/Desktop/darpa_ex1/darpa_demo_edk2/Build/OvmfX64/DEBUG_CLANGPDB/X64/MdeModulePkg/Bus/Pci/PciSioSerialDxe/PciSioSerialDxe/DEBUG/PciSioSerialDxe.dll.lto.obj:(.text$SkipControllerDevicePathNode)
00004816 00000000     0                 SkipControllerDevicePathNode
0000486f 0000004c     1         /home/arun/Desktop/darpa_ex1/darpa_demo_edk2/Build/OvmfX64/DEBUG_CLANGPDB/X64/MdeModulePkg/Bus/Pci/PciSioSerialDxe/PciSioSerialDxe/DEBUG/PciSioSerialDxe.dll.lto.obj:(.text$StrnLenS)
0000486f 00000000     0                 StrnLenS
000048bb 00000058     1         /home/arun/Desktop/darpa_ex1/darpa_demo_edk2/Build/OvmfX64/DEBUG_CLANGPDB/X64/MdeModulePkg/Bus/Pci/PciSioSerialDxe/PciSioSerialDxe/DEBUG/PciSioSerialDxe.dll.lto.obj:(.text$TdIoWrite8)
000048bb 00000000     0                 TdIoWrite8
00004913 0000007a     1         /home/arun/Desktop/darpa_ex1/darpa_demo_edk2/Build/OvmfX64/DEBUG_CLANGPDB/X64/MdeModulePkg/Bus/Pci/PciSioSerialDxe/PciSioSerialDxe/DEBUG/PciSioSerialDxe.dll.lto.obj:(.text$UnicodeSPrint)
00004913 00000000     0                 UnicodeSPrint
0000498d 000001e2     1         /home/arun/Desktop/darpa_ex1/darpa_demo_edk2/Build/OvmfX64/DEBUG_CLANGPDB/X64/MdeModulePkg/Bus/Pci/PciSioSerialDxe/PciSioSerialDxe/DEBUG/PciSioSerialDxe.dll.lto.obj:(.text$VerifyUartParameters)
0000498d 00000000     0                 VerifyUartParameters
00004b6f 0000025b     1         /home/arun/Desktop/darpa_ex1/darpa_demo_edk2/Build/OvmfX64/DEBUG_CLANGPDB/X64/MdeModulePkg/Bus/Pci/PciSioSerialDxe/PciSioSerialDxe/DEBUG/PciSioSerialDxe.dll.lto.obj:(.text$_ModuleEntryPoint)
00004b6f 00000000     0                 _ModuleEntryPoint
00004de0 00000f79  4096 .rdata
00004de0 0000000a     1         /home/arun/Desktop/darpa_ex1/darpa_demo_edk2/Build/OvmfX64/DEBUG_CLANGPDB/X64/MdeModulePkg/Bus/Pci/PciSioSerialDxe/PciSioSerialDxe/DEBUG/PciSioSerialDxe.dll.lto.obj:(.rdata)
00004de0 00000000     0                 .str.2.4
00004dea 0000000b     1         /home/arun/Desktop/darpa_ex1/darpa_demo_edk2/Build/OvmfX64/DEBUG_CLANGPDB/X64/MdeModulePkg/Bus/Pci/PciSioSerialDxe/PciSioSerialDxe/DEBUG/PciSioSerialDxe.dll.lto.obj:(.rdata)
00004dea 00000000     0                 .str.19
00004df5 00000017     1         /home/arun/Desktop/darpa_ex1/darpa_demo_edk2/Build/OvmfX64/DEBUG_CLANGPDB/X64/MdeModulePkg/Bus/Pci/PciSioSerialDxe/PciSioSerialDxe/DEBUG/PciSioSerialDxe.dll.lto.obj:(.rdata)
00004df5 00000000     0                 .str.1.20
00004e0c 00000014     1         /home/arun/Desktop/darpa_ex1/darpa_demo_edk2/Build/OvmfX64/DEBUG_CLANGPDB/X64/MdeModulePkg/Bus/Pci/PciSioSerialDxe/PciSioSerialDxe/DEBUG/PciSioSerialDxe.dll.lto.obj:(.rdata)
00004e0c 00000000     0                 .str.2.23
00004e20 0000001b     1         /home/arun/Desktop/darpa_ex1/darpa_demo_edk2/Build/OvmfX64/DEBUG_CLANGPDB/X64/MdeModulePkg/Bus/Pci/PciSioSerialDxe/PciSioSerialDxe/DEBUG/PciSioSerialDxe.dll.lto.obj:(.rdata)
00004e20 00000000     0                 .str.32
00004e3b 0000001d     1         /home/arun/Desktop/darpa_ex1/darpa_demo_edk2/Build/OvmfX64/DEBUG_CLANGPDB/X64/MdeModulePkg/Bus/Pci/PciSioSerialDxe/PciSioSerialDxe/DEBUG/PciSioSerialDxe.dll.lto.obj:(.rdata)
00004e3b 00000000     0                 .str.1.33
00004e58 00000014     1         /home/arun/Desktop/darpa_ex1/darpa_demo_edk2/Build/OvmfX64/DEBUG_CLANGPDB/X64/MdeModulePkg/Bus/Pci/PciSioSerialDxe/PciSioSerialDxe/DEBUG/PciSioSerialDxe.dll.lto.obj:(.rdata)
00004e58 00000000     0                 .str.2.36
00004e6c 00000014     1         /home/arun/Desktop/darpa_ex1/darpa_demo_edk2/Build/OvmfX64/DEBUG_CLANGPDB/X64/MdeModulePkg/Bus/Pci/PciSioSerialDxe/PciSioSerialDxe/DEBUG/PciSioSerialDxe.dll.lto.obj:(.rdata)
00004e6c 00000000     0                 .str.3.39
00004e80 00000014     1         /home/arun/Desktop/darpa_ex1/darpa_demo_edk2/Build/OvmfX64/DEBUG_CLANGPDB/X64/MdeModulePkg/Bus/Pci/PciSioSerialDxe/PciSioSerialDxe/DEBUG/PciSioSerialDxe.dll.lto.obj:(.rdata)
00004e80 00000000     0                 .str.1.47
00004e94 00000032     1         /home/arun/Desktop/darpa_ex1/darpa_demo_edk2/Build/OvmfX64/DEBUG_CLANGPDB/X64/MdeModulePkg/Bus/Pci/PciSioSerialDxe/PciSioSerialDxe/DEBUG/PciSioSerialDxe.dll.lto.obj:(.rdata)
00004e94 00000000     0                 .str.3.49
00004ec6 00000015     1         /home/arun/Desktop/darpa_ex1/darpa_demo_edk2/Build/OvmfX64/DEBUG_CLANGPDB/X64/MdeModulePkg/Bus/Pci/PciSioSerialDxe/PciSioSerialDxe/DEBUG/PciSioSerialDxe.dll.lto.obj:(.rdata)
00004ec6 00000000     0                 .str.5
00004edb 0000001e     1         /home/arun/Desktop/darpa_ex1/darpa_demo_edk2/Build/OvmfX64/DEBUG_CLANGPDB/X64/MdeModulePkg/Bus/Pci/PciSioSerialDxe/PciSioSerialDxe/DEBUG/PciSioSerialDxe.dll.lto.obj:(.rdata)
00004edb 00000000     0                 .str.52
00004ef9 00000014     1         /home/arun/Desktop/darpa_ex1/darpa_demo_edk2/Build/OvmfX64/DEBUG_CLANGPDB/X64/MdeModulePkg/Bus/Pci/PciSioSerialDxe/PciSioSerialDxe/DEBUG/PciSioSerialDxe.dll.lto.obj:(.rdata)
00004ef9 00000000     0                 .str.1.53
00004f0d 0000000a     1         /home/arun/Desktop/darpa_ex1/darpa_demo_edk2/Build/OvmfX64/DEBUG_CLANGPDB/X64/MdeModulePkg/Bus/Pci/PciSioSerialDxe/PciSioSerialDxe/DEBUG/PciSioSerialDxe.dll.lto.obj:(.rdata)
00004f0d 00000000     0                 .str.56
00004f17 0000001d     1         /home/arun/Desktop/darpa_ex1/darpa_demo_edk2/Build/OvmfX64/DEBUG_CLANGPDB/X64/MdeModulePkg/Bus/Pci/PciSioSerialDxe/PciSioSerialDxe/DEBUG/PciSioSerialDxe.dll.lto.obj:(.rdata)
00004f17 00000000     0                 .str.3.57
00004f34 00000009     1         /home/arun/Desktop/darpa_ex1/darpa_demo_edk2/Build/OvmfX64/DEBUG_CLANGPDB/X64/MdeModulePkg/Bus/Pci/PciSioSerialDxe/PciSioSerialDxe/DEBUG/PciSioSerialDxe.dll.lto.obj:(.rdata)
00004f34 00000000     0                 .str.1.58
00004f3d 0000003a     1         /home/arun/Desktop/darpa_ex1/darpa_demo_edk2/Build/OvmfX64/DEBUG_CLANGPDB/X64/MdeModulePkg/Bus/Pci/PciSioSerialDxe/PciSioSerialDxe/DEBUG/PciSioSerialDxe.dll.lto.obj:(.rdata)
00004f3d 00000000     0                 .str.3.59
00004f77 0000001d     1         /home/arun/Desktop/darpa_ex1/darpa_demo_edk2/Build/OvmfX64/DEBUG_CLANGPDB/X64/MdeModulePkg/Bus/Pci/PciSioSerialDxe/PciSioSerialDxe/DEBUG/PciSioSerialDxe.dll.lto.obj:(.rdata)
00004f77 00000000     0                 .str.4.63
00004f94 00000029     1         /home/arun/Desktop/darpa_ex1/darpa_demo_edk2/Build/OvmfX64/DEBUG_CLANGPDB/X64/MdeModulePkg/Bus/Pci/PciSioSerialDxe/PciSioSerialDxe/DEBUG/PciSioSerialDxe.dll.lto.obj:(.rdata)
00004f94 00000000     0                 .str.5.64
00004fbd 0000001e     1         /home/arun/Desktop/darpa_ex1/darpa_demo_edk2/Build/OvmfX64/DEBUG_CLANGPDB/X64/MdeModulePkg/Bus/Pci/PciSioSerialDxe/PciSioSerialDxe/DEBUG/PciSioSerialDxe.dll.lto.obj:(.rdata)
00004fbd 00000000     0                 .str.6
00004fdb 00000051     1         /home/arun/Desktop/darpa_ex1/darpa_demo_edk2/Build/OvmfX64/DEBUG_CLANGPDB/X64/MdeModulePkg/Bus/Pci/PciSioSerialDxe/PciSioSerialDxe/DEBUG/PciSioSerialDxe.dll.lto.obj:(.rdata)
00004fdb 00000000     0                 .str.8
0000502c 00000020     1         /home/arun/Desktop/darpa_ex1/darpa_demo_edk2/Build/OvmfX64/DEBUG_CLANGPDB/X64/MdeModulePkg/Bus/Pci/PciSioSerialDxe/PciSioSerialDxe/DEBUG/PciSioSerialDxe.dll.lto.obj:(.rdata)
0000502c 00000000     0                 .str.9
0000504c 00000064     1         /home/arun/Desktop/darpa_ex1/darpa_demo_edk2/Build/OvmfX64/DEBUG_CLANGPDB/X64/MdeModulePkg/Bus/Pci/PciSioSerialDxe/PciSioSerialDxe/DEBUG/PciSioSerialDxe.dll.lto.obj:(.rdata)
0000504c 00000000     0                 .str.10
000050b0 0000004a     1         /home/arun/Desktop/darpa_ex1/darpa_demo_edk2/Build/OvmfX64/DEBUG_CLANGPDB/X64/MdeModulePkg/Bus/Pci/PciSioSerialDxe/PciSioSerialDxe/DEBUG/PciSioSerialDxe.dll.lto.obj:(.rdata)
000050b0 00000000     0                 .str.11
000050fa 00000033     1         /home/arun/Desktop/darpa_ex1/darpa_demo_edk2/Build/OvmfX64/DEBUG_CLANGPDB/X64/MdeModulePkg/Bus/Pci/PciSioSerialDxe/PciSioSerialDxe/DEBUG/PciSioSerialDxe.dll.lto.obj:(.rdata)
000050fa 00000000     0                 .str.12
0000512d 0000001e     1         /home/arun/Desktop/darpa_ex1/darpa_demo_edk2/Build/OvmfX64/DEBUG_CLANGPDB/X64/MdeModulePkg/Bus/Pci/PciSioSerialDxe/PciSioSerialDxe/DEBUG/PciSioSerialDxe.dll.lto.obj:(.rdata)
0000512d 00000000     0                 .str.13
0000514b 00000046     1         /home/arun/Desktop/darpa_ex1/darpa_demo_edk2/Build/OvmfX64/DEBUG_CLANGPDB/X64/MdeModulePkg/Bus/Pci/PciSioSerialDxe/PciSioSerialDxe/DEBUG/PciSioSerialDxe.dll.lto.obj:(.rdata)
0000514b 00000000     0                 .str.14
00005191 0000003c     1         /home/arun/Desktop/darpa_ex1/darpa_demo_edk2/Build/OvmfX64/DEBUG_CLANGPDB/X64/MdeModulePkg/Bus/Pci/PciSioSerialDxe/PciSioSerialDxe/DEBUG/PciSioSerialDxe.dll.lto.obj:(.rdata)
00005191 00000000     0                 .str.15
000051cd 00000052     1         /home/arun/Desktop/darpa_ex1/darpa_demo_edk2/Build/OvmfX64/DEBUG_CLANGPDB/X64/MdeModulePkg/Bus/Pci/PciSioSerialDxe/PciSioSerialDxe/DEBUG/PciSioSerialDxe.dll.lto.obj:(.rdata)
000051cd 00000000     0                 .str.17
0000521f 0000001f     1         /home/arun/Desktop/darpa_ex1/darpa_demo_edk2/Build/OvmfX64/DEBUG_CLANGPDB/X64/MdeModulePkg/Bus/Pci/PciSioSerialDxe/PciSioSerialDxe/DEBUG/PciSioSerialDxe.dll.lto.obj:(.rdata)
0000521f 00000000     0                 .str.18
0000523e 00000025     1         /home/arun/Desktop/darpa_ex1/darpa_demo_edk2/Build/OvmfX64/DEBUG_CLANGPDB/X64/MdeModulePkg/Bus/Pci/PciSioSerialDxe/PciSioSerialDxe/DEBUG/PciSioSerialDxe.dll.lto.obj:(.rdata)
0000523e 00000000     0                 .str.19.60
00005263 0000000b     1         /home/arun/Desktop/darpa_ex1/darpa_demo_edk2/Build/OvmfX64/DEBUG_CLANGPDB/X64/MdeModulePkg/Bus/Pci/PciSioSerialDxe/PciSioSerialDxe/DEBUG/PciSioSerialDxe.dll.lto.obj:(.rdata)
00005263 00000000     0                 .str.69
0000526e 00000028     1         /home/arun/Desktop/darpa_ex1/darpa_demo_edk2/Build/OvmfX64/DEBUG_CLANGPDB/X64/MdeModulePkg/Bus/Pci/PciSioSerialDxe/PciSioSerialDxe/DEBUG/PciSioSerialDxe.dll.lto.obj:(.rdata)
0000526e 00000000     0                 .str.1.70
00005296 00000027     1         /home/arun/Desktop/darpa_ex1/darpa_demo_edk2/Build/OvmfX64/DEBUG_CLANGPDB/X64/MdeModulePkg/Bus/Pci/PciSioSerialDxe/PciSioSerialDxe/DEBUG/PciSioSerialDxe.dll.lto.obj:(.rdata)
00005296 00000000     0                 .str.2.71
000052bd 0000000c     1         /home/arun/Desktop/darpa_ex1/darpa_demo_edk2/Build/OvmfX64/DEBUG_CLANGPDB/X64/MdeModulePkg/Bus/Pci/PciSioSerialDxe/PciSioSerialDxe/DEBUG/PciSioSerialDxe.dll.lto.obj:(.rdata)
000052bd 00000000     0                 .str.88
000052c9 00000011     1         /home/arun/Desktop/darpa_ex1/darpa_demo_edk2/Build/OvmfX64/DEBUG_CLANGPDB/X64/MdeModulePkg/Bus/Pci/PciSioSerialDxe/PciSioSerialDxe/DEBUG/PciSioSerialDxe.dll.lto.obj:(.rdata)
000052c9 00000000     0                 .str.96
000052da 00000043     1         /home/arun/Desktop/darpa_ex1/darpa_demo_edk2/Build/OvmfX64/DEBUG_CLANGPDB/X64/MdeModulePkg/Bus/Pci/PciSioSerialDxe/PciSioSerialDxe/DEBUG/PciSioSerialDxe.dll.lto.obj:(.rdata)
000052da 00000000     0                 .str.1.97
0000531d 0000003e     1         /home/arun/Desktop/darpa_ex1/darpa_demo_edk2/Build/OvmfX64/DEBUG_CLANGPDB/X64/MdeModulePkg/Bus/Pci/PciSioSerialDxe/PciSioSerialDxe/DEBUG/PciSioSerialDxe.dll.lto.obj:(.rdata)
0000531d 00000000     0                 .str.2.98
0000535b 00000009     1         /home/arun/Desktop/darpa_ex1/darpa_demo_edk2/Build/OvmfX64/DEBUG_CLANGPDB/X64/MdeModulePkg/Bus/Pci/PciSioSerialDxe/PciSioSerialDxe/DEBUG/PciSioSerialDxe.dll.lto.obj:(.rdata)
0000535b 00000000     0                 .str.99
00005364 00000017     1         /home/arun/Desktop/darpa_ex1/darpa_demo_edk2/Build/OvmfX64/DEBUG_CLANGPDB/X64/MdeModulePkg/Bus/Pci/PciSioSerialDxe/PciSioSerialDxe/DEBUG/PciSioSerialDxe.dll.lto.obj:(.rdata)
00005364 00000000     0                 .str.1.100
0000537b 0000003a     1         /home/arun/Desktop/darpa_ex1/darpa_demo_edk2/Build/OvmfX64/DEBUG_CLANGPDB/X64/MdeModulePkg/Bus/Pci/PciSioSerialDxe/PciSioSerialDxe/DEBUG/PciSioSerialDxe.dll.lto.obj:(.rdata)
0000537b 00000000     0                 .str.3.102
000053b5 00000038     1         /home/arun/Desktop/darpa_ex1/darpa_demo_edk2/Build/OvmfX64/DEBUG_CLANGPDB/X64/MdeModulePkg/Bus/Pci/PciSioSerialDxe/PciSioSerialDxe/DEBUG/PciSioSerialDxe.dll.lto.obj:(.rdata)
000053b5 00000000     0                 .str.9.105
000053ed 0000001b     1         /home/arun/Desktop/darpa_ex1/darpa_demo_edk2/Build/OvmfX64/DEBUG_CLANGPDB/X64/MdeModulePkg/Bus/Pci/PciSioSerialDxe/PciSioSerialDxe/DEBUG/PciSioSerialDxe.dll.lto.obj:(.rdata)
000053ed 00000000     0                 .str.10.110
00005408 0000001c     1         /home/arun/Desktop/darpa_ex1/darpa_demo_edk2/Build/OvmfX64/DEBUG_CLANGPDB/X64/MdeModulePkg/Bus/Pci/PciSioSerialDxe/PciSioSerialDxe/DEBUG/PciSioSerialDxe.dll.lto.obj:(.rdata)
00005408 00000000     0                 .str.11.111
00005424 00000039     1         /home/arun/Desktop/darpa_ex1/darpa_demo_edk2/Build/OvmfX64/DEBUG_CLANGPDB/X64/MdeModulePkg/Bus/Pci/PciSioSerialDxe/PciSioSerialDxe/DEBUG/PciSioSerialDxe.dll.lto.obj:(.rdata)
00005424 00000000     0                 .str.12.112
0000545d 00000016     1         /home/arun/Desktop/darpa_ex1/darpa_demo_edk2/Build/OvmfX64/DEBUG_CLANGPDB/X64/MdeModulePkg/Bus/Pci/PciSioSerialDxe/PciSioSerialDxe/DEBUG/PciSioSerialDxe.dll.lto.obj:(.rdata)
0000545d 00000000     0                 .str.115
00005473 0000003e     1         /home/arun/Desktop/darpa_ex1/darpa_demo_edk2/Build/OvmfX64/DEBUG_CLANGPDB/X64/MdeModulePkg/Bus/Pci/PciSioSerialDxe/PciSioSerialDxe/DEBUG/PciSioSerialDxe.dll.lto.obj:(.rdata)
00005473 00000000     0                 .str.7.117
000054b1 00000010     1         /home/arun/Desktop/darpa_ex1/darpa_demo_edk2/Build/OvmfX64/DEBUG_CLANGPDB/X64/MdeModulePkg/Bus/Pci/PciSioSerialDxe/PciSioSerialDxe/DEBUG/PciSioSerialDxe.dll.lto.obj:(.rdata)
000054b1 00000000     0                 .str.130
000054c1 00000011     1         /home/arun/Desktop/darpa_ex1/darpa_demo_edk2/Build/OvmfX64/DEBUG_CLANGPDB/X64/MdeModulePkg/Bus/Pci/PciSioSerialDxe/PciSioSerialDxe/DEBUG/PciSioSerialDxe.dll.lto.obj:(.rdata)
000054c1 00000000     0                 .str.1.131
000054d2 00000021     1         /home/arun/Desktop/darpa_ex1/darpa_demo_edk2/Build/OvmfX64/DEBUG_CLANGPDB/X64/MdeModulePkg/Bus/Pci/PciSioSerialDxe/PciSioSerialDxe/DEBUG/PciSioSerialDxe.dll.lto.obj:(.rdata)
000054d2 00000000     0                 .str.2.132
000054f3 0000000b     1         /home/arun/Desktop/darpa_ex1/darpa_demo_edk2/Build/OvmfX64/DEBUG_CLANGPDB/X64/MdeModulePkg/Bus/Pci/PciSioSerialDxe/PciSioSerialDxe/DEBUG/PciSioSerialDxe.dll.lto.obj:(.rdata)
000054f3 00000000     0                 .str.3.134
000054fe 00000012     1         /home/arun/Desktop/darpa_ex1/darpa_demo_edk2/Build/OvmfX64/DEBUG_CLANGPDB/X64/MdeModulePkg/Bus/Pci/PciSioSerialDxe/PciSioSerialDxe/DEBUG/PciSioSerialDxe.dll.lto.obj:(.rdata)
000054fe 00000000     0                 .str.153
00005510 00000021     1         /home/arun/Desktop/darpa_ex1/darpa_demo_edk2/Build/OvmfX64/DEBUG_CLANGPDB/X64/MdeModulePkg/Bus/Pci/PciSioSerialDxe/PciSioSerialDxe/DEBUG/PciSioSerialDxe.dll.lto.obj:(.rdata)
00005510 00000000     0                 .str.2.155
00005531 00000027     1         /home/arun/Desktop/darpa_ex1/darpa_demo_edk2/Build/OvmfX64/DEBUG_CLANGPDB/X64/MdeModulePkg/Bus/Pci/PciSioSerialDxe/PciSioSerialDxe/DEBUG/PciSioSerialDxe.dll.lto.obj:(.rdata)
00005531 00000000     0                 .str.3.156
00005558 00000016     1         /home/arun/Desktop/darpa_ex1/darpa_demo_edk2/Build/OvmfX64/DEBUG_CLANGPDB/X64/MdeModulePkg/Bus/Pci/PciSioSerialDxe/PciSioSerialDxe/DEBUG/PciSioSerialDxe.dll.lto.obj:(.rdata)
00005558 00000000     0                 .str.165
0000556e 0000001b     1         /home/arun/Desktop/darpa_ex1/darpa_demo_edk2/Build/OvmfX64/DEBUG_CLANGPDB/X64/MdeModulePkg/Bus/Pci/PciSioSerialDxe/PciSioSerialDxe/DEBUG/PciSioSerialDxe.dll.lto.obj:(.rdata)
0000556e 00000000     0                 .str.9.166
00005589 0000001d     1         /home/arun/Desktop/darpa_ex1/darpa_demo_edk2/Build/OvmfX64/DEBUG_CLANGPDB/X64/MdeModulePkg/Bus/Pci/PciSioSerialDxe/PciSioSerialDxe/DEBUG/PciSioSerialDxe.dll.lto.obj:(.rdata)
00005589 00000000     0                 .str.10.167
000055a6 00000016     1         /home/arun/Desktop/darpa_ex1/darpa_demo_edk2/Build/OvmfX64/DEBUG_CLANGPDB/X64/MdeModulePkg/Bus/Pci/PciSioSerialDxe/PciSioSerialDxe/DEBUG/PciSioSerialDxe.dll.lto.obj:(.rdata)
000055a6 00000000     0                 .str.11.168
000055bc 0000003d     1         /home/arun/Desktop/darpa_ex1/darpa_demo_edk2/Build/OvmfX64/DEBUG_CLANGPDB/X64/MdeModulePkg/Bus/Pci/PciSioSerialDxe/PciSioSerialDxe/DEBUG/PciSioSerialDxe.dll.lto.obj:(.rdata)
000055bc 00000000     0                 .str.12.169
000055f9 0000003d     1         /home/arun/Desktop/darpa_ex1/darpa_demo_edk2/Build/OvmfX64/DEBUG_CLANGPDB/X64/MdeModulePkg/Bus/Pci/PciSioSerialDxe/PciSioSerialDxe/DEBUG/PciSioSerialDxe.dll.lto.obj:(.rdata)
000055f9 00000000     0                 .str.13.170
00005636 00000004     1         /home/arun/Desktop/darpa_ex1/darpa_demo_edk2/Build/OvmfX64/DEBUG_CLANGPDB/X64/MdeModulePkg/Bus/Pci/PciSioSerialDxe/PciSioSerialDxe/DEBUG/PciSioSerialDxe.dll.lto.obj:(.rdata)
00005636 00000000     0                 .str.175
0000563a 00000003     1         /home/arun/Desktop/darpa_ex1/darpa_demo_edk2/Build/OvmfX64/DEBUG_CLANGPDB/X64/MdeModulePkg/Bus/Pci/PciSioSerialDxe/PciSioSerialDxe/DEBUG/PciSioSerialDxe.dll.lto.obj:(.rdata)
0000563a 00000000     0                 .str.1.184
0000563d 00000007     1         /home/arun/Desktop/darpa_ex1/darpa_demo_edk2/Build/OvmfX64/DEBUG_CLANGPDB/X64/MdeModulePkg/Bus/Pci/PciSioSerialDxe/PciSioSerialDxe/DEBUG/PciSioSerialDxe.dll.lto.obj:(.rdata)
0000563d 00000000     0                 .str.2.173
00005644 0000002c     2         /home/arun/Desktop/darpa_ex1/darpa_demo_edk2/Build/OvmfX64/DEBUG_CLANGPDB/X64/MdeModulePkg/Bus/Pci/PciSioSerialDxe/PciSioSerialDxe/DEBUG/PciSioSerialDxe.dll.lto.obj:(.rdata)
00005644 00000000     0                 .str.3.174
00005670 00000010     1         /home/arun/Desktop/darpa_ex1/darpa_demo_edk2/Build/OvmfX64/DEBUG_CLANGPDB/X64/MdeModulePkg/Bus/Pci/PciSioSerialDxe/PciSioSerialDxe/DEBUG/PciSioSerialDxe.dll.lto.obj:(.rdata)
00005670 00000000     0                 .str.4.176
00005680 00000015     1         /home/arun/Desktop/darpa_ex1/darpa_demo_edk2/Build/OvmfX64/DEBUG_CLANGPDB/X64/MdeModulePkg/Bus/Pci/PciSioSerialDxe/PciSioSerialDxe/DEBUG/PciSioSerialDxe.dll.lto.obj:(.rdata)
00005680 00000000     0                 .str.5.177
00005696 00000028     2         /home/arun/Desktop/darpa_ex1/darpa_demo_edk2/Build/OvmfX64/DEBUG_CLANGPDB/X64/MdeModulePkg/Bus/Pci/PciSioSerialDxe/PciSioSerialDxe/DEBUG/PciSioSerialDxe.dll.lto.obj:(.rdata)
00005696 00000000     0                 .str.6.181
000056be 00000028     2         /home/arun/Desktop/darpa_ex1/darpa_demo_edk2/Build/OvmfX64/DEBUG_CLANGPDB/X64/MdeModulePkg/Bus/Pci/PciSioSerialDxe/PciSioSerialDxe/DEBUG/PciSioSerialDxe.dll.lto.obj:(.rdata)
000056be 00000000     0                 .str.7.180
000056e6 00000013     1         /home/arun/Desktop/darpa_ex1/darpa_demo_edk2/Build/OvmfX64/DEBUG_CLANGPDB/X64/MdeModulePkg/Bus/Pci/PciSioSerialDxe/PciSioSerialDxe/DEBUG/PciSioSerialDxe.dll.lto.obj:(.rdata)
000056e6 00000000     0                 .str.187
000056f9 00000017     1         /home/arun/Desktop/darpa_ex1/darpa_demo_edk2/Build/OvmfX64/DEBUG_CLANGPDB/X64/MdeModulePkg/Bus/Pci/PciSioSerialDxe/PciSioSerialDxe/DEBUG/PciSioSerialDxe.dll.lto.obj:(.rdata)
000056f9 00000000     0                 .str.1.198
00005710 00000019     1         /home/arun/Desktop/darpa_ex1/darpa_demo_edk2/Build/OvmfX64/DEBUG_CLANGPDB/X64/MdeModulePkg/Bus/Pci/PciSioSerialDxe/PciSioSerialDxe/DEBUG/PciSioSerialDxe.dll.lto.obj:(.rdata)
00005710 00000000     0                 .str.5.188
00005729 00000019     1         /home/arun/Desktop/darpa_ex1/darpa_demo_edk2/Build/OvmfX64/DEBUG_CLANGPDB/X64/MdeModulePkg/Bus/Pci/PciSioSerialDxe/PciSioSerialDxe/DEBUG/PciSioSerialDxe.dll.lto.obj:(.rdata)
00005729 00000000     0                 .str.12.189
00005742 0000008c     1         /home/arun/Desktop/darpa_ex1/darpa_demo_edk2/Build/OvmfX64/DEBUG_CLANGPDB/X64/MdeModulePkg/Bus/Pci/PciSioSerialDxe/PciSioSerialDxe/DEBUG/PciSioSerialDxe.dll.lto.obj:(.rdata)
00005742 00000000     0                 .str.14.192
000057ce 00000083     1         /home/arun/Desktop/darpa_ex1/darpa_demo_edk2/Build/OvmfX64/DEBUG_CLANGPDB/X64/MdeModulePkg/Bus/Pci/PciSioSerialDxe/PciSioSerialDxe/DEBUG/PciSioSerialDxe.dll.lto.obj:(.rdata)
000057ce 00000000     0                 .str.15.193
00005851 0000000e     1         /home/arun/Desktop/darpa_ex1/darpa_demo_edk2/Build/OvmfX64/DEBUG_CLANGPDB/X64/MdeModulePkg/Bus/Pci/PciSioSerialDxe/PciSioSerialDxe/DEBUG/PciSioSerialDxe.dll.lto.obj:(.rdata)
00005851 00000000     0                 .str.16.194
0000585f 0000000c     1         /home/arun/Desktop/darpa_ex1/darpa_demo_edk2/Build/OvmfX64/DEBUG_CLANGPDB/X64/MdeModulePkg/Bus/Pci/PciSioSerialDxe/PciSioSerialDxe/DEBUG/PciSioSerialDxe.dll.lto.obj:(.rdata)
0000585f 00000000     0                 .str.17.196
0000586b 00000031     1         /home/arun/Desktop/darpa_ex1/darpa_demo_edk2/Build/OvmfX64/DEBUG_CLANGPDB/X64/MdeModulePkg/Bus/Pci/PciSioSerialDxe/PciSioSerialDxe/DEBUG/PciSioSerialDxe.dll.lto.obj:(.rdata)
0000586b 00000000     0                 .str.18.195
0000589c 0000000c     1         /home/arun/Desktop/darpa_ex1/darpa_demo_edk2/Build/OvmfX64/DEBUG_CLANGPDB/X64/MdeModulePkg/Bus/Pci/PciSioSerialDxe/PciSioSerialDxe/DEBUG/PciSioSerialDxe.dll.lto.obj:(.rdata)
0000589c 00000000     0                 .str.19.197
000058a8 0000001a     1         /home/arun/Desktop/darpa_ex1/darpa_demo_edk2/Build/OvmfX64/DEBUG_CLANGPDB/X64/MdeModulePkg/Bus/Pci/PciSioSerialDxe/PciSioSerialDxe/DEBUG/PciSioSerialDxe.dll.lto.obj:(.rdata)
000058a8 00000000     0                 .str.20
000058c2 00000005     1         /home/arun/Desktop/darpa_ex1/darpa_demo_edk2/Build/OvmfX64/DEBUG_CLANGPDB/X64/MdeModulePkg/Bus/Pci/PciSioSerialDxe/PciSioSerialDxe/DEBUG/PciSioSerialDxe.dll.lto.obj:(.rdata)
000058c2 00000000     0                 .str.21
000058c7 00000003     1         /home/arun/Desktop/darpa_ex1/darpa_demo_edk2/Build/OvmfX64/DEBUG_CLANGPDB/X64/MdeModulePkg/Bus/Pci/PciSioSerialDxe/PciSioSerialDxe/DEBUG/PciSioSerialDxe.dll.lto.obj:(.rdata)
000058c7 00000000     0                 .str.22
000058ca 00000002     1         /home/arun/Desktop/darpa_ex1/darpa_demo_edk2/Build/OvmfX64/DEBUG_CLANGPDB/X64/MdeModulePkg/Bus/Pci/PciSioSerialDxe/PciSioSerialDxe/DEBUG/PciSioSerialDxe.dll.lto.obj:(.rdata)
000058ca 00000000     0                 .str.23
000058cc 0000000d     1         /home/arun/Desktop/darpa_ex1/darpa_demo_edk2/Build/OvmfX64/DEBUG_CLANGPDB/X64/MdeModulePkg/Bus/Pci/PciSioSerialDxe/PciSioSerialDxe/DEBUG/PciSioSerialDxe.dll.lto.obj:(.rdata)
000058cc 00000000     0                 .str.209
000058d9 00000022     1         /home/arun/Desktop/darpa_ex1/darpa_demo_edk2/Build/OvmfX64/DEBUG_CLANGPDB/X64/MdeModulePkg/Bus/Pci/PciSioSerialDxe/PciSioSerialDxe/DEBUG/PciSioSerialDxe.dll.lto.obj:(.rdata)
000058d9 00000000     0                 .str.1.210
000058fb 00000015     1         /home/arun/Desktop/darpa_ex1/darpa_demo_edk2/Build/OvmfX64/DEBUG_CLANGPDB/X64/MdeModulePkg/Bus/Pci/PciSioSerialDxe/PciSioSerialDxe/DEBUG/PciSioSerialDxe.dll.lto.obj:(.rdata)
000058fb 00000000     0                 .str.215
00005910 0000000d     1         /home/arun/Desktop/darpa_ex1/darpa_demo_edk2/Build/OvmfX64/DEBUG_CLANGPDB/X64/MdeModulePkg/Bus/Pci/PciSioSerialDxe/PciSioSerialDxe/DEBUG/PciSioSerialDxe.dll.lto.obj:(.rdata)
00005910 00000000     0                 .str.1.224
00005920 000002b5    16         /home/arun/Desktop/darpa_ex1/darpa_demo_edk2/Build/OvmfX64/DEBUG_CLANGPDB/X64/MdeModulePkg/Bus/Pci/PciSioSerialDxe/PciSioSerialDxe/DEBUG/PciSioSerialDxe.dll.lto.obj:(.rdata$mErrorString)
00005920 00000000     0                 mErrorString
00005be0 00000010    16         /home/arun/Desktop/darpa_ex1/darpa_demo_edk2/Build/OvmfX64/DEBUG_CLANGPDB/X64/MdeModulePkg/Bus/Pci/PciSioSerialDxe/PciSioSerialDxe/DEBUG/PciSioSerialDxe.dll.lto.obj:(.rdata$mHexStr)
00005be0 00000000     0                 mHexStr
00005bf0 00000096    16         /home/arun/Desktop/darpa_ex1/darpa_demo_edk2/Build/OvmfX64/DEBUG_CLANGPDB/X64/MdeModulePkg/Bus/Pci/PciSioSerialDxe/PciSioSerialDxe/DEBUG/PciSioSerialDxe.dll.lto.obj:(.rdata$mWarningString)
00005bf0 00000000     0                 mWarningString
00005d60 00000258  4096 .data
00005d60 00000000     4         /home/arun/Desktop/darpa_ex1/darpa_demo_edk2/Build/OvmfX64/DEBUG_CLANGPDB/X64/MdeModulePkg/Bus/Pci/PciSioSerialDxe/PciSioSerialDxe/DEBUG/PciSioSerialDxe.dll.lto.obj:(.data)
00005d60 00000010     4         /home/arun/Desktop/darpa_ex1/darpa_demo_edk2/Build/OvmfX64/DEBUG_CLANGPDB/X64/MdeModulePkg/Bus/Pci/PciSioSerialDxe/PciSioSerialDxe/DEBUG/PciSioSerialDxe.dll.lto.obj:(.data$gEfiCallerIdGuid)
00005d60 00000000     0                 gEfiCallerIdGuid
00005d70 00000010     4         /home/arun/Desktop/darpa_ex1/darpa_demo_edk2/Build/OvmfX64/DEBUG_CLANGPDB/X64/MdeModulePkg/Bus/Pci/PciSioSerialDxe/PciSioSerialDxe/DEBUG/PciSioSerialDxe.dll.lto.obj:(.data$gEfiComponentName2ProtocolGuid)
00005d70 00000000     0                 gEfiComponentName2ProtocolGuid
00005d80 00000010     4         /home/arun/Desktop/darpa_ex1/darpa_demo_edk2/Build/OvmfX64/DEBUG_CLANGPDB/X64/MdeModulePkg/Bus/Pci/PciSioSerialDxe/PciSioSerialDxe/DEBUG/PciSioSerialDxe.dll.lto.obj:(.data$gEfiComponentNameProtocolGuid)
00005d80 00000000     0                 gEfiComponentNameProtocolGuid
00005d90 00000010     4         /home/arun/Desktop/darpa_ex1/darpa_demo_edk2/Build/OvmfX64/DEBUG_CLANGPDB/X64/MdeModulePkg/Bus/Pci/PciSioSerialDxe/PciSioSerialDxe/DEBUG/PciSioSerialDxe.dll.lto.obj:(.data$gEfiDevicePathProtocolGuid)
00005d90 00000000     0                 gEfiDevicePathProtocolGuid
00005da0 00000010     4         /home/arun/Desktop/darpa_ex1/darpa_demo_edk2/Build/OvmfX64/DEBUG_CLANGPDB/X64/MdeModulePkg/Bus/Pci/PciSioSerialDxe/PciSioSerialDxe/DEBUG/PciSioSerialDxe.dll.lto.obj:(.data$gEfiDevicePathUtilitiesProtocolGuid)
00005da0 00000000     0                 gEfiDevicePathUtilitiesProtocolGuid
00005db0 00000010     4         /home/arun/Desktop/darpa_ex1/darpa_demo_edk2/Build/OvmfX64/DEBUG_CLANGPDB/X64/MdeModulePkg/Bus/Pci/PciSioSerialDxe/PciSioSerialDxe/DEBUG/PciSioSerialDxe.dll.lto.obj:(.data$gEfiDriverBindingProtocolGuid)
00005db0 00000000     0                 gEfiDriverBindingProtocolGuid
00005dc0 00000010     4         /home/arun/Desktop/darpa_ex1/darpa_demo_edk2/Build/OvmfX64/DEBUG_CLANGPDB/X64/MdeModulePkg/Bus/Pci/PciSioSerialDxe/PciSioSerialDxe/DEBUG/PciSioSerialDxe.dll.lto.obj:(.data$gEfiPciIoProtocolGuid)
00005dc0 00000000     0                 gEfiPciIoProtocolGuid
00005dd0 00000010     4         /home/arun/Desktop/darpa_ex1/darpa_demo_edk2/Build/OvmfX64/DEBUG_CLANGPDB/X64/MdeModulePkg/Bus/Pci/PciSioSerialDxe/PciSioSerialDxe/DEBUG/PciSioSerialDxe.dll.lto.obj:(.data$gEfiSerialIoProtocolGuid)
00005dd0 00000000     0                 gEfiSerialIoProtocolGuid
00005de0 00000010     4         /home/arun/Desktop/darpa_ex1/darpa_demo_edk2/Build/OvmfX64/DEBUG_CLANGPDB/X64/MdeModulePkg/Bus/Pci/PciSioSerialDxe/PciSioSerialDxe/DEBUG/PciSioSerialDxe.dll.lto.obj:(.data$gEfiSioProtocolGuid)
00005de0 00000000     0                 gEfiSioProtocolGuid
00005df0 00000010     4         /home/arun/Desktop/darpa_ex1/darpa_demo_edk2/Build/OvmfX64/DEBUG_CLANGPDB/X64/MdeModulePkg/Bus/Pci/PciSioSerialDxe/PciSioSerialDxe/DEBUG/PciSioSerialDxe.dll.lto.obj:(.data$gEfiStatusCodeRuntimeProtocolGuid)
00005df0 00000000     0                 gEfiStatusCodeRuntimeProtocolGuid
00005e00 00000018     8         /home/arun/Desktop/darpa_ex1/darpa_demo_edk2/Build/OvmfX64/DEBUG_CLANGPDB/X64/MdeModulePkg/Bus/Pci/PciSioSerialDxe/PciSioSerialDxe/DEBUG/PciSioSerialDxe.dll.lto.obj:(.data$gPciSioSerialComponentName)
00005e00 00000000     0                 gPciSioSerialComponentName
00005e18 00000018     8         /home/arun/Desktop/darpa_ex1/darpa_demo_edk2/Build/OvmfX64/DEBUG_CLANGPDB/X64/MdeModulePkg/Bus/Pci/PciSioSerialDxe/PciSioSerialDxe/DEBUG/PciSioSerialDxe.dll.lto.obj:(.data$gPciSioSerialComponentName2)
00005e18 00000000     0                 gPciSioSerialComponentName2
00005e30 00000030     8         /home/arun/Desktop/darpa_ex1/darpa_demo_edk2/Build/OvmfX64/DEBUG_CLANGPDB/X64/MdeModulePkg/Bus/Pci/PciSioSerialDxe/PciSioSerialDxe/DEBUG/PciSioSerialDxe.dll.lto.obj:(.data$gSerialControllerDriver)
00005e30 00000000     0                 gSerialControllerDriver
00005e60 00000100     8         /home/arun/Desktop/darpa_ex1/darpa_demo_edk2/Build/OvmfX64/DEBUG_CLANGPDB/X64/MdeModulePkg/Bus/Pci/PciSioSerialDxe/PciSioSerialDxe/DEBUG/PciSioSerialDxe.dll.lto.obj:(.data$gSerialDevTemplate)
00005e60 00000000     0                 gSerialDevTemplate
00005f60 00000020    16         /home/arun/Desktop/darpa_ex1/darpa_demo_edk2/Build/OvmfX64/DEBUG_CLANGPDB/X64/MdeModulePkg/Bus/Pci/PciSioSerialDxe/PciSioSerialDxe/DEBUG/PciSioSerialDxe.dll.lto.obj:(.data$mSerialDriverNameTable)
00005f60 00000000     0                 mSerialDriverNameTable
00005f80 00000000     4         /home/arun/Desktop/darpa_ex1/darpa_demo_edk2/Build/OvmfX64/DEBUG_CLANGPDB/X64/MdeModulePkg/Bus/Pci/PciSioSerialDxe/PciSioSerialDxe/DEBUG/PciSioSerialDxe.dll.lto.obj:(.bss)
00005f80 00000008     8         /home/arun/Desktop/darpa_ex1/darpa_demo_edk2/Build/OvmfX64/DEBUG_CLANGPDB/X64/MdeModulePkg/Bus/Pci/PciSioSerialDxe/PciSioSerialDxe/DEBUG/PciSioSerialDxe.dll.lto.obj:(.bss$gBS)
00005f80 00000000     0                 gBS
00005f88 00000008     8         /home/arun/Desktop/darpa_ex1/darpa_demo_edk2/Build/OvmfX64/DEBUG_CLANGPDB/X64/MdeModulePkg/Bus/Pci/PciSioSerialDxe/PciSioSerialDxe/DEBUG/PciSioSerialDxe.dll.lto.obj:(.bss$gImageHandle)
00005f88 00000000     0                 gImageHandle
00005f90 00000008     8         /home/arun/Desktop/darpa_ex1/darpa_demo_edk2/Build/OvmfX64/DEBUG_CLANGPDB/X64/MdeModulePkg/Bus/Pci/PciSioSerialDxe/PciSioSerialDxe/DEBUG/PciSioSerialDxe.dll.lto.obj:(.bss$gRT)
00005f90 00000000     0                 gRT
00005f98 00000008     8         /home/arun/Desktop/darpa_ex1/darpa_demo_edk2/Build/OvmfX64/DEBUG_CLANGPDB/X64/MdeModulePkg/Bus/Pci/PciSioSerialDxe/PciSioSerialDxe/DEBUG/PciSioSerialDxe.dll.lto.obj:(.bss$gST)
00005f98 00000000     0                 gST
00005fa0 00000001     1         /home/arun/Desktop/darpa_ex1/darpa_demo_edk2/Build/OvmfX64/DEBUG_CLANGPDB/X64/MdeModulePkg/Bus/Pci/PciSioSerialDxe/PciSioSerialDxe/DEBUG/PciSioSerialDxe.dll.lto.obj:(.bss$mDebugIoPortChecked)
00005fa0 00000000     0                 mDebugIoPortChecked
00005fa1 00000001     1         /home/arun/Desktop/darpa_ex1/darpa_demo_edk2/Build/OvmfX64/DEBUG_CLANGPDB/X64/MdeModulePkg/Bus/Pci/PciSioSerialDxe/PciSioSerialDxe/DEBUG/PciSioSerialDxe.dll.lto.obj:(.bss$mDebugIoPortFound)
00005fa1 00000000     0                 mDebugIoPortFound
00005fa8 00000008     8         /home/arun/Desktop/darpa_ex1/darpa_demo_edk2/Build/OvmfX64/DEBUG_CLANGPDB/X64/MdeModulePkg/Bus/Pci/PciSioSerialDxe/PciSioSerialDxe/DEBUG/PciSioSerialDxe.dll.lto.obj:(.bss$mDevicePathLibDevicePathUtilities)
00005fa8 00000000     0                 mDevicePathLibDevicePathUtilities
00005fb0 00000008     8         /home/arun/Desktop/darpa_ex1/darpa_demo_edk2/Build/OvmfX64/DEBUG_CLANGPDB/X64/MdeModulePkg/Bus/Pci/PciSioSerialDxe/PciSioSerialDxe/DEBUG/PciSioSerialDxe.dll.lto.obj:(.bss$mReportStatusCodeLibStatusCodeProtocol)
00005fb0 00000000     0                 mReportStatusCodeLibStatusCodeProtocol
00005fc0 0000002c  4096 .reloc
