Address  Size     Align Out     In      Symbol
00000220 00003d0a  4096 .text
00000220 00000116    16         /home/arun/Desktop/darpa_ex1/darpa_demo_edk2/Build/OvmfX64/DEBUG_CLANGPDB/X64/MdePkg/Library/BaseIoLibIntrinsic/BaseIoLibIntrinsicSev/OUTPUT/X64/IoFifoSev.obj:(.text)
00000220 00000000     0                 SevNoRepIo
0000025a 00000000     0                 @UseRepIo
0000025c 00000000     0                 @SevNoRepIo_Done
00000260 00000000     0                 SevIoReadFifo8
00000274 00000000     0                 @IoReadFifo8_NoRep
00000276 00000000     0                 @IoReadFifo8_Loop
0000027e 00000000     0                 @IoReadFifo8_Done
00000282 00000000     0                 SevIoReadFifo16
00000297 00000000     0                 @IoReadFifo16_NoRep
00000299 00000000     0                 @IoReadFifo16_Loop
000002a4 00000000     0                 @IoReadFifo16_Done
000002a8 00000000     0                 SevIoReadFifo32
000002bc 00000000     0                 @IoReadFifo32_NoRep
000002be 00000000     0                 @IoReadFifo32_Loop
000002c7 00000000     0                 @IoReadFifo32_Done
000002cb 00000000     0                 SevIoWriteFifo8
000002cb 00000000     0                 SevIoWriteFifo8
000002df 00000000     0                 @IoWriteFifo8_NoRep
000002e1 00000000     0                 @IoWriteFifo8_Loop
000002e9 00000000     0                 @IoWriteFifo8_Done
000002ed 00000000     0                 SevIoWriteFifo16
00000302 00000000     0                 @IoWriteFifo16_NoRep
00000304 00000000     0                 @IoWriteFifo16_Loop
0000030f 00000000     0                 @IoWriteFifo16_Done
00000313 00000000     0                 SevIoWriteFifo32
00000327 00000000     0                 @IoWriteFifo32_NoRep
00000329 00000000     0                 @IoWriteFifo32_Loop
00000332 00000000     0                 @IoWriteFifo32_Done
00000340 00000011    16         /home/arun/Desktop/darpa_ex1/darpa_demo_edk2/Build/OvmfX64/DEBUG_CLANGPDB/X64/MdePkg/Library/BaseMemoryLibRepStr/BaseMemoryLibRepStr/OUTPUT/X64/SetMem.obj:(.text)
00000340 00000000     0                 InternalMemSetMem
00000340 00000000     0                 InternalMemSetMem
00000360 0000003c    16         /home/arun/Desktop/darpa_ex1/darpa_demo_edk2/Build/OvmfX64/DEBUG_CLANGPDB/X64/MdePkg/Library/BaseMemoryLibRepStr/BaseMemoryLibRepStr/OUTPUT/X64/CopyMem.obj:(.text)
00000360 00000000     0                 InternalMemCopyMem
00000360 00000000     0                 InternalMemCopyMem
0000037a 00000000     0                 InternalMemCopyMem.0
0000038a 00000000     0                 @CopyBackward
00000393 00000000     0                 @CopyBytes
000003a0 0000001d    16         /home/arun/Desktop/darpa_ex1/darpa_demo_edk2/Build/OvmfX64/DEBUG_CLANGPDB/X64/MdePkg/Library/BaseMemoryLibRepStr/BaseMemoryLibRepStr/OUTPUT/X64/ZeroMem.obj:(.text)
000003a0 00000000     0                 InternalMemZeroMem
000003a0 00000000     0                 InternalMemZeroMem
000003c0 00000081    16         /home/arun/Desktop/darpa_ex1/darpa_demo_edk2/Build/OvmfX64/DEBUG_CLANGPDB/X64/MdePkg/Library/BaseLib/BaseLib/OUTPUT/X64/TdVmcall.obj:(.text)
000003c0 00000000     0                 TdVmCall
000003c0 00000000     0                 TdVmCall
0000041e 00000000     0                 TdVmCall.no_return_data
00000450 00000012    16         /home/arun/Desktop/darpa_ex1/darpa_demo_edk2/Build/OvmfX64/DEBUG_CLANGPDB/X64/MdePkg/Library/BaseMemoryLibRepStr/BaseMemoryLibRepStr/OUTPUT/X64/SetMem64.obj:(.text)
00000450 00000000     0                 InternalMemSetMem64
00000470 00000058    16         /home/arun/Desktop/darpa_ex1/darpa_demo_edk2/Build/OvmfX64/DEBUG_CLANGPDB/X64/MdePkg/Library/BaseLib/BaseLib/OUTPUT/X64/TdCall.obj:(.text)
00000470 00000000     0                 TdCall
000004bb 00000000     0                 TdCall.exit
000004c8 00000000     4         /home/arun/Desktop/darpa_ex1/darpa_demo_edk2/Build/OvmfX64/DEBUG_CLANGPDB/X64/MdeModulePkg/Bus/Usb/UsbMassStorageDxe/UsbMassStorageDxe/DEBUG/UsbMassStorageDxe.dll.lto.obj:(.text)
000004c8 00000043     1         /home/arun/Desktop/darpa_ex1/darpa_demo_edk2/Build/OvmfX64/DEBUG_CLANGPDB/X64/MdeModulePkg/Bus/Usb/UsbMassStorageDxe/UsbMassStorageDxe/DEBUG/UsbMassStorageDxe.dll.lto.obj:(.text$AllocateZeroPool)
000004c8 00000000     0                 AllocateZeroPool
0000050b 00000023     1         /home/arun/Desktop/darpa_ex1/darpa_demo_edk2/Build/OvmfX64/DEBUG_CLANGPDB/X64/MdeModulePkg/Bus/Usb/UsbMassStorageDxe/UsbMassStorageDxe/DEBUG/UsbMassStorageDxe.dll.lto.obj:(.text$AsciiSPrint)
0000050b 00000000     0                 AsciiSPrint
0000052e 0000006d     1         /home/arun/Desktop/darpa_ex1/darpa_demo_edk2/Build/OvmfX64/DEBUG_CLANGPDB/X64/MdeModulePkg/Bus/Usb/UsbMassStorageDxe/UsbMassStorageDxe/DEBUG/UsbMassStorageDxe.dll.lto.obj:(.text$AsciiStrSize)
0000052e 00000000     0                 AsciiStrSize
0000059b 000000bd     1         /home/arun/Desktop/darpa_ex1/darpa_demo_edk2/Build/OvmfX64/DEBUG_CLANGPDB/X64/MdeModulePkg/Bus/Usb/UsbMassStorageDxe/UsbMassStorageDxe/DEBUG/UsbMassStorageDxe.dll.lto.obj:(.text$AsciiStrnCmp)
0000059b 00000000     0                 AsciiStrnCmp
00000658 00000020     1         /home/arun/Desktop/darpa_ex1/darpa_demo_edk2/Build/OvmfX64/DEBUG_CLANGPDB/X64/MdeModulePkg/Bus/Usb/UsbMassStorageDxe/UsbMassStorageDxe/DEBUG/UsbMassStorageDxe.dll.lto.obj:(.text$AsciiStrnLenS)
00000658 00000000     0                 AsciiStrnLenS
00000678 00000010     1         /home/arun/Desktop/darpa_ex1/darpa_demo_edk2/Build/OvmfX64/DEBUG_CLANGPDB/X64/MdeModulePkg/Bus/Usb/UsbMassStorageDxe/UsbMassStorageDxe/DEBUG/UsbMassStorageDxe.dll.lto.obj:(.text$AsciiVSPrint)
00000678 00000000     0                 AsciiVSPrint
00000688 0000001a     1         /home/arun/Desktop/darpa_ex1/darpa_demo_edk2/Build/OvmfX64/DEBUG_CLANGPDB/X64/MdeModulePkg/Bus/Usb/UsbMassStorageDxe/UsbMassStorageDxe/DEBUG/UsbMassStorageDxe.dll.lto.obj:(.text$BasePrintLibFillBuffer)
00000688 00000000     0                 BasePrintLibFillBuffer
000006a2 00000021     1         /home/arun/Desktop/darpa_ex1/darpa_demo_edk2/Build/OvmfX64/DEBUG_CLANGPDB/X64/MdeModulePkg/Bus/Usb/UsbMassStorageDxe/UsbMassStorageDxe/DEBUG/UsbMassStorageDxe.dll.lto.obj:(.text$BasePrintLibSPrint)
000006a2 00000000     0                 BasePrintLibSPrint
000006c4 00000d98     4         /home/arun/Desktop/darpa_ex1/darpa_demo_edk2/Build/OvmfX64/DEBUG_CLANGPDB/X64/MdeModulePkg/Bus/Usb/UsbMassStorageDxe/UsbMassStorageDxe/DEBUG/UsbMassStorageDxe.dll.lto.obj:(.text$BasePrintLibSPrintMarker)
000006c4 00000000     0                 BasePrintLibSPrintMarker
0000145c 0000007f     1         /home/arun/Desktop/darpa_ex1/darpa_demo_edk2/Build/OvmfX64/DEBUG_CLANGPDB/X64/MdeModulePkg/Bus/Usb/UsbMassStorageDxe/UsbMassStorageDxe/DEBUG/UsbMassStorageDxe.dll.lto.obj:(.text$CopyMem)
0000145c 00000000     0                 CopyMem
000014db 00000056     1         /home/arun/Desktop/darpa_ex1/darpa_demo_edk2/Build/OvmfX64/DEBUG_CLANGPDB/X64/MdeModulePkg/Bus/Usb/UsbMassStorageDxe/UsbMassStorageDxe/DEBUG/UsbMassStorageDxe.dll.lto.obj:(.text$DebugAssert)
000014db 00000000     0                 DebugAssert
00001531 0000007c     1         /home/arun/Desktop/darpa_ex1/darpa_demo_edk2/Build/OvmfX64/DEBUG_CLANGPDB/X64/MdeModulePkg/Bus/Usb/UsbMassStorageDxe/UsbMassStorageDxe/DEBUG/UsbMassStorageDxe.dll.lto.obj:(.text$DebugPrint)
00001531 00000000     0                 DebugPrint
000015ad 00000048     1         /home/arun/Desktop/darpa_ex1/darpa_demo_edk2/Build/OvmfX64/DEBUG_CLANGPDB/X64/MdeModulePkg/Bus/Usb/UsbMassStorageDxe/UsbMassStorageDxe/DEBUG/UsbMassStorageDxe.dll.lto.obj:(.text$FreePool)
000015ad 00000000     0                 FreePool
000015f5 00000019     1         /home/arun/Desktop/darpa_ex1/darpa_demo_edk2/Build/OvmfX64/DEBUG_CLANGPDB/X64/MdeModulePkg/Bus/Usb/UsbMassStorageDxe/UsbMassStorageDxe/DEBUG/UsbMassStorageDxe.dll.lto.obj:(.text$InitializeDiskInfo)
000015f5 00000000     0                 InitializeDiskInfo
0000160e 00000090     1         /home/arun/Desktop/darpa_ex1/darpa_demo_edk2/Build/OvmfX64/DEBUG_CLANGPDB/X64/MdeModulePkg/Bus/Usb/UsbMassStorageDxe/UsbMassStorageDxe/DEBUG/UsbMassStorageDxe.dll.lto.obj:(.text$IoWriteFifo8)
0000160e 00000000     0                 IoWriteFifo8
0000169e 0000008d     1         /home/arun/Desktop/darpa_ex1/darpa_demo_edk2/Build/OvmfX64/DEBUG_CLANGPDB/X64/MdeModulePkg/Bus/Usb/UsbMassStorageDxe/UsbMassStorageDxe/DEBUG/UsbMassStorageDxe.dll.lto.obj:(.text$PlatformDebugLibIoPortFound)
0000169e 00000000     0                 PlatformDebugLibIoPortFound
0000172b 00000032     1         /home/arun/Desktop/darpa_ex1/darpa_demo_edk2/Build/OvmfX64/DEBUG_CLANGPDB/X64/MdeModulePkg/Bus/Usb/UsbMassStorageDxe/UsbMassStorageDxe/DEBUG/UsbMassStorageDxe.dll.lto.obj:(.text$ReadUnaligned24)
0000172b 00000000     0                 ReadUnaligned24
0000175d 00000007     1         /home/arun/Desktop/darpa_ex1/darpa_demo_edk2/Build/OvmfX64/DEBUG_CLANGPDB/X64/MdeModulePkg/Bus/Usb/UsbMassStorageDxe/UsbMassStorageDxe/DEBUG/UsbMassStorageDxe.dll.lto.obj:(.text$SwapBytes64)
0000175d 00000000     0                 SwapBytes64
00001764 0000071a     1         /home/arun/Desktop/darpa_ex1/darpa_demo_edk2/Build/OvmfX64/DEBUG_CLANGPDB/X64/MdeModulePkg/Bus/Usb/UsbMassStorageDxe/UsbMassStorageDxe/DEBUG/UsbMassStorageDxe.dll.lto.obj:(.text$USBMassDriverBindingStart)
00001764 00000000     0                 USBMassDriverBindingStart
00001e7e 00000322     1         /home/arun/Desktop/darpa_ex1/darpa_demo_edk2/Build/OvmfX64/DEBUG_CLANGPDB/X64/MdeModulePkg/Bus/Usb/UsbMassStorageDxe/UsbMassStorageDxe/DEBUG/UsbMassStorageDxe.dll.lto.obj:(.text$USBMassDriverBindingStop)
00001e7e 00000000     0                 USBMassDriverBindingStop
000021a0 000000c0     1         /home/arun/Desktop/darpa_ex1/darpa_demo_edk2/Build/OvmfX64/DEBUG_CLANGPDB/X64/MdeModulePkg/Bus/Usb/UsbMassStorageDxe/UsbMassStorageDxe/DEBUG/UsbMassStorageDxe.dll.lto.obj:(.text$USBMassDriverBindingSupported)
000021a0 00000000     0                 USBMassDriverBindingSupported
00002260 000003b8     1         /home/arun/Desktop/darpa_ex1/darpa_demo_edk2/Build/OvmfX64/DEBUG_CLANGPDB/X64/MdeModulePkg/Bus/Usb/UsbMassStorageDxe/UsbMassStorageDxe/DEBUG/UsbMassStorageDxe.dll.lto.obj:(.text$UsbBootDetectMedia)
00002260 00000000     0                 UsbBootDetectMedia
00002618 000001b5     1         /home/arun/Desktop/darpa_ex1/darpa_demo_edk2/Build/OvmfX64/DEBUG_CLANGPDB/X64/MdeModulePkg/Bus/Usb/UsbMassStorageDxe/UsbMassStorageDxe/DEBUG/UsbMassStorageDxe.dll.lto.obj:(.text$UsbBootExecCmdWithRetry)
00002618 00000000     0                 UsbBootExecCmdWithRetry
000027cd 00000134     1         /home/arun/Desktop/darpa_ex1/darpa_demo_edk2/Build/OvmfX64/DEBUG_CLANGPDB/X64/MdeModulePkg/Bus/Usb/UsbMassStorageDxe/UsbMassStorageDxe/DEBUG/UsbMassStorageDxe.dll.lto.obj:(.text$UsbBootReadWriteBlocks)
000027cd 00000000     0                 UsbBootReadWriteBlocks
00002901 00000126     1         /home/arun/Desktop/darpa_ex1/darpa_demo_edk2/Build/OvmfX64/DEBUG_CLANGPDB/X64/MdeModulePkg/Bus/Usb/UsbMassStorageDxe/UsbMassStorageDxe/DEBUG/UsbMassStorageDxe.dll.lto.obj:(.text$UsbBootReadWriteBlocks16)
00002901 00000000     0                 UsbBootReadWriteBlocks16
00002a28 0000019c     4         /home/arun/Desktop/darpa_ex1/darpa_demo_edk2/Build/OvmfX64/DEBUG_CLANGPDB/X64/MdeModulePkg/Bus/Usb/UsbMassStorageDxe/UsbMassStorageDxe/DEBUG/UsbMassStorageDxe.dll.lto.obj:(.text$UsbBootRequestSense)
00002a28 00000000     0                 UsbBootRequestSense
00002bc4 00000010     1         /home/arun/Desktop/darpa_ex1/darpa_demo_edk2/Build/OvmfX64/DEBUG_CLANGPDB/X64/MdeModulePkg/Bus/Usb/UsbMassStorageDxe/UsbMassStorageDxe/DEBUG/UsbMassStorageDxe.dll.lto.obj:(.text$UsbBotCleanUp)
00002bc4 00000000     0                 UsbBotCleanUp
00002bd4 000002d9     1         /home/arun/Desktop/darpa_ex1/darpa_demo_edk2/Build/OvmfX64/DEBUG_CLANGPDB/X64/MdeModulePkg/Bus/Usb/UsbMassStorageDxe/UsbMassStorageDxe/DEBUG/UsbMassStorageDxe.dll.lto.obj:(.text$UsbBotExecCommand)
00002bd4 00000000     0                 UsbBotExecCommand
00002ead 00000071     1         /home/arun/Desktop/darpa_ex1/darpa_demo_edk2/Build/OvmfX64/DEBUG_CLANGPDB/X64/MdeModulePkg/Bus/Usb/UsbMassStorageDxe/UsbMassStorageDxe/DEBUG/UsbMassStorageDxe.dll.lto.obj:(.text$UsbBotGetMaxLun)
00002ead 00000000     0                 UsbBotGetMaxLun
00002f1e 00000138     1         /home/arun/Desktop/darpa_ex1/darpa_demo_edk2/Build/OvmfX64/DEBUG_CLANGPDB/X64/MdeModulePkg/Bus/Usb/UsbMassStorageDxe/UsbMassStorageDxe/DEBUG/UsbMassStorageDxe.dll.lto.obj:(.text$UsbBotInit)
00002f1e 00000000     0                 UsbBotInit
00003056 000000ac     1         /home/arun/Desktop/darpa_ex1/darpa_demo_edk2/Build/OvmfX64/DEBUG_CLANGPDB/X64/MdeModulePkg/Bus/Usb/UsbMassStorageDxe/UsbMassStorageDxe/DEBUG/UsbMassStorageDxe.dll.lto.obj:(.text$UsbBotResetDevice)
00003056 00000000     0                 UsbBotResetDevice
00003102 00000010     1         /home/arun/Desktop/darpa_ex1/darpa_demo_edk2/Build/OvmfX64/DEBUG_CLANGPDB/X64/MdeModulePkg/Bus/Usb/UsbMassStorageDxe/UsbMassStorageDxe/DEBUG/UsbMassStorageDxe.dll.lto.obj:(.text$UsbCbiCleanUp)
00003102 00000000     0                 UsbCbiCleanUp
00003114 0000021c     4         /home/arun/Desktop/darpa_ex1/darpa_demo_edk2/Build/OvmfX64/DEBUG_CLANGPDB/X64/MdeModulePkg/Bus/Usb/UsbMassStorageDxe/UsbMassStorageDxe/DEBUG/UsbMassStorageDxe.dll.lto.obj:(.text$UsbCbiExecCommand)
00003114 00000000     0                 UsbCbiExecCommand
00003330 00000087     1         /home/arun/Desktop/darpa_ex1/darpa_demo_edk2/Build/OvmfX64/DEBUG_CLANGPDB/X64/MdeModulePkg/Bus/Usb/UsbMassStorageDxe/UsbMassStorageDxe/DEBUG/UsbMassStorageDxe.dll.lto.obj:(.text$UsbCbiGetStatus)
00003330 00000000     0                 UsbCbiGetStatus
000033b7 0000016a     1         /home/arun/Desktop/darpa_ex1/darpa_demo_edk2/Build/OvmfX64/DEBUG_CLANGPDB/X64/MdeModulePkg/Bus/Usb/UsbMassStorageDxe/UsbMassStorageDxe/DEBUG/UsbMassStorageDxe.dll.lto.obj:(.text$UsbCbiInit)
000033b7 00000000     0                 UsbCbiInit
00003521 000000bc     1         /home/arun/Desktop/darpa_ex1/darpa_demo_edk2/Build/OvmfX64/DEBUG_CLANGPDB/X64/MdeModulePkg/Bus/Usb/UsbMassStorageDxe/UsbMassStorageDxe/DEBUG/UsbMassStorageDxe.dll.lto.obj:(.text$UsbCbiResetDevice)
00003521 00000000     0                 UsbCbiResetDevice
000035dd 00000098     1         /home/arun/Desktop/darpa_ex1/darpa_demo_edk2/Build/OvmfX64/DEBUG_CLANGPDB/X64/MdeModulePkg/Bus/Usb/UsbMassStorageDxe/UsbMassStorageDxe/DEBUG/UsbMassStorageDxe.dll.lto.obj:(.text$UsbCbiSendCommand)
000035dd 00000000     0                 UsbCbiSendCommand
00003675 00000048     1         /home/arun/Desktop/darpa_ex1/darpa_demo_edk2/Build/OvmfX64/DEBUG_CLANGPDB/X64/MdeModulePkg/Bus/Usb/UsbMassStorageDxe/UsbMassStorageDxe/DEBUG/UsbMassStorageDxe.dll.lto.obj:(.text$UsbClearEndpointStall)
00003675 00000000     0                 UsbClearEndpointStall
000036bd 0000000b     1         /home/arun/Desktop/darpa_ex1/darpa_demo_edk2/Build/OvmfX64/DEBUG_CLANGPDB/X64/MdeModulePkg/Bus/Usb/UsbMassStorageDxe/UsbMassStorageDxe/DEBUG/UsbMassStorageDxe.dll.lto.obj:(.text$UsbDiskInfoIdentify)
000036bd 00000000     0                 UsbDiskInfoIdentify
000036c8 00000076     1         /home/arun/Desktop/darpa_ex1/darpa_demo_edk2/Build/OvmfX64/DEBUG_CLANGPDB/X64/MdeModulePkg/Bus/Usb/UsbMassStorageDxe/UsbMassStorageDxe/DEBUG/UsbMassStorageDxe.dll.lto.obj:(.text$UsbDiskInfoInquiry)
000036c8 00000000     0                 UsbDiskInfoInquiry
0000373e 0000000b     1         /home/arun/Desktop/darpa_ex1/darpa_demo_edk2/Build/OvmfX64/DEBUG_CLANGPDB/X64/MdeModulePkg/Bus/Usb/UsbMassStorageDxe/UsbMassStorageDxe/DEBUG/UsbMassStorageDxe.dll.lto.obj:(.text$UsbDiskInfoSenseData)
0000373e 00000000     0                 UsbDiskInfoSenseData
00003749 0000000b     1         /home/arun/Desktop/darpa_ex1/darpa_demo_edk2/Build/OvmfX64/DEBUG_CLANGPDB/X64/MdeModulePkg/Bus/Usb/UsbMassStorageDxe/UsbMassStorageDxe/DEBUG/UsbMassStorageDxe.dll.lto.obj:(.text$UsbDiskInfoWhichIde)
00003749 00000000     0                 UsbDiskInfoWhichIde
00003754 00000003     1         /home/arun/Desktop/darpa_ex1/darpa_demo_edk2/Build/OvmfX64/DEBUG_CLANGPDB/X64/MdeModulePkg/Bus/Usb/UsbMassStorageDxe/UsbMassStorageDxe/DEBUG/UsbMassStorageDxe.dll.lto.obj:(.text$UsbMassFlushBlocks)
00003754 00000000     0                 UsbMassFlushBlocks
00003757 00000131     1         /home/arun/Desktop/darpa_ex1/darpa_demo_edk2/Build/OvmfX64/DEBUG_CLANGPDB/X64/MdeModulePkg/Bus/Usb/UsbMassStorageDxe/UsbMassStorageDxe/DEBUG/UsbMassStorageDxe.dll.lto.obj:(.text$UsbMassInitMedia)
00003757 00000000     0                 UsbMassInitMedia
00003888 00000144     1         /home/arun/Desktop/darpa_ex1/darpa_demo_edk2/Build/OvmfX64/DEBUG_CLANGPDB/X64/MdeModulePkg/Bus/Usb/UsbMassStorageDxe/UsbMassStorageDxe/DEBUG/UsbMassStorageDxe.dll.lto.obj:(.text$UsbMassReadBlocks)
00003888 00000000     0                 UsbMassReadBlocks
000039cc 00000073     1         /home/arun/Desktop/darpa_ex1/darpa_demo_edk2/Build/OvmfX64/DEBUG_CLANGPDB/X64/MdeModulePkg/Bus/Usb/UsbMassStorageDxe/UsbMassStorageDxe/DEBUG/UsbMassStorageDxe.dll.lto.obj:(.text$UsbMassReset)
000039cc 00000000     0                 UsbMassReset
00003a3f 0000000b     1         /home/arun/Desktop/darpa_ex1/darpa_demo_edk2/Build/OvmfX64/DEBUG_CLANGPDB/X64/MdeModulePkg/Bus/Usb/UsbMassStorageDxe/UsbMassStorageDxe/DEBUG/UsbMassStorageDxe.dll.lto.obj:(.text$UsbMassStorageGetControllerName)
00003a3f 00000000     0                 UsbMassStorageGetControllerName
00003a4a 0000012d     1         /home/arun/Desktop/darpa_ex1/darpa_demo_edk2/Build/OvmfX64/DEBUG_CLANGPDB/X64/MdeModulePkg/Bus/Usb/UsbMassStorageDxe/UsbMassStorageDxe/DEBUG/UsbMassStorageDxe.dll.lto.obj:(.text$UsbMassStorageGetDriverName)
00003a4a 00000000     0                 UsbMassStorageGetDriverName
00003b77 00000144     1         /home/arun/Desktop/darpa_ex1/darpa_demo_edk2/Build/OvmfX64/DEBUG_CLANGPDB/X64/MdeModulePkg/Bus/Usb/UsbMassStorageDxe/UsbMassStorageDxe/DEBUG/UsbMassStorageDxe.dll.lto.obj:(.text$UsbMassWriteBlocks)
00003b77 00000000     0                 UsbMassWriteBlocks
00003cbb 0000005d     1         /home/arun/Desktop/darpa_ex1/darpa_demo_edk2/Build/OvmfX64/DEBUG_CLANGPDB/X64/MdeModulePkg/Bus/Usb/UsbMassStorageDxe/UsbMassStorageDxe/DEBUG/UsbMassStorageDxe.dll.lto.obj:(.text$ZeroMem)
00003cbb 00000000     0                 ZeroMem
00003d18 00000212     1         /home/arun/Desktop/darpa_ex1/darpa_demo_edk2/Build/OvmfX64/DEBUG_CLANGPDB/X64/MdeModulePkg/Bus/Usb/UsbMassStorageDxe/UsbMassStorageDxe/DEBUG/UsbMassStorageDxe.dll.lto.obj:(.text$_ModuleEntryPoint)
00003d18 00000000     0                 _ModuleEntryPoint
00003f40 0000120f  4096 .rdata
00003f40 0000000a     1         /home/arun/Desktop/darpa_ex1/darpa_demo_edk2/Build/OvmfX64/DEBUG_CLANGPDB/X64/MdeModulePkg/Bus/Usb/UsbMassStorageDxe/UsbMassStorageDxe/DEBUG/UsbMassStorageDxe.dll.lto.obj:(.rdata)
00003f40 00000000     0                 .str.2.4
00003f4a 0000000b     1         /home/arun/Desktop/darpa_ex1/darpa_demo_edk2/Build/OvmfX64/DEBUG_CLANGPDB/X64/MdeModulePkg/Bus/Usb/UsbMassStorageDxe/UsbMassStorageDxe/DEBUG/UsbMassStorageDxe.dll.lto.obj:(.rdata)
00003f4a 00000000     0                 .str.19
00003f55 00000017     1         /home/arun/Desktop/darpa_ex1/darpa_demo_edk2/Build/OvmfX64/DEBUG_CLANGPDB/X64/MdeModulePkg/Bus/Usb/UsbMassStorageDxe/UsbMassStorageDxe/DEBUG/UsbMassStorageDxe.dll.lto.obj:(.rdata)
00003f55 00000000     0                 .str.1.20
00003f6c 00000014     1         /home/arun/Desktop/darpa_ex1/darpa_demo_edk2/Build/OvmfX64/DEBUG_CLANGPDB/X64/MdeModulePkg/Bus/Usb/UsbMassStorageDxe/UsbMassStorageDxe/DEBUG/UsbMassStorageDxe.dll.lto.obj:(.rdata)
00003f6c 00000000     0                 .str.2.23
00003f80 0000001b     1         /home/arun/Desktop/darpa_ex1/darpa_demo_edk2/Build/OvmfX64/DEBUG_CLANGPDB/X64/MdeModulePkg/Bus/Usb/UsbMassStorageDxe/UsbMassStorageDxe/DEBUG/UsbMassStorageDxe.dll.lto.obj:(.rdata)
00003f80 00000000     0                 .str.32
00003f9b 0000001d     1         /home/arun/Desktop/darpa_ex1/darpa_demo_edk2/Build/OvmfX64/DEBUG_CLANGPDB/X64/MdeModulePkg/Bus/Usb/UsbMassStorageDxe/UsbMassStorageDxe/DEBUG/UsbMassStorageDxe.dll.lto.obj:(.rdata)
00003f9b 00000000     0                 .str.1.33
00003fb8 00000014     1         /home/arun/Desktop/darpa_ex1/darpa_demo_edk2/Build/OvmfX64/DEBUG_CLANGPDB/X64/MdeModulePkg/Bus/Usb/UsbMassStorageDxe/UsbMassStorageDxe/DEBUG/UsbMassStorageDxe.dll.lto.obj:(.rdata)
00003fb8 00000000     0                 .str.2.36
00003fcc 00000014     1         /home/arun/Desktop/darpa_ex1/darpa_demo_edk2/Build/OvmfX64/DEBUG_CLANGPDB/X64/MdeModulePkg/Bus/Usb/UsbMassStorageDxe/UsbMassStorageDxe/DEBUG/UsbMassStorageDxe.dll.lto.obj:(.rdata)
00003fcc 00000000     0                 .str.3.39
00003fe0 0000001e     1         /home/arun/Desktop/darpa_ex1/darpa_demo_edk2/Build/OvmfX64/DEBUG_CLANGPDB/X64/MdeModulePkg/Bus/Usb/UsbMassStorageDxe/UsbMassStorageDxe/DEBUG/UsbMassStorageDxe.dll.lto.obj:(.rdata)
00003fe0 00000000     0                 .str.46
00003ffe 00000014     1         /home/arun/Desktop/darpa_ex1/darpa_demo_edk2/Build/OvmfX64/DEBUG_CLANGPDB/X64/MdeModulePkg/Bus/Usb/UsbMassStorageDxe/UsbMassStorageDxe/DEBUG/UsbMassStorageDxe.dll.lto.obj:(.rdata)
00003ffe 00000000     0                 .str.1.47
00004012 00000014     1         /home/arun/Desktop/darpa_ex1/darpa_demo_edk2/Build/OvmfX64/DEBUG_CLANGPDB/X64/MdeModulePkg/Bus/Usb/UsbMassStorageDxe/UsbMassStorageDxe/DEBUG/UsbMassStorageDxe.dll.lto.obj:(.rdata)
00004012 00000000     0                 .str.1.51
00004026 00000032     1         /home/arun/Desktop/darpa_ex1/darpa_demo_edk2/Build/OvmfX64/DEBUG_CLANGPDB/X64/MdeModulePkg/Bus/Usb/UsbMassStorageDxe/UsbMassStorageDxe/DEBUG/UsbMassStorageDxe.dll.lto.obj:(.rdata)
00004026 00000000     0                 .str.3.53
00004058 0000000e     1         /home/arun/Desktop/darpa_ex1/darpa_demo_edk2/Build/OvmfX64/DEBUG_CLANGPDB/X64/MdeModulePkg/Bus/Usb/UsbMassStorageDxe/UsbMassStorageDxe/DEBUG/UsbMassStorageDxe.dll.lto.obj:(.rdata)
00004058 00000000     0                 .str.57
00004066 00000034     1         /home/arun/Desktop/darpa_ex1/darpa_demo_edk2/Build/OvmfX64/DEBUG_CLANGPDB/X64/MdeModulePkg/Bus/Usb/UsbMassStorageDxe/UsbMassStorageDxe/DEBUG/UsbMassStorageDxe.dll.lto.obj:(.rdata)
00004066 00000000     0                 .str.2.63
0000409a 00000036     1         /home/arun/Desktop/darpa_ex1/darpa_demo_edk2/Build/OvmfX64/DEBUG_CLANGPDB/X64/MdeModulePkg/Bus/Usb/UsbMassStorageDxe/UsbMassStorageDxe/DEBUG/UsbMassStorageDxe.dll.lto.obj:(.rdata)
0000409a 00000000     0                 .str.3.62
000040d0 00000029     1         /home/arun/Desktop/darpa_ex1/darpa_demo_edk2/Build/OvmfX64/DEBUG_CLANGPDB/X64/MdeModulePkg/Bus/Usb/UsbMassStorageDxe/UsbMassStorageDxe/DEBUG/UsbMassStorageDxe.dll.lto.obj:(.rdata)
000040d0 00000000     0                 .str.4.60
000040f9 0000000b     1         /home/arun/Desktop/darpa_ex1/darpa_demo_edk2/Build/OvmfX64/DEBUG_CLANGPDB/X64/MdeModulePkg/Bus/Usb/UsbMassStorageDxe/UsbMassStorageDxe/DEBUG/UsbMassStorageDxe.dll.lto.obj:(.rdata)
000040f9 00000000     0                 .str.5.58
00004104 0000003b     1         /home/arun/Desktop/darpa_ex1/darpa_demo_edk2/Build/OvmfX64/DEBUG_CLANGPDB/X64/MdeModulePkg/Bus/Usb/UsbMassStorageDxe/UsbMassStorageDxe/DEBUG/UsbMassStorageDxe.dll.lto.obj:(.rdata)
00004104 00000000     0                 .str.6.59
0000413f 00000018     1         /home/arun/Desktop/darpa_ex1/darpa_demo_edk2/Build/OvmfX64/DEBUG_CLANGPDB/X64/MdeModulePkg/Bus/Usb/UsbMassStorageDxe/UsbMassStorageDxe/DEBUG/UsbMassStorageDxe.dll.lto.obj:(.rdata)
0000413f 00000000     0                 .str.7
00004157 0000002c     1         /home/arun/Desktop/darpa_ex1/darpa_demo_edk2/Build/OvmfX64/DEBUG_CLANGPDB/X64/MdeModulePkg/Bus/Usb/UsbMassStorageDxe/UsbMassStorageDxe/DEBUG/UsbMassStorageDxe.dll.lto.obj:(.rdata)
00004157 00000000     0                 .str.8
00004183 00000045     1         /home/arun/Desktop/darpa_ex1/darpa_demo_edk2/Build/OvmfX64/DEBUG_CLANGPDB/X64/MdeModulePkg/Bus/Usb/UsbMassStorageDxe/UsbMassStorageDxe/DEBUG/UsbMassStorageDxe.dll.lto.obj:(.rdata)
00004183 00000000     0                 .str.9
000041c8 0000003d     1         /home/arun/Desktop/darpa_ex1/darpa_demo_edk2/Build/OvmfX64/DEBUG_CLANGPDB/X64/MdeModulePkg/Bus/Usb/UsbMassStorageDxe/UsbMassStorageDxe/DEBUG/UsbMassStorageDxe.dll.lto.obj:(.rdata)
000041c8 00000000     0                 .str.10
00004205 00000036     1         /home/arun/Desktop/darpa_ex1/darpa_demo_edk2/Build/OvmfX64/DEBUG_CLANGPDB/X64/MdeModulePkg/Bus/Usb/UsbMassStorageDxe/UsbMassStorageDxe/DEBUG/UsbMassStorageDxe.dll.lto.obj:(.rdata)
00004205 00000000     0                 .str.11
0000423b 0000003d     1         /home/arun/Desktop/darpa_ex1/darpa_demo_edk2/Build/OvmfX64/DEBUG_CLANGPDB/X64/MdeModulePkg/Bus/Usb/UsbMassStorageDxe/UsbMassStorageDxe/DEBUG/UsbMassStorageDxe.dll.lto.obj:(.rdata)
0000423b 00000000     0                 .str.12
00004278 00000035     1         /home/arun/Desktop/darpa_ex1/darpa_demo_edk2/Build/OvmfX64/DEBUG_CLANGPDB/X64/MdeModulePkg/Bus/Usb/UsbMassStorageDxe/UsbMassStorageDxe/DEBUG/UsbMassStorageDxe.dll.lto.obj:(.rdata)
00004278 00000000     0                 .str.13
000042ad 0000002a     1         /home/arun/Desktop/darpa_ex1/darpa_demo_edk2/Build/OvmfX64/DEBUG_CLANGPDB/X64/MdeModulePkg/Bus/Usb/UsbMassStorageDxe/UsbMassStorageDxe/DEBUG/UsbMassStorageDxe.dll.lto.obj:(.rdata)
000042ad 00000000     0                 .str.14
000042d7 00000036     1         /home/arun/Desktop/darpa_ex1/darpa_demo_edk2/Build/OvmfX64/DEBUG_CLANGPDB/X64/MdeModulePkg/Bus/Usb/UsbMassStorageDxe/UsbMassStorageDxe/DEBUG/UsbMassStorageDxe.dll.lto.obj:(.rdata)
000042d7 00000000     0                 .str.15
0000430d 00000033     1         /home/arun/Desktop/darpa_ex1/darpa_demo_edk2/Build/OvmfX64/DEBUG_CLANGPDB/X64/MdeModulePkg/Bus/Usb/UsbMassStorageDxe/UsbMassStorageDxe/DEBUG/UsbMassStorageDxe.dll.lto.obj:(.rdata)
0000430d 00000000     0                 .str.16
00004340 00000042     1         /home/arun/Desktop/darpa_ex1/darpa_demo_edk2/Build/OvmfX64/DEBUG_CLANGPDB/X64/MdeModulePkg/Bus/Usb/UsbMassStorageDxe/UsbMassStorageDxe/DEBUG/UsbMassStorageDxe.dll.lto.obj:(.rdata)
00004340 00000000     0                 .str.17
00004382 0000003d     1         /home/arun/Desktop/darpa_ex1/darpa_demo_edk2/Build/OvmfX64/DEBUG_CLANGPDB/X64/MdeModulePkg/Bus/Usb/UsbMassStorageDxe/UsbMassStorageDxe/DEBUG/UsbMassStorageDxe.dll.lto.obj:(.rdata)
00004382 00000000     0                 .str.18
000043bf 00000044     1         /home/arun/Desktop/darpa_ex1/darpa_demo_edk2/Build/OvmfX64/DEBUG_CLANGPDB/X64/MdeModulePkg/Bus/Usb/UsbMassStorageDxe/UsbMassStorageDxe/DEBUG/UsbMassStorageDxe.dll.lto.obj:(.rdata)
000043bf 00000000     0                 .str.19.56
00004403 00000027     1         /home/arun/Desktop/darpa_ex1/darpa_demo_edk2/Build/OvmfX64/DEBUG_CLANGPDB/X64/MdeModulePkg/Bus/Usb/UsbMassStorageDxe/UsbMassStorageDxe/DEBUG/UsbMassStorageDxe.dll.lto.obj:(.rdata)
00004403 00000000     0                 .str.20
0000442a 0000002b     1         /home/arun/Desktop/darpa_ex1/darpa_demo_edk2/Build/OvmfX64/DEBUG_CLANGPDB/X64/MdeModulePkg/Bus/Usb/UsbMassStorageDxe/UsbMassStorageDxe/DEBUG/UsbMassStorageDxe.dll.lto.obj:(.rdata)
0000442a 00000000     0                 .str.21
00004455 00000040     1         /home/arun/Desktop/darpa_ex1/darpa_demo_edk2/Build/OvmfX64/DEBUG_CLANGPDB/X64/MdeModulePkg/Bus/Usb/UsbMassStorageDxe/UsbMassStorageDxe/DEBUG/UsbMassStorageDxe.dll.lto.obj:(.rdata)
00004455 00000000     0                 .str.22
00004495 00000054     1         /home/arun/Desktop/darpa_ex1/darpa_demo_edk2/Build/OvmfX64/DEBUG_CLANGPDB/X64/MdeModulePkg/Bus/Usb/UsbMassStorageDxe/UsbMassStorageDxe/DEBUG/UsbMassStorageDxe.dll.lto.obj:(.rdata)
00004495 00000000     0                 .str.23
000044e9 00000033     1         /home/arun/Desktop/darpa_ex1/darpa_demo_edk2/Build/OvmfX64/DEBUG_CLANGPDB/X64/MdeModulePkg/Bus/Usb/UsbMassStorageDxe/UsbMassStorageDxe/DEBUG/UsbMassStorageDxe.dll.lto.obj:(.rdata)
000044e9 00000000     0                 .str.24
0000451c 00000010     1         /home/arun/Desktop/darpa_ex1/darpa_demo_edk2/Build/OvmfX64/DEBUG_CLANGPDB/X64/MdeModulePkg/Bus/Usb/UsbMassStorageDxe/UsbMassStorageDxe/DEBUG/UsbMassStorageDxe.dll.lto.obj:(.rdata)
0000451c 00000000     0                 .str.80
0000452c 00000038     1         /home/arun/Desktop/darpa_ex1/darpa_demo_edk2/Build/OvmfX64/DEBUG_CLANGPDB/X64/MdeModulePkg/Bus/Usb/UsbMassStorageDxe/UsbMassStorageDxe/DEBUG/UsbMassStorageDxe.dll.lto.obj:(.rdata)
0000452c 00000000     0                 .str.1.81
00004564 0000000c     1         /home/arun/Desktop/darpa_ex1/darpa_demo_edk2/Build/OvmfX64/DEBUG_CLANGPDB/X64/MdeModulePkg/Bus/Usb/UsbMassStorageDxe/UsbMassStorageDxe/DEBUG/UsbMassStorageDxe.dll.lto.obj:(.rdata)
00004564 00000000     0                 .str.84
00004570 00000011     1         /home/arun/Desktop/darpa_ex1/darpa_demo_edk2/Build/OvmfX64/DEBUG_CLANGPDB/X64/MdeModulePkg/Bus/Usb/UsbMassStorageDxe/UsbMassStorageDxe/DEBUG/UsbMassStorageDxe.dll.lto.obj:(.rdata)
00004570 00000000     0                 .str.90
00004581 00000043     1         /home/arun/Desktop/darpa_ex1/darpa_demo_edk2/Build/OvmfX64/DEBUG_CLANGPDB/X64/MdeModulePkg/Bus/Usb/UsbMassStorageDxe/UsbMassStorageDxe/DEBUG/UsbMassStorageDxe.dll.lto.obj:(.rdata)
00004581 00000000     0                 .str.1.91
000045c4 0000003e     1         /home/arun/Desktop/darpa_ex1/darpa_demo_edk2/Build/OvmfX64/DEBUG_CLANGPDB/X64/MdeModulePkg/Bus/Usb/UsbMassStorageDxe/UsbMassStorageDxe/DEBUG/UsbMassStorageDxe.dll.lto.obj:(.rdata)
000045c4 00000000     0                 .str.2.92
00004602 00000009     1         /home/arun/Desktop/darpa_ex1/darpa_demo_edk2/Build/OvmfX64/DEBUG_CLANGPDB/X64/MdeModulePkg/Bus/Usb/UsbMassStorageDxe/UsbMassStorageDxe/DEBUG/UsbMassStorageDxe.dll.lto.obj:(.rdata)
00004602 00000000     0                 .str.93
0000460b 00000017     1         /home/arun/Desktop/darpa_ex1/darpa_demo_edk2/Build/OvmfX64/DEBUG_CLANGPDB/X64/MdeModulePkg/Bus/Usb/UsbMassStorageDxe/UsbMassStorageDxe/DEBUG/UsbMassStorageDxe.dll.lto.obj:(.rdata)
0000460b 00000000     0                 .str.1.94
00004622 00000038     1         /home/arun/Desktop/darpa_ex1/darpa_demo_edk2/Build/OvmfX64/DEBUG_CLANGPDB/X64/MdeModulePkg/Bus/Usb/UsbMassStorageDxe/UsbMassStorageDxe/DEBUG/UsbMassStorageDxe.dll.lto.obj:(.rdata)
00004622 00000000     0                 .str.9.95
0000465a 0000001b     1         /home/arun/Desktop/darpa_ex1/darpa_demo_edk2/Build/OvmfX64/DEBUG_CLANGPDB/X64/MdeModulePkg/Bus/Usb/UsbMassStorageDxe/UsbMassStorageDxe/DEBUG/UsbMassStorageDxe.dll.lto.obj:(.rdata)
0000465a 00000000     0                 .str.10.98
00004675 0000001c     1         /home/arun/Desktop/darpa_ex1/darpa_demo_edk2/Build/OvmfX64/DEBUG_CLANGPDB/X64/MdeModulePkg/Bus/Usb/UsbMassStorageDxe/UsbMassStorageDxe/DEBUG/UsbMassStorageDxe.dll.lto.obj:(.rdata)
00004675 00000000     0                 .str.11.99
00004691 00000039     1         /home/arun/Desktop/darpa_ex1/darpa_demo_edk2/Build/OvmfX64/DEBUG_CLANGPDB/X64/MdeModulePkg/Bus/Usb/UsbMassStorageDxe/UsbMassStorageDxe/DEBUG/UsbMassStorageDxe.dll.lto.obj:(.rdata)
00004691 00000000     0                 .str.12.100
000046ca 00000016     1         /home/arun/Desktop/darpa_ex1/darpa_demo_edk2/Build/OvmfX64/DEBUG_CLANGPDB/X64/MdeModulePkg/Bus/Usb/UsbMassStorageDxe/UsbMassStorageDxe/DEBUG/UsbMassStorageDxe.dll.lto.obj:(.rdata)
000046ca 00000000     0                 .str.106
000046e0 00000011     1         /home/arun/Desktop/darpa_ex1/darpa_demo_edk2/Build/OvmfX64/DEBUG_CLANGPDB/X64/MdeModulePkg/Bus/Usb/UsbMassStorageDxe/UsbMassStorageDxe/DEBUG/UsbMassStorageDxe.dll.lto.obj:(.rdata)
000046e0 00000000     0                 .str.110
000046f1 00000036     1         /home/arun/Desktop/darpa_ex1/darpa_demo_edk2/Build/OvmfX64/DEBUG_CLANGPDB/X64/MdeModulePkg/Bus/Usb/UsbMassStorageDxe/UsbMassStorageDxe/DEBUG/UsbMassStorageDxe.dll.lto.obj:(.rdata)
000046f1 00000000     0                 .str.2.112
00004727 0000002a     1         /home/arun/Desktop/darpa_ex1/darpa_demo_edk2/Build/OvmfX64/DEBUG_CLANGPDB/X64/MdeModulePkg/Bus/Usb/UsbMassStorageDxe/UsbMassStorageDxe/DEBUG/UsbMassStorageDxe.dll.lto.obj:(.rdata)
00004727 00000000     0                 .str.113
00004751 00000043     1         /home/arun/Desktop/darpa_ex1/darpa_demo_edk2/Build/OvmfX64/DEBUG_CLANGPDB/X64/MdeModulePkg/Bus/Usb/UsbMassStorageDxe/UsbMassStorageDxe/DEBUG/UsbMassStorageDxe.dll.lto.obj:(.rdata)
00004751 00000000     0                 .str.1.114
00004794 00000025     1         /home/arun/Desktop/darpa_ex1/darpa_demo_edk2/Build/OvmfX64/DEBUG_CLANGPDB/X64/MdeModulePkg/Bus/Usb/UsbMassStorageDxe/UsbMassStorageDxe/DEBUG/UsbMassStorageDxe.dll.lto.obj:(.rdata)
00004794 00000000     0                 .str.2.115
000047b9 00000033     1         /home/arun/Desktop/darpa_ex1/darpa_demo_edk2/Build/OvmfX64/DEBUG_CLANGPDB/X64/MdeModulePkg/Bus/Usb/UsbMassStorageDxe/UsbMassStorageDxe/DEBUG/UsbMassStorageDxe.dll.lto.obj:(.rdata)
000047b9 00000000     0                 .str.3.116
000047ec 00000027     1         /home/arun/Desktop/darpa_ex1/darpa_demo_edk2/Build/OvmfX64/DEBUG_CLANGPDB/X64/MdeModulePkg/Bus/Usb/UsbMassStorageDxe/UsbMassStorageDxe/DEBUG/UsbMassStorageDxe.dll.lto.obj:(.rdata)
000047ec 00000000     0                 .str.4.119
00004813 0000003c     1         /home/arun/Desktop/darpa_ex1/darpa_demo_edk2/Build/OvmfX64/DEBUG_CLANGPDB/X64/MdeModulePkg/Bus/Usb/UsbMassStorageDxe/UsbMassStorageDxe/DEBUG/UsbMassStorageDxe.dll.lto.obj:(.rdata)
00004813 00000000     0                 .str.5.120
0000484f 0000002d     1         /home/arun/Desktop/darpa_ex1/darpa_demo_edk2/Build/OvmfX64/DEBUG_CLANGPDB/X64/MdeModulePkg/Bus/Usb/UsbMassStorageDxe/UsbMassStorageDxe/DEBUG/UsbMassStorageDxe.dll.lto.obj:(.rdata)
0000484f 00000000     0                 .str.6.123
0000487c 0000002e     1         /home/arun/Desktop/darpa_ex1/darpa_demo_edk2/Build/OvmfX64/DEBUG_CLANGPDB/X64/MdeModulePkg/Bus/Usb/UsbMassStorageDxe/UsbMassStorageDxe/DEBUG/UsbMassStorageDxe.dll.lto.obj:(.rdata)
0000487c 00000000     0                 .str.7.124
000048aa 0000000e     1         /home/arun/Desktop/darpa_ex1/darpa_demo_edk2/Build/OvmfX64/DEBUG_CLANGPDB/X64/MdeModulePkg/Bus/Usb/UsbMassStorageDxe/UsbMassStorageDxe/DEBUG/UsbMassStorageDxe.dll.lto.obj:(.rdata)
000048aa 00000000     0                 .str.8.125
000048b8 00000019     1         /home/arun/Desktop/darpa_ex1/darpa_demo_edk2/Build/OvmfX64/DEBUG_CLANGPDB/X64/MdeModulePkg/Bus/Usb/UsbMassStorageDxe/UsbMassStorageDxe/DEBUG/UsbMassStorageDxe.dll.lto.obj:(.rdata)
000048b8 00000000     0                 .str.9.126
000048d1 0000002a     1         /home/arun/Desktop/darpa_ex1/darpa_demo_edk2/Build/OvmfX64/DEBUG_CLANGPDB/X64/MdeModulePkg/Bus/Usb/UsbMassStorageDxe/UsbMassStorageDxe/DEBUG/UsbMassStorageDxe.dll.lto.obj:(.rdata)
000048d1 00000000     0                 .str.10.131
000048fc 0000000c     2         /home/arun/Desktop/darpa_ex1/darpa_demo_edk2/Build/OvmfX64/DEBUG_CLANGPDB/X64/MdeModulePkg/Bus/Usb/UsbMassStorageDxe/UsbMassStorageDxe/DEBUG/UsbMassStorageDxe.dll.lto.obj:(.rdata)
000048fc 00000000     0                 .str.11.130
00004908 0000000a     2         /home/arun/Desktop/darpa_ex1/darpa_demo_edk2/Build/OvmfX64/DEBUG_CLANGPDB/X64/MdeModulePkg/Bus/Usb/UsbMassStorageDxe/UsbMassStorageDxe/DEBUG/UsbMassStorageDxe.dll.lto.obj:(.rdata)
00004908 00000000     0                 .str.12.129
00004912 0000002c     1         /home/arun/Desktop/darpa_ex1/darpa_demo_edk2/Build/OvmfX64/DEBUG_CLANGPDB/X64/MdeModulePkg/Bus/Usb/UsbMassStorageDxe/UsbMassStorageDxe/DEBUG/UsbMassStorageDxe.dll.lto.obj:(.rdata)
00004912 00000000     0                 .str.13.134
0000493e 00000012     1         /home/arun/Desktop/darpa_ex1/darpa_demo_edk2/Build/OvmfX64/DEBUG_CLANGPDB/X64/MdeModulePkg/Bus/Usb/UsbMassStorageDxe/UsbMassStorageDxe/DEBUG/UsbMassStorageDxe.dll.lto.obj:(.rdata)
0000493e 00000000     0                 .str.135
00004950 00000015     1         /home/arun/Desktop/darpa_ex1/darpa_demo_edk2/Build/OvmfX64/DEBUG_CLANGPDB/X64/MdeModulePkg/Bus/Usb/UsbMassStorageDxe/UsbMassStorageDxe/DEBUG/UsbMassStorageDxe.dll.lto.obj:(.rdata)
00004950 00000000     0                 .str.1.136
00004965 00000012     1         /home/arun/Desktop/darpa_ex1/darpa_demo_edk2/Build/OvmfX64/DEBUG_CLANGPDB/X64/MdeModulePkg/Bus/Usb/UsbMassStorageDxe/UsbMassStorageDxe/DEBUG/UsbMassStorageDxe.dll.lto.obj:(.rdata)
00004965 00000000     0                 .str.141
00004977 00000021     1         /home/arun/Desktop/darpa_ex1/darpa_demo_edk2/Build/OvmfX64/DEBUG_CLANGPDB/X64/MdeModulePkg/Bus/Usb/UsbMassStorageDxe/UsbMassStorageDxe/DEBUG/UsbMassStorageDxe.dll.lto.obj:(.rdata)
00004977 00000000     0                 .str.2.143
00004998 00000027     1         /home/arun/Desktop/darpa_ex1/darpa_demo_edk2/Build/OvmfX64/DEBUG_CLANGPDB/X64/MdeModulePkg/Bus/Usb/UsbMassStorageDxe/UsbMassStorageDxe/DEBUG/UsbMassStorageDxe.dll.lto.obj:(.rdata)
00004998 00000000     0                 .str.3.144
000049bf 0000000d     1         /home/arun/Desktop/darpa_ex1/darpa_demo_edk2/Build/OvmfX64/DEBUG_CLANGPDB/X64/MdeModulePkg/Bus/Usb/UsbMassStorageDxe/UsbMassStorageDxe/DEBUG/UsbMassStorageDxe.dll.lto.obj:(.rdata)
000049bf 00000000     0                 .str.145
000049cc 00000017     1         /home/arun/Desktop/darpa_ex1/darpa_demo_edk2/Build/OvmfX64/DEBUG_CLANGPDB/X64/MdeModulePkg/Bus/Usb/UsbMassStorageDxe/UsbMassStorageDxe/DEBUG/UsbMassStorageDxe.dll.lto.obj:(.rdata)
000049cc 00000000     0                 .str.1.146
000049e3 0000002b     1         /home/arun/Desktop/darpa_ex1/darpa_demo_edk2/Build/OvmfX64/DEBUG_CLANGPDB/X64/MdeModulePkg/Bus/Usb/UsbMassStorageDxe/UsbMassStorageDxe/DEBUG/UsbMassStorageDxe.dll.lto.obj:(.rdata)
000049e3 00000000     0                 .str.2.147
00004a0e 0000002c     1         /home/arun/Desktop/darpa_ex1/darpa_demo_edk2/Build/OvmfX64/DEBUG_CLANGPDB/X64/MdeModulePkg/Bus/Usb/UsbMassStorageDxe/UsbMassStorageDxe/DEBUG/UsbMassStorageDxe.dll.lto.obj:(.rdata)
00004a0e 00000000     0                 .str.3.148
00004a3a 00000029     1         /home/arun/Desktop/darpa_ex1/darpa_demo_edk2/Build/OvmfX64/DEBUG_CLANGPDB/X64/MdeModulePkg/Bus/Usb/UsbMassStorageDxe/UsbMassStorageDxe/DEBUG/UsbMassStorageDxe.dll.lto.obj:(.rdata)
00004a3a 00000000     0                 .str.4.149
00004a63 0000000d     1         /home/arun/Desktop/darpa_ex1/darpa_demo_edk2/Build/OvmfX64/DEBUG_CLANGPDB/X64/MdeModulePkg/Bus/Usb/UsbMassStorageDxe/UsbMassStorageDxe/DEBUG/UsbMassStorageDxe.dll.lto.obj:(.rdata)
00004a63 00000000     0                 .str.154
00004a70 00000017     1         /home/arun/Desktop/darpa_ex1/darpa_demo_edk2/Build/OvmfX64/DEBUG_CLANGPDB/X64/MdeModulePkg/Bus/Usb/UsbMassStorageDxe/UsbMassStorageDxe/DEBUG/UsbMassStorageDxe.dll.lto.obj:(.rdata)
00004a70 00000000     0                 .str.1.155
00004a87 0000001f     1         /home/arun/Desktop/darpa_ex1/darpa_demo_edk2/Build/OvmfX64/DEBUG_CLANGPDB/X64/MdeModulePkg/Bus/Usb/UsbMassStorageDxe/UsbMassStorageDxe/DEBUG/UsbMassStorageDxe.dll.lto.obj:(.rdata)
00004a87 00000000     0                 .str.2.160
00004aa6 0000001a     1         /home/arun/Desktop/darpa_ex1/darpa_demo_edk2/Build/OvmfX64/DEBUG_CLANGPDB/X64/MdeModulePkg/Bus/Usb/UsbMassStorageDxe/UsbMassStorageDxe/DEBUG/UsbMassStorageDxe.dll.lto.obj:(.rdata)
00004aa6 00000000     0                 .str.3.158
00004ac0 00000022     1         /home/arun/Desktop/darpa_ex1/darpa_demo_edk2/Build/OvmfX64/DEBUG_CLANGPDB/X64/MdeModulePkg/Bus/Usb/UsbMassStorageDxe/UsbMassStorageDxe/DEBUG/UsbMassStorageDxe.dll.lto.obj:(.rdata)
00004ac0 00000000     0                 .str.4.159
00004ae2 0000002b     1         /home/arun/Desktop/darpa_ex1/darpa_demo_edk2/Build/OvmfX64/DEBUG_CLANGPDB/X64/MdeModulePkg/Bus/Usb/UsbMassStorageDxe/UsbMassStorageDxe/DEBUG/UsbMassStorageDxe.dll.lto.obj:(.rdata)
00004ae2 00000000     0                 .str.5.156
00004b0d 00000029     1         /home/arun/Desktop/darpa_ex1/darpa_demo_edk2/Build/OvmfX64/DEBUG_CLANGPDB/X64/MdeModulePkg/Bus/Usb/UsbMassStorageDxe/UsbMassStorageDxe/DEBUG/UsbMassStorageDxe.dll.lto.obj:(.rdata)
00004b0d 00000000     0                 .str.6.157
00004b36 00000004     1         /home/arun/Desktop/darpa_ex1/darpa_demo_edk2/Build/OvmfX64/DEBUG_CLANGPDB/X64/MdeModulePkg/Bus/Usb/UsbMassStorageDxe/UsbMassStorageDxe/DEBUG/UsbMassStorageDxe.dll.lto.obj:(.rdata)
00004b36 00000000     0                 .str.167
00004b3a 00000003     1         /home/arun/Desktop/darpa_ex1/darpa_demo_edk2/Build/OvmfX64/DEBUG_CLANGPDB/X64/MdeModulePkg/Bus/Usb/UsbMassStorageDxe/UsbMassStorageDxe/DEBUG/UsbMassStorageDxe.dll.lto.obj:(.rdata)
00004b3a 00000000     0                 .str.1.170
00004b3d 00000007     1         /home/arun/Desktop/darpa_ex1/darpa_demo_edk2/Build/OvmfX64/DEBUG_CLANGPDB/X64/MdeModulePkg/Bus/Usb/UsbMassStorageDxe/UsbMassStorageDxe/DEBUG/UsbMassStorageDxe.dll.lto.obj:(.rdata)
00004b3d 00000000     0                 .str.2.165
00004b44 00000030     2         /home/arun/Desktop/darpa_ex1/darpa_demo_edk2/Build/OvmfX64/DEBUG_CLANGPDB/X64/MdeModulePkg/Bus/Usb/UsbMassStorageDxe/UsbMassStorageDxe/DEBUG/UsbMassStorageDxe.dll.lto.obj:(.rdata)
00004b44 00000000     0                 .str.3.166
00004b74 00000013     1         /home/arun/Desktop/darpa_ex1/darpa_demo_edk2/Build/OvmfX64/DEBUG_CLANGPDB/X64/MdeModulePkg/Bus/Usb/UsbMassStorageDxe/UsbMassStorageDxe/DEBUG/UsbMassStorageDxe.dll.lto.obj:(.rdata)
00004b74 00000000     0                 .str.173
00004b87 00000017     1         /home/arun/Desktop/darpa_ex1/darpa_demo_edk2/Build/OvmfX64/DEBUG_CLANGPDB/X64/MdeModulePkg/Bus/Usb/UsbMassStorageDxe/UsbMassStorageDxe/DEBUG/UsbMassStorageDxe.dll.lto.obj:(.rdata)
00004b87 00000000     0                 .str.1.188
00004b9e 00000019     1         /home/arun/Desktop/darpa_ex1/darpa_demo_edk2/Build/OvmfX64/DEBUG_CLANGPDB/X64/MdeModulePkg/Bus/Usb/UsbMassStorageDxe/UsbMassStorageDxe/DEBUG/UsbMassStorageDxe.dll.lto.obj:(.rdata)
00004b9e 00000000     0                 .str.5.174
00004bb7 00000019     1         /home/arun/Desktop/darpa_ex1/darpa_demo_edk2/Build/OvmfX64/DEBUG_CLANGPDB/X64/MdeModulePkg/Bus/Usb/UsbMassStorageDxe/UsbMassStorageDxe/DEBUG/UsbMassStorageDxe.dll.lto.obj:(.rdata)
00004bb7 00000000     0                 .str.12.175
00004bd0 00000083     1         /home/arun/Desktop/darpa_ex1/darpa_demo_edk2/Build/OvmfX64/DEBUG_CLANGPDB/X64/MdeModulePkg/Bus/Usb/UsbMassStorageDxe/UsbMassStorageDxe/DEBUG/UsbMassStorageDxe.dll.lto.obj:(.rdata)
00004bd0 00000000     0                 .str.15.179
00004c53 0000000e     1         /home/arun/Desktop/darpa_ex1/darpa_demo_edk2/Build/OvmfX64/DEBUG_CLANGPDB/X64/MdeModulePkg/Bus/Usb/UsbMassStorageDxe/UsbMassStorageDxe/DEBUG/UsbMassStorageDxe.dll.lto.obj:(.rdata)
00004c53 00000000     0                 .str.16.180
00004c61 0000000c     1         /home/arun/Desktop/darpa_ex1/darpa_demo_edk2/Build/OvmfX64/DEBUG_CLANGPDB/X64/MdeModulePkg/Bus/Usb/UsbMassStorageDxe/UsbMassStorageDxe/DEBUG/UsbMassStorageDxe.dll.lto.obj:(.rdata)
00004c61 00000000     0                 .str.17.186
00004c6d 00000031     1         /home/arun/Desktop/darpa_ex1/darpa_demo_edk2/Build/OvmfX64/DEBUG_CLANGPDB/X64/MdeModulePkg/Bus/Usb/UsbMassStorageDxe/UsbMassStorageDxe/DEBUG/UsbMassStorageDxe.dll.lto.obj:(.rdata)
00004c6d 00000000     0                 .str.18.181
00004c9e 0000000c     1         /home/arun/Desktop/darpa_ex1/darpa_demo_edk2/Build/OvmfX64/DEBUG_CLANGPDB/X64/MdeModulePkg/Bus/Usb/UsbMassStorageDxe/UsbMassStorageDxe/DEBUG/UsbMassStorageDxe.dll.lto.obj:(.rdata)
00004c9e 00000000     0                 .str.19.187
00004caa 0000001a     1         /home/arun/Desktop/darpa_ex1/darpa_demo_edk2/Build/OvmfX64/DEBUG_CLANGPDB/X64/MdeModulePkg/Bus/Usb/UsbMassStorageDxe/UsbMassStorageDxe/DEBUG/UsbMassStorageDxe.dll.lto.obj:(.rdata)
00004caa 00000000     0                 .str.20.182
00004cc4 00000005     1         /home/arun/Desktop/darpa_ex1/darpa_demo_edk2/Build/OvmfX64/DEBUG_CLANGPDB/X64/MdeModulePkg/Bus/Usb/UsbMassStorageDxe/UsbMassStorageDxe/DEBUG/UsbMassStorageDxe.dll.lto.obj:(.rdata)
00004cc4 00000000     0                 .str.21.183
00004cc9 00000003     1         /home/arun/Desktop/darpa_ex1/darpa_demo_edk2/Build/OvmfX64/DEBUG_CLANGPDB/X64/MdeModulePkg/Bus/Usb/UsbMassStorageDxe/UsbMassStorageDxe/DEBUG/UsbMassStorageDxe.dll.lto.obj:(.rdata)
00004cc9 00000000     0                 .str.22.184
00004ccc 00000002     1         /home/arun/Desktop/darpa_ex1/darpa_demo_edk2/Build/OvmfX64/DEBUG_CLANGPDB/X64/MdeModulePkg/Bus/Usb/UsbMassStorageDxe/UsbMassStorageDxe/DEBUG/UsbMassStorageDxe.dll.lto.obj:(.rdata)
00004ccc 00000000     0                 .str.23.185
00004cd0 000002b5    16         /home/arun/Desktop/darpa_ex1/darpa_demo_edk2/Build/OvmfX64/DEBUG_CLANGPDB/X64/MdeModulePkg/Bus/Usb/UsbMassStorageDxe/UsbMassStorageDxe/DEBUG/UsbMassStorageDxe.dll.lto.obj:(.rdata$mErrorString)
00004cd0 00000000     0                 mErrorString
00004f90 00000010    16         /home/arun/Desktop/darpa_ex1/darpa_demo_edk2/Build/OvmfX64/DEBUG_CLANGPDB/X64/MdeModulePkg/Bus/Usb/UsbMassStorageDxe/UsbMassStorageDxe/DEBUG/UsbMassStorageDxe.dll.lto.obj:(.rdata$mHexStr)
00004f90 00000000     0                 mHexStr
00004fa0 00000020    16         /home/arun/Desktop/darpa_ex1/darpa_demo_edk2/Build/OvmfX64/DEBUG_CLANGPDB/X64/MdeModulePkg/Bus/Usb/UsbMassStorageDxe/UsbMassStorageDxe/DEBUG/UsbMassStorageDxe.dll.lto.obj:(.rdata$mUsbMassStorageDriverNameTable)
00004fa0 00000000     0                 mUsbMassStorageDriverNameTable
00004fc0 00000018    16         /home/arun/Desktop/darpa_ex1/darpa_demo_edk2/Build/OvmfX64/DEBUG_CLANGPDB/X64/MdeModulePkg/Bus/Usb/UsbMassStorageDxe/UsbMassStorageDxe/DEBUG/UsbMassStorageDxe.dll.lto.obj:(.rdata$mUsbMassTransport)
00004fc0 00000000     0                 mUsbMassTransport
00004fe0 00000096    16         /home/arun/Desktop/darpa_ex1/darpa_demo_edk2/Build/OvmfX64/DEBUG_CLANGPDB/X64/MdeModulePkg/Bus/Usb/UsbMassStorageDxe/UsbMassStorageDxe/DEBUG/UsbMassStorageDxe.dll.lto.obj:(.rdata$mWarningString)
00004fe0 00000000     0                 mWarningString
00005160 000001d0  4096 .data
00005160 00000000     4         /home/arun/Desktop/darpa_ex1/darpa_demo_edk2/Build/OvmfX64/DEBUG_CLANGPDB/X64/MdeModulePkg/Bus/Usb/UsbMassStorageDxe/UsbMassStorageDxe/DEBUG/UsbMassStorageDxe.dll.lto.obj:(.data)
00005160 00000010     4         /home/arun/Desktop/darpa_ex1/darpa_demo_edk2/Build/OvmfX64/DEBUG_CLANGPDB/X64/MdeModulePkg/Bus/Usb/UsbMassStorageDxe/UsbMassStorageDxe/DEBUG/UsbMassStorageDxe.dll.lto.obj:(.data$gEfiBlockIoProtocolGuid)
00005160 00000000     0                 gEfiBlockIoProtocolGuid
00005170 00000010     4         /home/arun/Desktop/darpa_ex1/darpa_demo_edk2/Build/OvmfX64/DEBUG_CLANGPDB/X64/MdeModulePkg/Bus/Usb/UsbMassStorageDxe/UsbMassStorageDxe/DEBUG/UsbMassStorageDxe.dll.lto.obj:(.data$gEfiComponentName2ProtocolGuid)
00005170 00000000     0                 gEfiComponentName2ProtocolGuid
00005180 00000010     4         /home/arun/Desktop/darpa_ex1/darpa_demo_edk2/Build/OvmfX64/DEBUG_CLANGPDB/X64/MdeModulePkg/Bus/Usb/UsbMassStorageDxe/UsbMassStorageDxe/DEBUG/UsbMassStorageDxe.dll.lto.obj:(.data$gEfiComponentNameProtocolGuid)
00005180 00000000     0                 gEfiComponentNameProtocolGuid
00005190 00000010     4         /home/arun/Desktop/darpa_ex1/darpa_demo_edk2/Build/OvmfX64/DEBUG_CLANGPDB/X64/MdeModulePkg/Bus/Usb/UsbMassStorageDxe/UsbMassStorageDxe/DEBUG/UsbMassStorageDxe.dll.lto.obj:(.data$gEfiDevicePathProtocolGuid)
00005190 00000000     0                 gEfiDevicePathProtocolGuid
000051a0 00000010     4         /home/arun/Desktop/darpa_ex1/darpa_demo_edk2/Build/OvmfX64/DEBUG_CLANGPDB/X64/MdeModulePkg/Bus/Usb/UsbMassStorageDxe/UsbMassStorageDxe/DEBUG/UsbMassStorageDxe.dll.lto.obj:(.data$gEfiDevicePathUtilitiesProtocolGuid)
000051a0 00000000     0                 gEfiDevicePathUtilitiesProtocolGuid
000051b0 00000010     4         /home/arun/Desktop/darpa_ex1/darpa_demo_edk2/Build/OvmfX64/DEBUG_CLANGPDB/X64/MdeModulePkg/Bus/Usb/UsbMassStorageDxe/UsbMassStorageDxe/DEBUG/UsbMassStorageDxe.dll.lto.obj:(.data$gEfiDiskInfoProtocolGuid)
000051b0 00000000     0                 gEfiDiskInfoProtocolGuid
000051c0 00000010     4         /home/arun/Desktop/darpa_ex1/darpa_demo_edk2/Build/OvmfX64/DEBUG_CLANGPDB/X64/MdeModulePkg/Bus/Usb/UsbMassStorageDxe/UsbMassStorageDxe/DEBUG/UsbMassStorageDxe.dll.lto.obj:(.data$gEfiDriverBindingProtocolGuid)
000051c0 00000000     0                 gEfiDriverBindingProtocolGuid
000051d0 00000010     4         /home/arun/Desktop/darpa_ex1/darpa_demo_edk2/Build/OvmfX64/DEBUG_CLANGPDB/X64/MdeModulePkg/Bus/Usb/UsbMassStorageDxe/UsbMassStorageDxe/DEBUG/UsbMassStorageDxe.dll.lto.obj:(.data$gEfiUsbIoProtocolGuid)
000051d0 00000000     0                 gEfiUsbIoProtocolGuid
000051e0 00000030     8         /home/arun/Desktop/darpa_ex1/darpa_demo_edk2/Build/OvmfX64/DEBUG_CLANGPDB/X64/MdeModulePkg/Bus/Usb/UsbMassStorageDxe/UsbMassStorageDxe/DEBUG/UsbMassStorageDxe.dll.lto.obj:(.data$gUSBMassDriverBinding)
000051e0 00000000     0                 gUSBMassDriverBinding
00005210 00000030     8         /home/arun/Desktop/darpa_ex1/darpa_demo_edk2/Build/OvmfX64/DEBUG_CLANGPDB/X64/MdeModulePkg/Bus/Usb/UsbMassStorageDxe/UsbMassStorageDxe/DEBUG/UsbMassStorageDxe.dll.lto.obj:(.data$gUsbDiskInfoProtocolTemplate)
00005210 00000000     0                 gUsbDiskInfoProtocolTemplate
00005240 00000018     8         /home/arun/Desktop/darpa_ex1/darpa_demo_edk2/Build/OvmfX64/DEBUG_CLANGPDB/X64/MdeModulePkg/Bus/Usb/UsbMassStorageDxe/UsbMassStorageDxe/DEBUG/UsbMassStorageDxe.dll.lto.obj:(.data$gUsbMassStorageComponentName)
00005240 00000000     0                 gUsbMassStorageComponentName
00005258 00000018     8         /home/arun/Desktop/darpa_ex1/darpa_demo_edk2/Build/OvmfX64/DEBUG_CLANGPDB/X64/MdeModulePkg/Bus/Usb/UsbMassStorageDxe/UsbMassStorageDxe/DEBUG/UsbMassStorageDxe.dll.lto.obj:(.data$gUsbMassStorageComponentName2)
00005258 00000000     0                 gUsbMassStorageComponentName2
00005270 00000030     8         /home/arun/Desktop/darpa_ex1/darpa_demo_edk2/Build/OvmfX64/DEBUG_CLANGPDB/X64/MdeModulePkg/Bus/Usb/UsbMassStorageDxe/UsbMassStorageDxe/DEBUG/UsbMassStorageDxe.dll.lto.obj:(.data$mUsbBotTransport)
00005270 00000000     0                 mUsbBotTransport
000052a0 00000030     8         /home/arun/Desktop/darpa_ex1/darpa_demo_edk2/Build/OvmfX64/DEBUG_CLANGPDB/X64/MdeModulePkg/Bus/Usb/UsbMassStorageDxe/UsbMassStorageDxe/DEBUG/UsbMassStorageDxe.dll.lto.obj:(.data$mUsbCbi0Transport)
000052a0 00000000     0                 mUsbCbi0Transport
000052d0 00000030     8         /home/arun/Desktop/darpa_ex1/darpa_demo_edk2/Build/OvmfX64/DEBUG_CLANGPDB/X64/MdeModulePkg/Bus/Usb/UsbMassStorageDxe/UsbMassStorageDxe/DEBUG/UsbMassStorageDxe.dll.lto.obj:(.data$mUsbCbi1Transport)
000052d0 00000000     0                 mUsbCbi1Transport
00005300 00000000     4         /home/arun/Desktop/darpa_ex1/darpa_demo_edk2/Build/OvmfX64/DEBUG_CLANGPDB/X64/MdeModulePkg/Bus/Usb/UsbMassStorageDxe/UsbMassStorageDxe/DEBUG/UsbMassStorageDxe.dll.lto.obj:(.bss)
00005300 00000008     8         /home/arun/Desktop/darpa_ex1/darpa_demo_edk2/Build/OvmfX64/DEBUG_CLANGPDB/X64/MdeModulePkg/Bus/Usb/UsbMassStorageDxe/UsbMassStorageDxe/DEBUG/UsbMassStorageDxe.dll.lto.obj:(.bss$gBS)
00005300 00000000     0                 gBS
00005308 00000008     8         /home/arun/Desktop/darpa_ex1/darpa_demo_edk2/Build/OvmfX64/DEBUG_CLANGPDB/X64/MdeModulePkg/Bus/Usb/UsbMassStorageDxe/UsbMassStorageDxe/DEBUG/UsbMassStorageDxe.dll.lto.obj:(.bss$gImageHandle)
00005308 00000000     0                 gImageHandle
00005310 00000008     8         /home/arun/Desktop/darpa_ex1/darpa_demo_edk2/Build/OvmfX64/DEBUG_CLANGPDB/X64/MdeModulePkg/Bus/Usb/UsbMassStorageDxe/UsbMassStorageDxe/DEBUG/UsbMassStorageDxe.dll.lto.obj:(.bss$gRT)
00005310 00000000     0                 gRT
00005318 00000008     8         /home/arun/Desktop/darpa_ex1/darpa_demo_edk2/Build/OvmfX64/DEBUG_CLANGPDB/X64/MdeModulePkg/Bus/Usb/UsbMassStorageDxe/UsbMassStorageDxe/DEBUG/UsbMassStorageDxe.dll.lto.obj:(.bss$gST)
00005318 00000000     0                 gST
00005320 00000001     1         /home/arun/Desktop/darpa_ex1/darpa_demo_edk2/Build/OvmfX64/DEBUG_CLANGPDB/X64/MdeModulePkg/Bus/Usb/UsbMassStorageDxe/UsbMassStorageDxe/DEBUG/UsbMassStorageDxe.dll.lto.obj:(.bss$mDebugIoPortChecked)
00005320 00000000     0                 mDebugIoPortChecked
00005321 00000001     1         /home/arun/Desktop/darpa_ex1/darpa_demo_edk2/Build/OvmfX64/DEBUG_CLANGPDB/X64/MdeModulePkg/Bus/Usb/UsbMassStorageDxe/UsbMassStorageDxe/DEBUG/UsbMassStorageDxe.dll.lto.obj:(.bss$mDebugIoPortFound)
00005321 00000000     0                 mDebugIoPortFound
00005328 00000008     8         /home/arun/Desktop/darpa_ex1/darpa_demo_edk2/Build/OvmfX64/DEBUG_CLANGPDB/X64/MdeModulePkg/Bus/Usb/UsbMassStorageDxe/UsbMassStorageDxe/DEBUG/UsbMassStorageDxe.dll.lto.obj:(.bss$mDevicePathLibDevicePathUtilities)
00005328 00000000     0                 mDevicePathLibDevicePathUtilities
00005340 00000050  4096 .reloc
