Address  Size     Align Out     In      Symbol
00000220 0000407c  4096 .text
00000220 00000116    16         /home/arun/Desktop/darpa_ex1/darpa_demo_edk2/Build/OvmfX64/DEBUG_CLANGPDB/X64/MdePkg/Library/BaseIoLibIntrinsic/BaseIoLibIntrinsicSev/OUTPUT/X64/IoFifoSev.obj:(.text)
00000220 00000000     0                 SevNoRepIo
0000025a 00000000     0                 @UseRepIo
0000025c 00000000     0                 @SevNoRepIo_Done
00000260 00000000     0                 SevIoReadFifo8
00000274 00000000     0                 @IoReadFifo8_NoRep
00000276 00000000     0                 @IoReadFifo8_Loop
0000027e 00000000     0                 @IoReadFifo8_Done
00000282 00000000     0                 SevIoReadFifo16
00000297 00000000     0                 @IoReadFifo16_NoRep
00000299 00000000     0                 @IoReadFifo16_Loop
000002a4 00000000     0                 @IoReadFifo16_Done
000002a8 00000000     0                 SevIoReadFifo32
000002bc 00000000     0                 @IoReadFifo32_NoRep
000002be 00000000     0                 @IoReadFifo32_Loop
000002c7 00000000     0                 @IoReadFifo32_Done
000002cb 00000000     0                 SevIoWriteFifo8
000002cb 00000000     0                 SevIoWriteFifo8
000002df 00000000     0                 @IoWriteFifo8_NoRep
000002e1 00000000     0                 @IoWriteFifo8_Loop
000002e9 00000000     0                 @IoWriteFifo8_Done
000002ed 00000000     0                 SevIoWriteFifo16
00000302 00000000     0                 @IoWriteFifo16_NoRep
00000304 00000000     0                 @IoWriteFifo16_Loop
0000030f 00000000     0                 @IoWriteFifo16_Done
00000313 00000000     0                 SevIoWriteFifo32
00000327 00000000     0                 @IoWriteFifo32_NoRep
00000329 00000000     0                 @IoWriteFifo32_Loop
00000332 00000000     0                 @IoWriteFifo32_Done
00000340 00000011    16         /home/arun/Desktop/darpa_ex1/darpa_demo_edk2/Build/OvmfX64/DEBUG_CLANGPDB/X64/MdePkg/Library/BaseMemoryLibRepStr/BaseMemoryLibRepStr/OUTPUT/X64/SetMem.obj:(.text)
00000340 00000000     0                 InternalMemSetMem
00000340 00000000     0                 InternalMemSetMem
00000360 0000003c    16         /home/arun/Desktop/darpa_ex1/darpa_demo_edk2/Build/OvmfX64/DEBUG_CLANGPDB/X64/MdePkg/Library/BaseMemoryLibRepStr/BaseMemoryLibRepStr/OUTPUT/X64/CopyMem.obj:(.text)
00000360 00000000     0                 InternalMemCopyMem
00000360 00000000     0                 InternalMemCopyMem
0000037a 00000000     0                 InternalMemCopyMem.0
0000038a 00000000     0                 @CopyBackward
00000393 00000000     0                 @CopyBytes
000003a0 0000001d    16         /home/arun/Desktop/darpa_ex1/darpa_demo_edk2/Build/OvmfX64/DEBUG_CLANGPDB/X64/MdePkg/Library/BaseMemoryLibRepStr/BaseMemoryLibRepStr/OUTPUT/X64/ZeroMem.obj:(.text)
000003a0 00000000     0                 InternalMemZeroMem
000003a0 00000000     0                 InternalMemZeroMem
000003c0 00000007    16         /home/arun/Desktop/darpa_ex1/darpa_demo_edk2/Build/OvmfX64/DEBUG_CLANGPDB/X64/MdePkg/Library/BaseCpuLib/BaseCpuLib/OUTPUT/X64/CpuFlushTlb.obj:(.text)
000003c0 00000000     0                 CpuFlushTlb
000003c0 00000000     0                 CpuFlushTlb
000003d0 00000081    16         /home/arun/Desktop/darpa_ex1/darpa_demo_edk2/Build/OvmfX64/DEBUG_CLANGPDB/X64/MdePkg/Library/BaseLib/BaseLib/OUTPUT/X64/TdVmcall.obj:(.text)
000003d0 00000000     0                 TdVmCall
000003d0 00000000     0                 TdVmCall
0000042e 00000000     0                 TdVmCall.no_return_data
00000460 00000012    16         /home/arun/Desktop/darpa_ex1/darpa_demo_edk2/Build/OvmfX64/DEBUG_CLANGPDB/X64/MdePkg/Library/BaseMemoryLibRepStr/BaseMemoryLibRepStr/OUTPUT/X64/SetMem64.obj:(.text)
00000460 00000000     0                 InternalMemSetMem64
00000480 00000058    16         /home/arun/Desktop/darpa_ex1/darpa_demo_edk2/Build/OvmfX64/DEBUG_CLANGPDB/X64/MdePkg/Library/BaseLib/BaseLib/OUTPUT/X64/TdCall.obj:(.text)
00000480 00000000     0                 TdCall
00000480 00000000     0                 TdCall
000004cb 00000000     0                 TdCall.exit
000004e0 00000027    16         /home/arun/Desktop/darpa_ex1/darpa_demo_edk2/Build/OvmfX64/DEBUG_CLANGPDB/X64/MdePkg/Library/BaseLib/BaseLib/OUTPUT/X64/CpuId.obj:(.text)
000004e0 00000000     0                 AsmCpuid
000004e0 00000000     0                 AsmCpuid
000004ef 00000000     0                 AsmCpuid.0
000004f4 00000000     0                 AsmCpuid.1
000004fb 00000000     0                 AsmCpuid.2
00000504 00000000     0                 AsmCpuid.3
00000510 00000005    16         /home/arun/Desktop/darpa_ex1/darpa_demo_edk2/Build/OvmfX64/DEBUG_CLANGPDB/X64/MdePkg/Library/BaseLib/BaseLib/OUTPUT/X64/VmgExit.obj:(.text)
00000510 00000000     0                 AsmVmgExit
00000510 00000000     0                 AsmVmgExit
00000520 0000001b    16         /home/arun/Desktop/darpa_ex1/darpa_demo_edk2/Build/OvmfX64/DEBUG_CLANGPDB/X64/MdePkg/Library/BaseLib/BaseLib/OUTPUT/X64/Pvalidate.obj:(.text)
00000520 00000000     0                 AsmPvalidate
00000520 00000000     0                 AsmPvalidate
0000053a 00000000     0                 PvalidateExit
0000053c 00000000     4         /home/arun/Desktop/darpa_ex1/darpa_demo_edk2/Build/OvmfX64/DEBUG_CLANGPDB/X64/OvmfPkg/IoMmuDxe/IoMmuDxe/DEBUG/IoMmuDxe.dll.lto.obj:(.text)
0000053c 0000010a     1         /home/arun/Desktop/darpa_ex1/darpa_demo_edk2/Build/OvmfX64/DEBUG_CLANGPDB/X64/OvmfPkg/IoMmuDxe/IoMmuDxe/DEBUG/IoMmuDxe.dll.lto.obj:(.text$AllocateAlignedPages)
0000053c 00000000     0                 AllocateAlignedPages
00000646 000000c9     1         /home/arun/Desktop/darpa_ex1/darpa_demo_edk2/Build/OvmfX64/DEBUG_CLANGPDB/X64/OvmfPkg/IoMmuDxe/IoMmuDxe/DEBUG/IoMmuDxe.dll.lto.obj:(.text$AllocatePageTableMemory)
00000646 00000000     0                 AllocatePageTableMemory
0000070f 000000c9     1         /home/arun/Desktop/darpa_ex1/darpa_demo_edk2/Build/OvmfX64/DEBUG_CLANGPDB/X64/OvmfPkg/IoMmuDxe/IoMmuDxe/DEBUG/IoMmuDxe.dll.lto.obj:(.text$AllocatePageTableMemory.290)
0000070f 00000000     0                 AllocatePageTableMemory.290
000007d8 00000023     1         /home/arun/Desktop/darpa_ex1/darpa_demo_edk2/Build/OvmfX64/DEBUG_CLANGPDB/X64/OvmfPkg/IoMmuDxe/IoMmuDxe/DEBUG/IoMmuDxe.dll.lto.obj:(.text$AsciiSPrint)
000007d8 00000000     0                 AsciiSPrint
000007fb 00000020     1         /home/arun/Desktop/darpa_ex1/darpa_demo_edk2/Build/OvmfX64/DEBUG_CLANGPDB/X64/OvmfPkg/IoMmuDxe/IoMmuDxe/DEBUG/IoMmuDxe.dll.lto.obj:(.text$AsciiStrnLenS)
000007fb 00000000     0                 AsciiStrnLenS
0000081b 00000010     1         /home/arun/Desktop/darpa_ex1/darpa_demo_edk2/Build/OvmfX64/DEBUG_CLANGPDB/X64/OvmfPkg/IoMmuDxe/IoMmuDxe/DEBUG/IoMmuDxe.dll.lto.obj:(.text$AsciiVSPrint)
0000081b 00000000     0                 AsciiVSPrint
0000082b 0000001a     1         /home/arun/Desktop/darpa_ex1/darpa_demo_edk2/Build/OvmfX64/DEBUG_CLANGPDB/X64/OvmfPkg/IoMmuDxe/IoMmuDxe/DEBUG/IoMmuDxe.dll.lto.obj:(.text$BasePrintLibFillBuffer)
0000082b 00000000     0                 BasePrintLibFillBuffer
00000845 00000021     1         /home/arun/Desktop/darpa_ex1/darpa_demo_edk2/Build/OvmfX64/DEBUG_CLANGPDB/X64/OvmfPkg/IoMmuDxe/IoMmuDxe/DEBUG/IoMmuDxe.dll.lto.obj:(.text$BasePrintLibSPrint)
00000845 00000000     0                 BasePrintLibSPrint
00000868 00000d98     4         /home/arun/Desktop/darpa_ex1/darpa_demo_edk2/Build/OvmfX64/DEBUG_CLANGPDB/X64/OvmfPkg/IoMmuDxe/IoMmuDxe/DEBUG/IoMmuDxe.dll.lto.obj:(.text$BasePrintLibSPrintMarker)
00000868 00000000     0                 BasePrintLibSPrintMarker
00001600 00000036     1         /home/arun/Desktop/darpa_ex1/darpa_demo_edk2/Build/OvmfX64/DEBUG_CLANGPDB/X64/OvmfPkg/IoMmuDxe/IoMmuDxe/DEBUG/IoMmuDxe.dll.lto.obj:(.text$CompareGuid)
00001600 00000000     0                 CompareGuid
00001636 00000086     1         /home/arun/Desktop/darpa_ex1/darpa_demo_edk2/Build/OvmfX64/DEBUG_CLANGPDB/X64/OvmfPkg/IoMmuDxe/IoMmuDxe/DEBUG/IoMmuDxe.dll.lto.obj:(.text$ConfidentialComputingGuestHas)
00001636 00000000     0                 ConfidentialComputingGuestHas
000016bc 0000007f     1         /home/arun/Desktop/darpa_ex1/darpa_demo_edk2/Build/OvmfX64/DEBUG_CLANGPDB/X64/OvmfPkg/IoMmuDxe/IoMmuDxe/DEBUG/IoMmuDxe.dll.lto.obj:(.text$CopyMem)
000016bc 00000000     0                 CopyMem
0000173b 00000016     1         /home/arun/Desktop/darpa_ex1/darpa_demo_edk2/Build/OvmfX64/DEBUG_CLANGPDB/X64/OvmfPkg/IoMmuDxe/IoMmuDxe/DEBUG/IoMmuDxe.dll.lto.obj:(.text$CpuDeadLoop)
0000173b 00000000     0                 CpuDeadLoop
00001751 00000047     1         /home/arun/Desktop/darpa_ex1/darpa_demo_edk2/Build/OvmfX64/DEBUG_CLANGPDB/X64/OvmfPkg/IoMmuDxe/IoMmuDxe/DEBUG/IoMmuDxe.dll.lto.obj:(.text$DebugAssert)
00001751 00000000     0                 DebugAssert
00001798 0000007c     1         /home/arun/Desktop/darpa_ex1/darpa_demo_edk2/Build/OvmfX64/DEBUG_CLANGPDB/X64/OvmfPkg/IoMmuDxe/IoMmuDxe/DEBUG/IoMmuDxe.dll.lto.obj:(.text$DebugPrint)
00001798 00000000     0                 DebugPrint
00001814 00000077     1         /home/arun/Desktop/darpa_ex1/darpa_demo_edk2/Build/OvmfX64/DEBUG_CLANGPDB/X64/OvmfPkg/IoMmuDxe/IoMmuDxe/DEBUG/IoMmuDxe.dll.lto.obj:(.text$FreePages)
00001814 00000000     0                 FreePages
0000188b 00000048     1         /home/arun/Desktop/darpa_ex1/darpa_demo_edk2/Build/OvmfX64/DEBUG_CLANGPDB/X64/OvmfPkg/IoMmuDxe/IoMmuDxe/DEBUG/IoMmuDxe.dll.lto.obj:(.text$FreePool)
0000188b 00000000     0                 FreePool
000018d3 000000cf     1         /home/arun/Desktop/darpa_ex1/darpa_demo_edk2/Build/OvmfX64/DEBUG_CLANGPDB/X64/OvmfPkg/IoMmuDxe/IoMmuDxe/DEBUG/IoMmuDxe.dll.lto.obj:(.text$GetHobList)
000018d3 00000000     0                 GetHobList
000019a2 0000008e     1         /home/arun/Desktop/darpa_ex1/darpa_demo_edk2/Build/OvmfX64/DEBUG_CLANGPDB/X64/OvmfPkg/IoMmuDxe/IoMmuDxe/DEBUG/IoMmuDxe.dll.lto.obj:(.text$GetPcdProtocol)
000019a2 00000000     0                 GetPcdProtocol
00001a30 0000006d     1         /home/arun/Desktop/darpa_ex1/darpa_demo_edk2/Build/OvmfX64/DEBUG_CLANGPDB/X64/OvmfPkg/IoMmuDxe/IoMmuDxe/DEBUG/IoMmuDxe.dll.lto.obj:(.text$InternalBaseLibIsListValid)
00001a30 00000000     0                 InternalBaseLibIsListValid
00001a9d 00000063     1         /home/arun/Desktop/darpa_ex1/darpa_demo_edk2/Build/OvmfX64/DEBUG_CLANGPDB/X64/OvmfPkg/IoMmuDxe/IoMmuDxe/DEBUG/IoMmuDxe.dll.lto.obj:(.text$InternalGetMemEncryptionAddressMask)
00001a9d 00000000     0                 InternalGetMemEncryptionAddressMask
00001b00 000002b2     1         /home/arun/Desktop/darpa_ex1/darpa_demo_edk2/Build/OvmfX64/DEBUG_CLANGPDB/X64/OvmfPkg/IoMmuDxe/IoMmuDxe/DEBUG/IoMmuDxe.dll.lto.obj:(.text$InternalSetPageState)
00001b00 00000000     0                 InternalSetPageState
00001db2 00000158     1         /home/arun/Desktop/darpa_ex1/darpa_demo_edk2/Build/OvmfX64/DEBUG_CLANGPDB/X64/OvmfPkg/IoMmuDxe/IoMmuDxe/DEBUG/IoMmuDxe.dll.lto.obj:(.text$IoMmuAllocateBuffer)
00001db2 00000000     0                 IoMmuAllocateBuffer
00001f0a 00000033     1         /home/arun/Desktop/darpa_ex1/darpa_demo_edk2/Build/OvmfX64/DEBUG_CLANGPDB/X64/OvmfPkg/IoMmuDxe/IoMmuDxe/DEBUG/IoMmuDxe.dll.lto.obj:(.text$IoMmuExitBoot)
00001f0a 00000000     0                 IoMmuExitBoot
00001f3d 000000a7     1         /home/arun/Desktop/darpa_ex1/darpa_demo_edk2/Build/OvmfX64/DEBUG_CLANGPDB/X64/OvmfPkg/IoMmuDxe/IoMmuDxe/DEBUG/IoMmuDxe.dll.lto.obj:(.text$IoMmuFreeBuffer)
00001f3d 00000000     0                 IoMmuFreeBuffer
00001fe4 00000380     4         /home/arun/Desktop/darpa_ex1/darpa_demo_edk2/Build/OvmfX64/DEBUG_CLANGPDB/X64/OvmfPkg/IoMmuDxe/IoMmuDxe/DEBUG/IoMmuDxe.dll.lto.obj:(.text$IoMmuMap)
00001fe4 00000000     0                 IoMmuMap
00002364 0000000b     1         /home/arun/Desktop/darpa_ex1/darpa_demo_edk2/Build/OvmfX64/DEBUG_CLANGPDB/X64/OvmfPkg/IoMmuDxe/IoMmuDxe/DEBUG/IoMmuDxe.dll.lto.obj:(.text$IoMmuSetAttribute)
00002364 00000000     0                 IoMmuSetAttribute
0000236f 0000000a     1         /home/arun/Desktop/darpa_ex1/darpa_demo_edk2/Build/OvmfX64/DEBUG_CLANGPDB/X64/OvmfPkg/IoMmuDxe/IoMmuDxe/DEBUG/IoMmuDxe.dll.lto.obj:(.text$IoMmuUnmap)
0000236f 00000000     0                 IoMmuUnmap
00002379 0000009c     1         /home/arun/Desktop/darpa_ex1/darpa_demo_edk2/Build/OvmfX64/DEBUG_CLANGPDB/X64/OvmfPkg/IoMmuDxe/IoMmuDxe/DEBUG/IoMmuDxe.dll.lto.obj:(.text$IoMmuUnmapAllMappings)
00002379 00000000     0                 IoMmuUnmapAllMappings
00002418 0000024c     4         /home/arun/Desktop/darpa_ex1/darpa_demo_edk2/Build/OvmfX64/DEBUG_CLANGPDB/X64/OvmfPkg/IoMmuDxe/IoMmuDxe/DEBUG/IoMmuDxe.dll.lto.obj:(.text$IoMmuUnmapWorker)
00002418 00000000     0                 IoMmuUnmapWorker
00002664 000000b2     1         /home/arun/Desktop/darpa_ex1/darpa_demo_edk2/Build/OvmfX64/DEBUG_CLANGPDB/X64/OvmfPkg/IoMmuDxe/IoMmuDxe/DEBUG/IoMmuDxe.dll.lto.obj:(.text$IoRead32)
00002664 00000000     0                 IoRead32
00002716 00000067     1         /home/arun/Desktop/darpa_ex1/darpa_demo_edk2/Build/OvmfX64/DEBUG_CLANGPDB/X64/OvmfPkg/IoMmuDxe/IoMmuDxe/DEBUG/IoMmuDxe.dll.lto.obj:(.text$IoWrite32)
00002716 00000000     0                 IoWrite32
0000277d 00000090     1         /home/arun/Desktop/darpa_ex1/darpa_demo_edk2/Build/OvmfX64/DEBUG_CLANGPDB/X64/OvmfPkg/IoMmuDxe/IoMmuDxe/DEBUG/IoMmuDxe.dll.lto.obj:(.text$IoWriteFifo8)
0000277d 00000000     0                 IoWriteFifo8
0000280d 00000019     1         /home/arun/Desktop/darpa_ex1/darpa_demo_edk2/Build/OvmfX64/DEBUG_CLANGPDB/X64/OvmfPkg/IoMmuDxe/IoMmuDxe/DEBUG/IoMmuDxe.dll.lto.obj:(.text$LibPcdGet64)
0000280d 00000000     0                 LibPcdGet64
00002826 0000000a     1         /home/arun/Desktop/darpa_ex1/darpa_demo_edk2/Build/OvmfX64/DEBUG_CLANGPDB/X64/OvmfPkg/IoMmuDxe/IoMmuDxe/DEBUG/IoMmuDxe.dll.lto.obj:(.text$MemEncryptSevSnpIsEnabled)
00002826 00000000     0                 MemEncryptSevSnpIsEnabled
00002830 000000f3     1         /home/arun/Desktop/darpa_ex1/darpa_demo_edk2/Build/OvmfX64/DEBUG_CLANGPDB/X64/OvmfPkg/IoMmuDxe/IoMmuDxe/DEBUG/IoMmuDxe.dll.lto.obj:(.text$PciRead32)
00002830 00000000     0                 PciRead32
00002923 0000008d     1         /home/arun/Desktop/darpa_ex1/darpa_demo_edk2/Build/OvmfX64/DEBUG_CLANGPDB/X64/OvmfPkg/IoMmuDxe/IoMmuDxe/DEBUG/IoMmuDxe.dll.lto.obj:(.text$PlatformDebugLibIoPortFound)
00002923 00000000     0                 PlatformDebugLibIoPortFound
000029b0 00000103     1         /home/arun/Desktop/darpa_ex1/darpa_demo_edk2/Build/OvmfX64/DEBUG_CLANGPDB/X64/OvmfPkg/IoMmuDxe/IoMmuDxe/DEBUG/IoMmuDxe.dll.lto.obj:(.text$PvalidateRange)
000029b0 00000000     0                 PvalidateRange
00002ab3 00000039     1         /home/arun/Desktop/darpa_ex1/darpa_demo_edk2/Build/OvmfX64/DEBUG_CLANGPDB/X64/OvmfPkg/IoMmuDxe/IoMmuDxe/DEBUG/IoMmuDxe.dll.lto.obj:(.text$RShiftU64)
00002ab3 00000000     0                 RShiftU64
00002aec 0000002e     1         /home/arun/Desktop/darpa_ex1/darpa_demo_edk2/Build/OvmfX64/DEBUG_CLANGPDB/X64/OvmfPkg/IoMmuDxe/IoMmuDxe/DEBUG/IoMmuDxe.dll.lto.obj:(.text$ReadUnaligned64)
00002aec 00000000     0                 ReadUnaligned64
00002b1a 00000041     1         /home/arun/Desktop/darpa_ex1/darpa_demo_edk2/Build/OvmfX64/DEBUG_CLANGPDB/X64/OvmfPkg/IoMmuDxe/IoMmuDxe/DEBUG/IoMmuDxe.dll.lto.obj:(.text$SetMem)
00002b1a 00000000     0                 SetMem
00002b5b 00000864     1         /home/arun/Desktop/darpa_ex1/darpa_demo_edk2/Build/OvmfX64/DEBUG_CLANGPDB/X64/OvmfPkg/IoMmuDxe/IoMmuDxe/DEBUG/IoMmuDxe.dll.lto.obj:(.text$SetMemoryEncDec)
00002b5b 00000000     0                 SetMemoryEncDec
000033bf 000006f1     1         /home/arun/Desktop/darpa_ex1/darpa_demo_edk2/Build/OvmfX64/DEBUG_CLANGPDB/X64/OvmfPkg/IoMmuDxe/IoMmuDxe/DEBUG/IoMmuDxe.dll.lto.obj:(.text$SetMemorySharedOrPrivate)
000033bf 00000000     0                 SetMemorySharedOrPrivate
00003ab0 00000029     1         /home/arun/Desktop/darpa_ex1/darpa_demo_edk2/Build/OvmfX64/DEBUG_CLANGPDB/X64/OvmfPkg/IoMmuDxe/IoMmuDxe/DEBUG/IoMmuDxe.dll.lto.obj:(.text$SetOrClearCBit)
00003ab0 00000000     0                 SetOrClearCBit
00003ad9 000000bb     1         /home/arun/Desktop/darpa_ex1/darpa_demo_edk2/Build/OvmfX64/DEBUG_CLANGPDB/X64/OvmfPkg/IoMmuDxe/IoMmuDxe/DEBUG/IoMmuDxe.dll.lto.obj:(.text$SetOrClearSharedBit)
00003ad9 00000000     0                 SetOrClearSharedBit
00003b94 00000039     1         /home/arun/Desktop/darpa_ex1/darpa_demo_edk2/Build/OvmfX64/DEBUG_CLANGPDB/X64/OvmfPkg/IoMmuDxe/IoMmuDxe/DEBUG/IoMmuDxe.dll.lto.obj:(.text$SnpPageStateFailureTerminate)
00003b94 00000000     0                 SnpPageStateFailureTerminate
00003bcd 0000024c     1         /home/arun/Desktop/darpa_ex1/darpa_demo_edk2/Build/OvmfX64/DEBUG_CLANGPDB/X64/OvmfPkg/IoMmuDxe/IoMmuDxe/DEBUG/IoMmuDxe.dll.lto.obj:(.text$TdAcceptPages)
00003bcd 00000000     0                 TdAcceptPages
00003e19 00000087     1         /home/arun/Desktop/darpa_ex1/darpa_demo_edk2/Build/OvmfX64/DEBUG_CLANGPDB/X64/OvmfPkg/IoMmuDxe/IoMmuDxe/DEBUG/IoMmuDxe.dll.lto.obj:(.text$TdSharedPageMask)
00003e19 00000000     0                 TdSharedPageMask
00003ea0 0000006a     1         /home/arun/Desktop/darpa_ex1/darpa_demo_edk2/Build/OvmfX64/DEBUG_CLANGPDB/X64/OvmfPkg/IoMmuDxe/IoMmuDxe/DEBUG/IoMmuDxe.dll.lto.obj:(.text$ZeroMem)
00003ea0 00000000     0                 ZeroMem
00003f0a 00000392     1         /home/arun/Desktop/darpa_ex1/darpa_demo_edk2/Build/OvmfX64/DEBUG_CLANGPDB/X64/OvmfPkg/IoMmuDxe/IoMmuDxe/DEBUG/IoMmuDxe.dll.lto.obj:(.text$_ModuleEntryPoint)
00003f0a 00000000     0                 _ModuleEntryPoint
000042a0 00001407  4096 .rdata
000042a0 00000009     1         /home/arun/Desktop/darpa_ex1/darpa_demo_edk2/Build/OvmfX64/DEBUG_CLANGPDB/X64/OvmfPkg/IoMmuDxe/IoMmuDxe/DEBUG/IoMmuDxe.dll.lto.obj:(.rdata)
000042a0 00000000     0                 .str.11
000042a9 00000024     1         /home/arun/Desktop/darpa_ex1/darpa_demo_edk2/Build/OvmfX64/DEBUG_CLANGPDB/X64/OvmfPkg/IoMmuDxe/IoMmuDxe/DEBUG/IoMmuDxe.dll.lto.obj:(.rdata)
000042a9 00000000     0                 .str.1.3
000042cd 0000000a     1         /home/arun/Desktop/darpa_ex1/darpa_demo_edk2/Build/OvmfX64/DEBUG_CLANGPDB/X64/OvmfPkg/IoMmuDxe/IoMmuDxe/DEBUG/IoMmuDxe.dll.lto.obj:(.rdata)
000042cd 00000000     0                 .str.2.4
000042d7 0000000b     1         /home/arun/Desktop/darpa_ex1/darpa_demo_edk2/Build/OvmfX64/DEBUG_CLANGPDB/X64/OvmfPkg/IoMmuDxe/IoMmuDxe/DEBUG/IoMmuDxe.dll.lto.obj:(.rdata)
000042d7 00000000     0                 .str.20
000042e2 00000017     1         /home/arun/Desktop/darpa_ex1/darpa_demo_edk2/Build/OvmfX64/DEBUG_CLANGPDB/X64/OvmfPkg/IoMmuDxe/IoMmuDxe/DEBUG/IoMmuDxe.dll.lto.obj:(.rdata)
000042e2 00000000     0                 .str.1.21
000042f9 00000014     1         /home/arun/Desktop/darpa_ex1/darpa_demo_edk2/Build/OvmfX64/DEBUG_CLANGPDB/X64/OvmfPkg/IoMmuDxe/IoMmuDxe/DEBUG/IoMmuDxe.dll.lto.obj:(.rdata)
000042f9 00000000     0                 .str.2.24
0000430d 0000001b     1         /home/arun/Desktop/darpa_ex1/darpa_demo_edk2/Build/OvmfX64/DEBUG_CLANGPDB/X64/OvmfPkg/IoMmuDxe/IoMmuDxe/DEBUG/IoMmuDxe.dll.lto.obj:(.rdata)
0000430d 00000000     0                 .str.33
00004328 0000001d     1         /home/arun/Desktop/darpa_ex1/darpa_demo_edk2/Build/OvmfX64/DEBUG_CLANGPDB/X64/OvmfPkg/IoMmuDxe/IoMmuDxe/DEBUG/IoMmuDxe.dll.lto.obj:(.rdata)
00004328 00000000     0                 .str.1.34
00004345 00000014     1         /home/arun/Desktop/darpa_ex1/darpa_demo_edk2/Build/OvmfX64/DEBUG_CLANGPDB/X64/OvmfPkg/IoMmuDxe/IoMmuDxe/DEBUG/IoMmuDxe.dll.lto.obj:(.rdata)
00004345 00000000     0                 .str.2.37
00004359 00000014     1         /home/arun/Desktop/darpa_ex1/darpa_demo_edk2/Build/OvmfX64/DEBUG_CLANGPDB/X64/OvmfPkg/IoMmuDxe/IoMmuDxe/DEBUG/IoMmuDxe.dll.lto.obj:(.rdata)
00004359 00000000     0                 .str.3.40
0000436d 0000001e     1         /home/arun/Desktop/darpa_ex1/darpa_demo_edk2/Build/OvmfX64/DEBUG_CLANGPDB/X64/OvmfPkg/IoMmuDxe/IoMmuDxe/DEBUG/IoMmuDxe.dll.lto.obj:(.rdata)
0000436d 00000000     0                 .str.47
0000438b 00000014     1         /home/arun/Desktop/darpa_ex1/darpa_demo_edk2/Build/OvmfX64/DEBUG_CLANGPDB/X64/OvmfPkg/IoMmuDxe/IoMmuDxe/DEBUG/IoMmuDxe.dll.lto.obj:(.rdata)
0000438b 00000000     0                 .str.1.48
0000439f 00000014     1         /home/arun/Desktop/darpa_ex1/darpa_demo_edk2/Build/OvmfX64/DEBUG_CLANGPDB/X64/OvmfPkg/IoMmuDxe/IoMmuDxe/DEBUG/IoMmuDxe.dll.lto.obj:(.rdata)
0000439f 00000000     0                 .str.1.52
000043b3 00000032     1         /home/arun/Desktop/darpa_ex1/darpa_demo_edk2/Build/OvmfX64/DEBUG_CLANGPDB/X64/OvmfPkg/IoMmuDxe/IoMmuDxe/DEBUG/IoMmuDxe.dll.lto.obj:(.rdata)
000043b3 00000000     0                 .str.3.54
000043e5 00000009     1         /home/arun/Desktop/darpa_ex1/darpa_demo_edk2/Build/OvmfX64/DEBUG_CLANGPDB/X64/OvmfPkg/IoMmuDxe/IoMmuDxe/DEBUG/IoMmuDxe.dll.lto.obj:(.rdata)
000043e5 00000000     0                 .str.1.61
000043ee 00000019     1         /home/arun/Desktop/darpa_ex1/darpa_demo_edk2/Build/OvmfX64/DEBUG_CLANGPDB/X64/OvmfPkg/IoMmuDxe/IoMmuDxe/DEBUG/IoMmuDxe.dll.lto.obj:(.rdata)
000043ee 00000000     0                 .str.3.63
00004407 00000019     1         /home/arun/Desktop/darpa_ex1/darpa_demo_edk2/Build/OvmfX64/DEBUG_CLANGPDB/X64/OvmfPkg/IoMmuDxe/IoMmuDxe/DEBUG/IoMmuDxe.dll.lto.obj:(.rdata)
00004407 00000000     0                 .str.4.66
00004420 0000001f     1         /home/arun/Desktop/darpa_ex1/darpa_demo_edk2/Build/OvmfX64/DEBUG_CLANGPDB/X64/OvmfPkg/IoMmuDxe/IoMmuDxe/DEBUG/IoMmuDxe.dll.lto.obj:(.rdata)
00004420 00000000     0                 .str.71
0000443f 00000012     1         /home/arun/Desktop/darpa_ex1/darpa_demo_edk2/Build/OvmfX64/DEBUG_CLANGPDB/X64/OvmfPkg/IoMmuDxe/IoMmuDxe/DEBUG/IoMmuDxe.dll.lto.obj:(.rdata)
0000443f 00000000     0                 .str.1.72
00004451 0000002b     1         /home/arun/Desktop/darpa_ex1/darpa_demo_edk2/Build/OvmfX64/DEBUG_CLANGPDB/X64/OvmfPkg/IoMmuDxe/IoMmuDxe/DEBUG/IoMmuDxe.dll.lto.obj:(.rdata)
00004451 00000000     0                 .str.3.74
0000447c 00000018     1         /home/arun/Desktop/darpa_ex1/darpa_demo_edk2/Build/OvmfX64/DEBUG_CLANGPDB/X64/OvmfPkg/IoMmuDxe/IoMmuDxe/DEBUG/IoMmuDxe.dll.lto.obj:(.rdata)
0000447c 00000000     0                 __FUNCTION__.AcpiTimerLibConstructor
00004494 00000010     1         /home/arun/Desktop/darpa_ex1/darpa_demo_edk2/Build/OvmfX64/DEBUG_CLANGPDB/X64/OvmfPkg/IoMmuDxe/IoMmuDxe/DEBUG/IoMmuDxe.dll.lto.obj:(.rdata)
00004494 00000000     0                 .str.91
000044a4 00000038     1         /home/arun/Desktop/darpa_ex1/darpa_demo_edk2/Build/OvmfX64/DEBUG_CLANGPDB/X64/OvmfPkg/IoMmuDxe/IoMmuDxe/DEBUG/IoMmuDxe.dll.lto.obj:(.rdata)
000044a4 00000000     0                 .str.1.92
000044dc 0000000c     1         /home/arun/Desktop/darpa_ex1/darpa_demo_edk2/Build/OvmfX64/DEBUG_CLANGPDB/X64/OvmfPkg/IoMmuDxe/IoMmuDxe/DEBUG/IoMmuDxe.dll.lto.obj:(.rdata)
000044dc 00000000     0                 .str.95
000044e8 00000011     1         /home/arun/Desktop/darpa_ex1/darpa_demo_edk2/Build/OvmfX64/DEBUG_CLANGPDB/X64/OvmfPkg/IoMmuDxe/IoMmuDxe/DEBUG/IoMmuDxe.dll.lto.obj:(.rdata)
000044e8 00000000     0                 .str.97
000044f9 00000043     1         /home/arun/Desktop/darpa_ex1/darpa_demo_edk2/Build/OvmfX64/DEBUG_CLANGPDB/X64/OvmfPkg/IoMmuDxe/IoMmuDxe/DEBUG/IoMmuDxe.dll.lto.obj:(.rdata)
000044f9 00000000     0                 .str.1.98
0000453c 0000003e     1         /home/arun/Desktop/darpa_ex1/darpa_demo_edk2/Build/OvmfX64/DEBUG_CLANGPDB/X64/OvmfPkg/IoMmuDxe/IoMmuDxe/DEBUG/IoMmuDxe.dll.lto.obj:(.rdata)
0000453c 00000000     0                 .str.2.99
0000457a 00000016     1         /home/arun/Desktop/darpa_ex1/darpa_demo_edk2/Build/OvmfX64/DEBUG_CLANGPDB/X64/OvmfPkg/IoMmuDxe/IoMmuDxe/DEBUG/IoMmuDxe.dll.lto.obj:(.rdata)
0000457a 00000000     0                 .str.100
00004590 0000000b     1         /home/arun/Desktop/darpa_ex1/darpa_demo_edk2/Build/OvmfX64/DEBUG_CLANGPDB/X64/OvmfPkg/IoMmuDxe/IoMmuDxe/DEBUG/IoMmuDxe.dll.lto.obj:(.rdata)
00004590 00000000     0                 .str.1.101
0000459b 00000011     1         /home/arun/Desktop/darpa_ex1/darpa_demo_edk2/Build/OvmfX64/DEBUG_CLANGPDB/X64/OvmfPkg/IoMmuDxe/IoMmuDxe/DEBUG/IoMmuDxe.dll.lto.obj:(.rdata)
0000459b 00000000     0                 .str.107
000045ac 00000036     1         /home/arun/Desktop/darpa_ex1/darpa_demo_edk2/Build/OvmfX64/DEBUG_CLANGPDB/X64/OvmfPkg/IoMmuDxe/IoMmuDxe/DEBUG/IoMmuDxe.dll.lto.obj:(.rdata)
000045ac 00000000     0                 .str.2.109
000045e2 0000000c     1         /home/arun/Desktop/darpa_ex1/darpa_demo_edk2/Build/OvmfX64/DEBUG_CLANGPDB/X64/OvmfPkg/IoMmuDxe/IoMmuDxe/DEBUG/IoMmuDxe.dll.lto.obj:(.rdata)
000045e2 00000000     0                 .str.1.111
000045ee 00000015     1         /home/arun/Desktop/darpa_ex1/darpa_demo_edk2/Build/OvmfX64/DEBUG_CLANGPDB/X64/OvmfPkg/IoMmuDxe/IoMmuDxe/DEBUG/IoMmuDxe.dll.lto.obj:(.rdata)
000045ee 00000000     0                 .str.4.113
00004603 0000000c     1         /home/arun/Desktop/darpa_ex1/darpa_demo_edk2/Build/OvmfX64/DEBUG_CLANGPDB/X64/OvmfPkg/IoMmuDxe/IoMmuDxe/DEBUG/IoMmuDxe.dll.lto.obj:(.rdata)
00004603 00000000     0                 .str.122
0000460f 00000026     1         /home/arun/Desktop/darpa_ex1/darpa_demo_edk2/Build/OvmfX64/DEBUG_CLANGPDB/X64/OvmfPkg/IoMmuDxe/IoMmuDxe/DEBUG/IoMmuDxe.dll.lto.obj:(.rdata)
0000460f 00000000     0                 .str.3.123
00004635 0000000b     1         /home/arun/Desktop/darpa_ex1/darpa_demo_edk2/Build/OvmfX64/DEBUG_CLANGPDB/X64/OvmfPkg/IoMmuDxe/IoMmuDxe/DEBUG/IoMmuDxe.dll.lto.obj:(.rdata)
00004635 00000000     0                 .str.128
00004640 0000003a     1         /home/arun/Desktop/darpa_ex1/darpa_demo_edk2/Build/OvmfX64/DEBUG_CLANGPDB/X64/OvmfPkg/IoMmuDxe/IoMmuDxe/DEBUG/IoMmuDxe.dll.lto.obj:(.rdata)
00004640 00000000     0                 .str.138
0000467a 00000019     1         /home/arun/Desktop/darpa_ex1/darpa_demo_edk2/Build/OvmfX64/DEBUG_CLANGPDB/X64/OvmfPkg/IoMmuDxe/IoMmuDxe/DEBUG/IoMmuDxe.dll.lto.obj:(.rdata)
0000467a 00000000     0                 __FUNCTION__.SetMemorySharedOrPrivate
00004693 00000044     1         /home/arun/Desktop/darpa_ex1/darpa_demo_edk2/Build/OvmfX64/DEBUG_CLANGPDB/X64/OvmfPkg/IoMmuDxe/IoMmuDxe/DEBUG/IoMmuDxe.dll.lto.obj:(.rdata)
00004693 00000000     0                 .str.10
000046d7 00000014     1         /home/arun/Desktop/darpa_ex1/darpa_demo_edk2/Build/OvmfX64/DEBUG_CLANGPDB/X64/OvmfPkg/IoMmuDxe/IoMmuDxe/DEBUG/IoMmuDxe.dll.lto.obj:(.rdata)
000046d7 00000000     0                 __FUNCTION__.SetOrClearSharedBit
000046eb 00000013     1         /home/arun/Desktop/darpa_ex1/darpa_demo_edk2/Build/OvmfX64/DEBUG_CLANGPDB/X64/OvmfPkg/IoMmuDxe/IoMmuDxe/DEBUG/IoMmuDxe.dll.lto.obj:(.rdata)
000046eb 00000000     0                 .str.11.142
000046fe 00000028     1         /home/arun/Desktop/darpa_ex1/darpa_demo_edk2/Build/OvmfX64/DEBUG_CLANGPDB/X64/OvmfPkg/IoMmuDxe/IoMmuDxe/DEBUG/IoMmuDxe.dll.lto.obj:(.rdata)
000046fe 00000000     0                 .str.144
00004726 00000009     1         /home/arun/Desktop/darpa_ex1/darpa_demo_edk2/Build/OvmfX64/DEBUG_CLANGPDB/X64/OvmfPkg/IoMmuDxe/IoMmuDxe/DEBUG/IoMmuDxe.dll.lto.obj:(.rdata)
00004726 00000000     0                 __FUNCTION__.IoMmuMap
0000472f 00000008     1         /home/arun/Desktop/darpa_ex1/darpa_demo_edk2/Build/OvmfX64/DEBUG_CLANGPDB/X64/OvmfPkg/IoMmuDxe/IoMmuDxe/DEBUG/IoMmuDxe.dll.lto.obj:(.rdata)
0000472f 00000000     0                 .str.1.143
00004737 0000000e     1         /home/arun/Desktop/darpa_ex1/darpa_demo_edk2/Build/OvmfX64/DEBUG_CLANGPDB/X64/OvmfPkg/IoMmuDxe/IoMmuDxe/DEBUG/IoMmuDxe.dll.lto.obj:(.rdata)
00004737 00000000     0                 .str.2.145
00004745 000000a4     1         /home/arun/Desktop/darpa_ex1/darpa_demo_edk2/Build/OvmfX64/DEBUG_CLANGPDB/X64/OvmfPkg/IoMmuDxe/IoMmuDxe/DEBUG/IoMmuDxe.dll.lto.obj:(.rdata)
00004745 00000000     0                 .str.3.146
000047e9 00000021     1         /home/arun/Desktop/darpa_ex1/darpa_demo_edk2/Build/OvmfX64/DEBUG_CLANGPDB/X64/OvmfPkg/IoMmuDxe/IoMmuDxe/DEBUG/IoMmuDxe.dll.lto.obj:(.rdata)
000047e9 00000000     0                 .str.5.148
0000480a 00000027     1         /home/arun/Desktop/darpa_ex1/darpa_demo_edk2/Build/OvmfX64/DEBUG_CLANGPDB/X64/OvmfPkg/IoMmuDxe/IoMmuDxe/DEBUG/IoMmuDxe.dll.lto.obj:(.rdata)
0000480a 00000000     0                 .str.6.149
00004831 00000044     1         /home/arun/Desktop/darpa_ex1/darpa_demo_edk2/Build/OvmfX64/DEBUG_CLANGPDB/X64/OvmfPkg/IoMmuDxe/IoMmuDxe/DEBUG/IoMmuDxe.dll.lto.obj:(.rdata)
00004831 00000000     0                 .str.7.150
00004875 00000030     1         /home/arun/Desktop/darpa_ex1/darpa_demo_edk2/Build/OvmfX64/DEBUG_CLANGPDB/X64/OvmfPkg/IoMmuDxe/IoMmuDxe/DEBUG/IoMmuDxe.dll.lto.obj:(.rdata)
00004875 00000000     0                 .str.8.157
000048a5 00000014     1         /home/arun/Desktop/darpa_ex1/darpa_demo_edk2/Build/OvmfX64/DEBUG_CLANGPDB/X64/OvmfPkg/IoMmuDxe/IoMmuDxe/DEBUG/IoMmuDxe.dll.lto.obj:(.rdata)
000048a5 00000000     0                 __FUNCTION__.IoMmuAllocateBuffer
000048b9 0000001b     1         /home/arun/Desktop/darpa_ex1/darpa_demo_edk2/Build/OvmfX64/DEBUG_CLANGPDB/X64/OvmfPkg/IoMmuDxe/IoMmuDxe/DEBUG/IoMmuDxe.dll.lto.obj:(.rdata)
000048b9 00000000     0                 .str.9.158
000048d4 0000001b     1         /home/arun/Desktop/darpa_ex1/darpa_demo_edk2/Build/OvmfX64/DEBUG_CLANGPDB/X64/OvmfPkg/IoMmuDxe/IoMmuDxe/DEBUG/IoMmuDxe.dll.lto.obj:(.rdata)
000048d4 00000000     0                 .str.10.159
000048ef 00000010     1         /home/arun/Desktop/darpa_ex1/darpa_demo_edk2/Build/OvmfX64/DEBUG_CLANGPDB/X64/OvmfPkg/IoMmuDxe/IoMmuDxe/DEBUG/IoMmuDxe.dll.lto.obj:(.rdata)
000048ef 00000000     0                 __FUNCTION__.IoMmuFreeBuffer
000048ff 00000005     1         /home/arun/Desktop/darpa_ex1/darpa_demo_edk2/Build/OvmfX64/DEBUG_CLANGPDB/X64/OvmfPkg/IoMmuDxe/IoMmuDxe/DEBUG/IoMmuDxe.dll.lto.obj:(.rdata)
000048ff 00000000     0                 .str.11.151
00004904 00000006     1         /home/arun/Desktop/darpa_ex1/darpa_demo_edk2/Build/OvmfX64/DEBUG_CLANGPDB/X64/OvmfPkg/IoMmuDxe/IoMmuDxe/DEBUG/IoMmuDxe.dll.lto.obj:(.rdata)
00004904 00000000     0                 .str.12
0000490a 0000000d     1         /home/arun/Desktop/darpa_ex1/darpa_demo_edk2/Build/OvmfX64/DEBUG_CLANGPDB/X64/OvmfPkg/IoMmuDxe/IoMmuDxe/DEBUG/IoMmuDxe.dll.lto.obj:(.rdata)
0000490a 00000000     0                 .str.13.152
00004917 00000007     1         /home/arun/Desktop/darpa_ex1/darpa_demo_edk2/Build/OvmfX64/DEBUG_CLANGPDB/X64/OvmfPkg/IoMmuDxe/IoMmuDxe/DEBUG/IoMmuDxe.dll.lto.obj:(.rdata)
00004917 00000000     0                 .str.14.153
0000491e 00000008     1         /home/arun/Desktop/darpa_ex1/darpa_demo_edk2/Build/OvmfX64/DEBUG_CLANGPDB/X64/OvmfPkg/IoMmuDxe/IoMmuDxe/DEBUG/IoMmuDxe.dll.lto.obj:(.rdata)
0000491e 00000000     0                 .str.15.154
00004926 0000000f     1         /home/arun/Desktop/darpa_ex1/darpa_demo_edk2/Build/OvmfX64/DEBUG_CLANGPDB/X64/OvmfPkg/IoMmuDxe/IoMmuDxe/DEBUG/IoMmuDxe.dll.lto.obj:(.rdata)
00004926 00000000     0                 .str.16.155
00004935 00000025     1         /home/arun/Desktop/darpa_ex1/darpa_demo_edk2/Build/OvmfX64/DEBUG_CLANGPDB/X64/OvmfPkg/IoMmuDxe/IoMmuDxe/DEBUG/IoMmuDxe.dll.lto.obj:(.rdata)
00004935 00000000     0                 .str.17.156
0000495a 00000011     1         /home/arun/Desktop/darpa_ex1/darpa_demo_edk2/Build/OvmfX64/DEBUG_CLANGPDB/X64/OvmfPkg/IoMmuDxe/IoMmuDxe/DEBUG/IoMmuDxe.dll.lto.obj:(.rdata)
0000495a 00000000     0                 __FUNCTION__.IoMmuUnmapWorker
0000496b 00000035     1         /home/arun/Desktop/darpa_ex1/darpa_demo_edk2/Build/OvmfX64/DEBUG_CLANGPDB/X64/OvmfPkg/IoMmuDxe/IoMmuDxe/DEBUG/IoMmuDxe.dll.lto.obj:(.rdata)
0000496b 00000000     0                 .str.18
000049a0 00000004     1         /home/arun/Desktop/darpa_ex1/darpa_demo_edk2/Build/OvmfX64/DEBUG_CLANGPDB/X64/OvmfPkg/IoMmuDxe/IoMmuDxe/DEBUG/IoMmuDxe.dll.lto.obj:(.rdata)
000049a0 00000000     0                 .str.19
000049a4 00000016     1         /home/arun/Desktop/darpa_ex1/darpa_demo_edk2/Build/OvmfX64/DEBUG_CLANGPDB/X64/OvmfPkg/IoMmuDxe/IoMmuDxe/DEBUG/IoMmuDxe.dll.lto.obj:(.rdata)
000049a4 00000000     0                 __FUNCTION__.IoMmuUnmapAllMappings
000049ba 00000015     1         /home/arun/Desktop/darpa_ex1/darpa_demo_edk2/Build/OvmfX64/DEBUG_CLANGPDB/X64/OvmfPkg/IoMmuDxe/IoMmuDxe/DEBUG/IoMmuDxe.dll.lto.obj:(.rdata)
000049ba 00000000     0                 .str.20.162
000049cf 0000000e     1         /home/arun/Desktop/darpa_ex1/darpa_demo_edk2/Build/OvmfX64/DEBUG_CLANGPDB/X64/OvmfPkg/IoMmuDxe/IoMmuDxe/DEBUG/IoMmuDxe.dll.lto.obj:(.rdata)
000049cf 00000000     0                 __FUNCTION__.IoMmuExitBoot
000049dd 00000013     1         /home/arun/Desktop/darpa_ex1/darpa_demo_edk2/Build/OvmfX64/DEBUG_CLANGPDB/X64/OvmfPkg/IoMmuDxe/IoMmuDxe/DEBUG/IoMmuDxe.dll.lto.obj:(.rdata)
000049dd 00000000     0                 .str.165
000049f0 00000017     1         /home/arun/Desktop/darpa_ex1/darpa_demo_edk2/Build/OvmfX64/DEBUG_CLANGPDB/X64/OvmfPkg/IoMmuDxe/IoMmuDxe/DEBUG/IoMmuDxe.dll.lto.obj:(.rdata)
000049f0 00000000     0                 .str.1.177
00004a07 00000019     1         /home/arun/Desktop/darpa_ex1/darpa_demo_edk2/Build/OvmfX64/DEBUG_CLANGPDB/X64/OvmfPkg/IoMmuDxe/IoMmuDxe/DEBUG/IoMmuDxe.dll.lto.obj:(.rdata)
00004a07 00000000     0                 .str.5.166
00004a20 00000019     1         /home/arun/Desktop/darpa_ex1/darpa_demo_edk2/Build/OvmfX64/DEBUG_CLANGPDB/X64/OvmfPkg/IoMmuDxe/IoMmuDxe/DEBUG/IoMmuDxe.dll.lto.obj:(.rdata)
00004a20 00000000     0                 .str.12.167
00004a39 00000083     1         /home/arun/Desktop/darpa_ex1/darpa_demo_edk2/Build/OvmfX64/DEBUG_CLANGPDB/X64/OvmfPkg/IoMmuDxe/IoMmuDxe/DEBUG/IoMmuDxe.dll.lto.obj:(.rdata)
00004a39 00000000     0                 .str.15.171
00004abc 0000000e     1         /home/arun/Desktop/darpa_ex1/darpa_demo_edk2/Build/OvmfX64/DEBUG_CLANGPDB/X64/OvmfPkg/IoMmuDxe/IoMmuDxe/DEBUG/IoMmuDxe.dll.lto.obj:(.rdata)
00004abc 00000000     0                 .str.16.172
00004aca 0000000c     1         /home/arun/Desktop/darpa_ex1/darpa_demo_edk2/Build/OvmfX64/DEBUG_CLANGPDB/X64/OvmfPkg/IoMmuDxe/IoMmuDxe/DEBUG/IoMmuDxe.dll.lto.obj:(.rdata)
00004aca 00000000     0                 .str.17.175
00004ad6 00000031     1         /home/arun/Desktop/darpa_ex1/darpa_demo_edk2/Build/OvmfX64/DEBUG_CLANGPDB/X64/OvmfPkg/IoMmuDxe/IoMmuDxe/DEBUG/IoMmuDxe.dll.lto.obj:(.rdata)
00004ad6 00000000     0                 .str.18.173
00004b07 0000000c     1         /home/arun/Desktop/darpa_ex1/darpa_demo_edk2/Build/OvmfX64/DEBUG_CLANGPDB/X64/OvmfPkg/IoMmuDxe/IoMmuDxe/DEBUG/IoMmuDxe.dll.lto.obj:(.rdata)
00004b07 00000000     0                 .str.19.176
00004b13 0000001a     1         /home/arun/Desktop/darpa_ex1/darpa_demo_edk2/Build/OvmfX64/DEBUG_CLANGPDB/X64/OvmfPkg/IoMmuDxe/IoMmuDxe/DEBUG/IoMmuDxe.dll.lto.obj:(.rdata)
00004b13 00000000     0                 .str.20.174
00004b2d 00000005     1         /home/arun/Desktop/darpa_ex1/darpa_demo_edk2/Build/OvmfX64/DEBUG_CLANGPDB/X64/OvmfPkg/IoMmuDxe/IoMmuDxe/DEBUG/IoMmuDxe.dll.lto.obj:(.rdata)
00004b2d 00000000     0                 .str.21
00004b32 00000003     1         /home/arun/Desktop/darpa_ex1/darpa_demo_edk2/Build/OvmfX64/DEBUG_CLANGPDB/X64/OvmfPkg/IoMmuDxe/IoMmuDxe/DEBUG/IoMmuDxe.dll.lto.obj:(.rdata)
00004b32 00000000     0                 .str.22
00004b35 00000002     1         /home/arun/Desktop/darpa_ex1/darpa_demo_edk2/Build/OvmfX64/DEBUG_CLANGPDB/X64/OvmfPkg/IoMmuDxe/IoMmuDxe/DEBUG/IoMmuDxe.dll.lto.obj:(.rdata)
00004b35 00000000     0                 .str.23
00004b37 00000013     1         /home/arun/Desktop/darpa_ex1/darpa_demo_edk2/Build/OvmfX64/DEBUG_CLANGPDB/X64/OvmfPkg/IoMmuDxe/IoMmuDxe/DEBUG/IoMmuDxe.dll.lto.obj:(.rdata)
00004b37 00000000     0                 .str.184
00004b4a 00000010     1         /home/arun/Desktop/darpa_ex1/darpa_demo_edk2/Build/OvmfX64/DEBUG_CLANGPDB/X64/OvmfPkg/IoMmuDxe/IoMmuDxe/DEBUG/IoMmuDxe.dll.lto.obj:(.rdata)
00004b4a 00000000     0                 .str.2.185
00004b5a 00000008     1         /home/arun/Desktop/darpa_ex1/darpa_demo_edk2/Build/OvmfX64/DEBUG_CLANGPDB/X64/OvmfPkg/IoMmuDxe/IoMmuDxe/DEBUG/IoMmuDxe.dll.lto.obj:(.rdata)
00004b5a 00000000     0                 .str.198
00004b62 00000013     1         /home/arun/Desktop/darpa_ex1/darpa_demo_edk2/Build/OvmfX64/DEBUG_CLANGPDB/X64/OvmfPkg/IoMmuDxe/IoMmuDxe/DEBUG/IoMmuDxe.dll.lto.obj:(.rdata)
00004b62 00000000     0                 .str.3.199
00004b75 0000000c     1         /home/arun/Desktop/darpa_ex1/darpa_demo_edk2/Build/OvmfX64/DEBUG_CLANGPDB/X64/OvmfPkg/IoMmuDxe/IoMmuDxe/DEBUG/IoMmuDxe.dll.lto.obj:(.rdata)
00004b75 00000000     0                 .str.218
00004b81 0000000b     1         /home/arun/Desktop/darpa_ex1/darpa_demo_edk2/Build/OvmfX64/DEBUG_CLANGPDB/X64/OvmfPkg/IoMmuDxe/IoMmuDxe/DEBUG/IoMmuDxe.dll.lto.obj:(.rdata)
00004b81 00000000     0                 .str.1.219
00004b8c 00000021     1         /home/arun/Desktop/darpa_ex1/darpa_demo_edk2/Build/OvmfX64/DEBUG_CLANGPDB/X64/OvmfPkg/IoMmuDxe/IoMmuDxe/DEBUG/IoMmuDxe.dll.lto.obj:(.rdata)
00004b8c 00000000     0                 .str.232
00004bad 0000000e     1         /home/arun/Desktop/darpa_ex1/darpa_demo_edk2/Build/OvmfX64/DEBUG_CLANGPDB/X64/OvmfPkg/IoMmuDxe/IoMmuDxe/DEBUG/IoMmuDxe.dll.lto.obj:(.rdata)
00004bad 00000000     0                 .str.237
00004bbb 00000048     1         /home/arun/Desktop/darpa_ex1/darpa_demo_edk2/Build/OvmfX64/DEBUG_CLANGPDB/X64/OvmfPkg/IoMmuDxe/IoMmuDxe/DEBUG/IoMmuDxe.dll.lto.obj:(.rdata)
00004bbb 00000000     0                 .str.2.239
00004c03 0000003c     1         /home/arun/Desktop/darpa_ex1/darpa_demo_edk2/Build/OvmfX64/DEBUG_CLANGPDB/X64/OvmfPkg/IoMmuDxe/IoMmuDxe/DEBUG/IoMmuDxe.dll.lto.obj:(.rdata)
00004c03 00000000     0                 .str.3.240
00004c3f 0000003a     1         /home/arun/Desktop/darpa_ex1/darpa_demo_edk2/Build/OvmfX64/DEBUG_CLANGPDB/X64/OvmfPkg/IoMmuDxe/IoMmuDxe/DEBUG/IoMmuDxe.dll.lto.obj:(.rdata)
00004c3f 00000000     0                 .str.4.241
00004c79 00000034     1         /home/arun/Desktop/darpa_ex1/darpa_demo_edk2/Build/OvmfX64/DEBUG_CLANGPDB/X64/OvmfPkg/IoMmuDxe/IoMmuDxe/DEBUG/IoMmuDxe.dll.lto.obj:(.rdata)
00004c79 00000000     0                 .str.5.242
00004cad 0000002e     1         /home/arun/Desktop/darpa_ex1/darpa_demo_edk2/Build/OvmfX64/DEBUG_CLANGPDB/X64/OvmfPkg/IoMmuDxe/IoMmuDxe/DEBUG/IoMmuDxe.dll.lto.obj:(.rdata)
00004cad 00000000     0                 .str.6.243
00004cdb 00000053     1         /home/arun/Desktop/darpa_ex1/darpa_demo_edk2/Build/OvmfX64/DEBUG_CLANGPDB/X64/OvmfPkg/IoMmuDxe/IoMmuDxe/DEBUG/IoMmuDxe.dll.lto.obj:(.rdata)
00004cdb 00000000     0                 .str.7.244
00004d2e 00000039     1         /home/arun/Desktop/darpa_ex1/darpa_demo_edk2/Build/OvmfX64/DEBUG_CLANGPDB/X64/OvmfPkg/IoMmuDxe/IoMmuDxe/DEBUG/IoMmuDxe.dll.lto.obj:(.rdata)
00004d2e 00000000     0                 .str.8.245
00004d67 0000000d     1         /home/arun/Desktop/darpa_ex1/darpa_demo_edk2/Build/OvmfX64/DEBUG_CLANGPDB/X64/OvmfPkg/IoMmuDxe/IoMmuDxe/DEBUG/IoMmuDxe.dll.lto.obj:(.rdata)
00004d67 00000000     0                 .str.250
00004d74 00000015     1         /home/arun/Desktop/darpa_ex1/darpa_demo_edk2/Build/OvmfX64/DEBUG_CLANGPDB/X64/OvmfPkg/IoMmuDxe/IoMmuDxe/DEBUG/IoMmuDxe.dll.lto.obj:(.rdata)
00004d74 00000000     0                 .str.1.251
00004d89 00000022     1         /home/arun/Desktop/darpa_ex1/darpa_demo_edk2/Build/OvmfX64/DEBUG_CLANGPDB/X64/OvmfPkg/IoMmuDxe/IoMmuDxe/DEBUG/IoMmuDxe.dll.lto.obj:(.rdata)
00004d89 00000000     0                 .str.2.252
00004dab 0000001f     1         /home/arun/Desktop/darpa_ex1/darpa_demo_edk2/Build/OvmfX64/DEBUG_CLANGPDB/X64/OvmfPkg/IoMmuDxe/IoMmuDxe/DEBUG/IoMmuDxe.dll.lto.obj:(.rdata)
00004dab 00000000     0                 .str.3.253
00004dca 00000015     1         /home/arun/Desktop/darpa_ex1/darpa_demo_edk2/Build/OvmfX64/DEBUG_CLANGPDB/X64/OvmfPkg/IoMmuDxe/IoMmuDxe/DEBUG/IoMmuDxe.dll.lto.obj:(.rdata)
00004dca 00000000     0                 .str.12.268
00004ddf 00000024     1         /home/arun/Desktop/darpa_ex1/darpa_demo_edk2/Build/OvmfX64/DEBUG_CLANGPDB/X64/OvmfPkg/IoMmuDxe/IoMmuDxe/DEBUG/IoMmuDxe.dll.lto.obj:(.rdata)
00004ddf 00000000     0                 .str.1.286
00004e03 00000050     1         /home/arun/Desktop/darpa_ex1/darpa_demo_edk2/Build/OvmfX64/DEBUG_CLANGPDB/X64/OvmfPkg/IoMmuDxe/IoMmuDxe/DEBUG/IoMmuDxe.dll.lto.obj:(.rdata)
00004e03 00000000     0                 .str.2.285
00004e53 00000010     1         /home/arun/Desktop/darpa_ex1/darpa_demo_edk2/Build/OvmfX64/DEBUG_CLANGPDB/X64/OvmfPkg/IoMmuDxe/IoMmuDxe/DEBUG/IoMmuDxe.dll.lto.obj:(.rdata)
00004e53 00000000     0                 __FUNCTION__.SetMemoryEncDec
00004e63 00000008     1         /home/arun/Desktop/darpa_ex1/darpa_demo_edk2/Build/OvmfX64/DEBUG_CLANGPDB/X64/OvmfPkg/IoMmuDxe/IoMmuDxe/DEBUG/IoMmuDxe.dll.lto.obj:(.rdata)
00004e63 00000000     0                 .str.3.283
00004e6b 00000008     1         /home/arun/Desktop/darpa_ex1/darpa_demo_edk2/Build/OvmfX64/DEBUG_CLANGPDB/X64/OvmfPkg/IoMmuDxe/IoMmuDxe/DEBUG/IoMmuDxe.dll.lto.obj:(.rdata)
00004e6b 00000000     0                 .str.4.284
00004e73 00000024     1         /home/arun/Desktop/darpa_ex1/darpa_demo_edk2/Build/OvmfX64/DEBUG_CLANGPDB/X64/OvmfPkg/IoMmuDxe/IoMmuDxe/DEBUG/IoMmuDxe.dll.lto.obj:(.rdata)
00004e73 00000000     0                 .str.5.287
00004e97 0000002d     1         /home/arun/Desktop/darpa_ex1/darpa_demo_edk2/Build/OvmfX64/DEBUG_CLANGPDB/X64/OvmfPkg/IoMmuDxe/IoMmuDxe/DEBUG/IoMmuDxe.dll.lto.obj:(.rdata)
00004e97 00000000     0                 .str.6.288
00004ec4 0000002e     1         /home/arun/Desktop/darpa_ex1/darpa_demo_edk2/Build/OvmfX64/DEBUG_CLANGPDB/X64/OvmfPkg/IoMmuDxe/IoMmuDxe/DEBUG/IoMmuDxe.dll.lto.obj:(.rdata)
00004ec4 00000000     0                 .str.7.289
00004ef2 00000023     1         /home/arun/Desktop/darpa_ex1/darpa_demo_edk2/Build/OvmfX64/DEBUG_CLANGPDB/X64/OvmfPkg/IoMmuDxe/IoMmuDxe/DEBUG/IoMmuDxe.dll.lto.obj:(.rdata)
00004ef2 00000000     0                 .str.8.294
00004f15 0000002e     1         /home/arun/Desktop/darpa_ex1/darpa_demo_edk2/Build/OvmfX64/DEBUG_CLANGPDB/X64/OvmfPkg/IoMmuDxe/IoMmuDxe/DEBUG/IoMmuDxe.dll.lto.obj:(.rdata)
00004f15 00000000     0                 .str.9.295
00004f43 00000023     1         /home/arun/Desktop/darpa_ex1/darpa_demo_edk2/Build/OvmfX64/DEBUG_CLANGPDB/X64/OvmfPkg/IoMmuDxe/IoMmuDxe/DEBUG/IoMmuDxe.dll.lto.obj:(.rdata)
00004f43 00000000     0                 .str.10.298
00004f66 00000016     1         /home/arun/Desktop/darpa_ex1/darpa_demo_edk2/Build/OvmfX64/DEBUG_CLANGPDB/X64/OvmfPkg/IoMmuDxe/IoMmuDxe/DEBUG/IoMmuDxe.dll.lto.obj:(.rdata)
00004f66 00000000     0                 .str.11.291
00004f7c 00000023     1         /home/arun/Desktop/darpa_ex1/darpa_demo_edk2/Build/OvmfX64/DEBUG_CLANGPDB/X64/OvmfPkg/IoMmuDxe/IoMmuDxe/DEBUG/IoMmuDxe.dll.lto.obj:(.rdata)
00004f7c 00000000     0                 .str.12.292
00004f9f 0000001e     1         /home/arun/Desktop/darpa_ex1/darpa_demo_edk2/Build/OvmfX64/DEBUG_CLANGPDB/X64/OvmfPkg/IoMmuDxe/IoMmuDxe/DEBUG/IoMmuDxe.dll.lto.obj:(.rdata)
00004f9f 00000000     0                 .str.13.293
00004fbd 0000001f     1         /home/arun/Desktop/darpa_ex1/darpa_demo_edk2/Build/OvmfX64/DEBUG_CLANGPDB/X64/OvmfPkg/IoMmuDxe/IoMmuDxe/DEBUG/IoMmuDxe.dll.lto.obj:(.rdata)
00004fbd 00000000     0                 .str.14.306
00004fdc 00000018     1         /home/arun/Desktop/darpa_ex1/darpa_demo_edk2/Build/OvmfX64/DEBUG_CLANGPDB/X64/OvmfPkg/IoMmuDxe/IoMmuDxe/DEBUG/IoMmuDxe.dll.lto.obj:(.rdata)
00004fdc 00000000     0                 __FUNCTION__.AllocatePageTableMemory.307
00004ff4 0000001e     1         /home/arun/Desktop/darpa_ex1/darpa_demo_edk2/Build/OvmfX64/DEBUG_CLANGPDB/X64/OvmfPkg/IoMmuDxe/IoMmuDxe/DEBUG/IoMmuDxe.dll.lto.obj:(.rdata)
00004ff4 00000000     0                 .str.15.305
00005012 0000001f     1         /home/arun/Desktop/darpa_ex1/darpa_demo_edk2/Build/OvmfX64/DEBUG_CLANGPDB/X64/OvmfPkg/IoMmuDxe/IoMmuDxe/DEBUG/IoMmuDxe.dll.lto.obj:(.rdata)
00005012 00000000     0                 .str.16.296
00005031 0000001e     1         /home/arun/Desktop/darpa_ex1/darpa_demo_edk2/Build/OvmfX64/DEBUG_CLANGPDB/X64/OvmfPkg/IoMmuDxe/IoMmuDxe/DEBUG/IoMmuDxe.dll.lto.obj:(.rdata)
00005031 00000000     0                 .str.17.297
0000504f 00000013     1         /home/arun/Desktop/darpa_ex1/darpa_demo_edk2/Build/OvmfX64/DEBUG_CLANGPDB/X64/OvmfPkg/IoMmuDxe/IoMmuDxe/DEBUG/IoMmuDxe.dll.lto.obj:(.rdata)
0000504f 00000000     0                 .str.18.300
00005062 00000023     1         /home/arun/Desktop/darpa_ex1/darpa_demo_edk2/Build/OvmfX64/DEBUG_CLANGPDB/X64/OvmfPkg/IoMmuDxe/IoMmuDxe/DEBUG/IoMmuDxe.dll.lto.obj:(.rdata)
00005062 00000000     0                 .str.19.301
00005085 0000000a     1         /home/arun/Desktop/darpa_ex1/darpa_demo_edk2/Build/OvmfX64/DEBUG_CLANGPDB/X64/OvmfPkg/IoMmuDxe/IoMmuDxe/DEBUG/IoMmuDxe.dll.lto.obj:(.rdata)
00005085 00000000     0                 .str.20.302
0000508f 0000001d     1         /home/arun/Desktop/darpa_ex1/darpa_demo_edk2/Build/OvmfX64/DEBUG_CLANGPDB/X64/OvmfPkg/IoMmuDxe/IoMmuDxe/DEBUG/IoMmuDxe.dll.lto.obj:(.rdata)
0000508f 00000000     0                 .str.21.303
000050ac 0000000b     1         /home/arun/Desktop/darpa_ex1/darpa_demo_edk2/Build/OvmfX64/DEBUG_CLANGPDB/X64/OvmfPkg/IoMmuDxe/IoMmuDxe/DEBUG/IoMmuDxe.dll.lto.obj:(.rdata)
000050ac 00000000     0                 .str.312
000050b7 00000039     1         /home/arun/Desktop/darpa_ex1/darpa_demo_edk2/Build/OvmfX64/DEBUG_CLANGPDB/X64/OvmfPkg/IoMmuDxe/IoMmuDxe/DEBUG/IoMmuDxe.dll.lto.obj:(.rdata)
000050b7 00000000     0                 .str.1.313
000050f0 0000001d     1         /home/arun/Desktop/darpa_ex1/darpa_demo_edk2/Build/OvmfX64/DEBUG_CLANGPDB/X64/OvmfPkg/IoMmuDxe/IoMmuDxe/DEBUG/IoMmuDxe.dll.lto.obj:(.rdata)
000050f0 00000000     0                 .str.314
0000510d 00000012     1         /home/arun/Desktop/darpa_ex1/darpa_demo_edk2/Build/OvmfX64/DEBUG_CLANGPDB/X64/OvmfPkg/IoMmuDxe/IoMmuDxe/DEBUG/IoMmuDxe.dll.lto.obj:(.rdata)
0000510d 00000000     0                 .str.1.315
0000511f 00000038     1         /home/arun/Desktop/darpa_ex1/darpa_demo_edk2/Build/OvmfX64/DEBUG_CLANGPDB/X64/OvmfPkg/IoMmuDxe/IoMmuDxe/DEBUG/IoMmuDxe.dll.lto.obj:(.rdata)
0000511f 00000000     0                 .str.2.320
00005157 00000015     1         /home/arun/Desktop/darpa_ex1/darpa_demo_edk2/Build/OvmfX64/DEBUG_CLANGPDB/X64/OvmfPkg/IoMmuDxe/IoMmuDxe/DEBUG/IoMmuDxe.dll.lto.obj:(.rdata)
00005157 00000000     0                 __FUNCTION__.InternalSetPageState
0000516c 00000007     1         /home/arun/Desktop/darpa_ex1/darpa_demo_edk2/Build/OvmfX64/DEBUG_CLANGPDB/X64/OvmfPkg/IoMmuDxe/IoMmuDxe/DEBUG/IoMmuDxe.dll.lto.obj:(.rdata)
0000516c 00000000     0                 .str.3.318
00005173 00000008     1         /home/arun/Desktop/darpa_ex1/darpa_demo_edk2/Build/OvmfX64/DEBUG_CLANGPDB/X64/OvmfPkg/IoMmuDxe/IoMmuDxe/DEBUG/IoMmuDxe.dll.lto.obj:(.rdata)
00005173 00000000     0                 .str.4.319
0000517b 00000002     1         /home/arun/Desktop/darpa_ex1/darpa_demo_edk2/Build/OvmfX64/DEBUG_CLANGPDB/X64/OvmfPkg/IoMmuDxe/IoMmuDxe/DEBUG/IoMmuDxe.dll.lto.obj:(.rdata)
0000517b 00000000     0                 .str.5.321
0000517d 00000031     1         /home/arun/Desktop/darpa_ex1/darpa_demo_edk2/Build/OvmfX64/DEBUG_CLANGPDB/X64/OvmfPkg/IoMmuDxe/IoMmuDxe/DEBUG/IoMmuDxe.dll.lto.obj:(.rdata)
0000517d 00000000     0                 .str.6.324
000051ae 0000000f     1         /home/arun/Desktop/darpa_ex1/darpa_demo_edk2/Build/OvmfX64/DEBUG_CLANGPDB/X64/OvmfPkg/IoMmuDxe/IoMmuDxe/DEBUG/IoMmuDxe.dll.lto.obj:(.rdata)
000051ae 00000000     0                 __FUNCTION__.PvalidateRange
000051bd 00000009     1         /home/arun/Desktop/darpa_ex1/darpa_demo_edk2/Build/OvmfX64/DEBUG_CLANGPDB/X64/OvmfPkg/IoMmuDxe/IoMmuDxe/DEBUG/IoMmuDxe.dll.lto.obj:(.rdata)
000051bd 00000000     0                 .str.7.323
000051c6 0000000b     1         /home/arun/Desktop/darpa_ex1/darpa_demo_edk2/Build/OvmfX64/DEBUG_CLANGPDB/X64/OvmfPkg/IoMmuDxe/IoMmuDxe/DEBUG/IoMmuDxe.dll.lto.obj:(.rdata)
000051c6 00000000     0                 .str.8.322
000051d1 0000000d     1         /home/arun/Desktop/darpa_ex1/darpa_demo_edk2/Build/OvmfX64/DEBUG_CLANGPDB/X64/OvmfPkg/IoMmuDxe/IoMmuDxe/DEBUG/IoMmuDxe.dll.lto.obj:(.rdata)
000051d1 00000000     0                 .str.327
000051de 0000004d     1         /home/arun/Desktop/darpa_ex1/darpa_demo_edk2/Build/OvmfX64/DEBUG_CLANGPDB/X64/OvmfPkg/IoMmuDxe/IoMmuDxe/DEBUG/IoMmuDxe.dll.lto.obj:(.rdata)
000051de 00000000     0                 .str.1.328
0000522b 00000020     1         /home/arun/Desktop/darpa_ex1/darpa_demo_edk2/Build/OvmfX64/DEBUG_CLANGPDB/X64/OvmfPkg/IoMmuDxe/IoMmuDxe/DEBUG/IoMmuDxe.dll.lto.obj:(.rdata)
0000522b 00000000     0                 .str.2.329
00005250 00000030    16         /home/arun/Desktop/darpa_ex1/darpa_demo_edk2/Build/OvmfX64/DEBUG_CLANGPDB/X64/OvmfPkg/IoMmuDxe/IoMmuDxe/DEBUG/IoMmuDxe.dll.lto.obj:(.rdata$mBusMasterOperationName)
00005250 00000000     0                 mBusMasterOperationName
00005280 000002b5    16         /home/arun/Desktop/darpa_ex1/darpa_demo_edk2/Build/OvmfX64/DEBUG_CLANGPDB/X64/OvmfPkg/IoMmuDxe/IoMmuDxe/DEBUG/IoMmuDxe.dll.lto.obj:(.rdata$mErrorString)
00005280 00000000     0                 mErrorString
00005540 00000010    16         /home/arun/Desktop/darpa_ex1/darpa_demo_edk2/Build/OvmfX64/DEBUG_CLANGPDB/X64/OvmfPkg/IoMmuDxe/IoMmuDxe/DEBUG/IoMmuDxe.dll.lto.obj:(.rdata$mHexStr)
00005540 00000000     0                 mHexStr
00005550 00000008     4         /home/arun/Desktop/darpa_ex1/darpa_demo_edk2/Build/OvmfX64/DEBUG_CLANGPDB/X64/OvmfPkg/IoMmuDxe/IoMmuDxe/DEBUG/IoMmuDxe.dll.lto.obj:(.rdata$mTdxAcceptPageLevelMap)
00005550 00000000     0                 mTdxAcceptPageLevelMap
00005560 00000096    16         /home/arun/Desktop/darpa_ex1/darpa_demo_edk2/Build/OvmfX64/DEBUG_CLANGPDB/X64/OvmfPkg/IoMmuDxe/IoMmuDxe/DEBUG/IoMmuDxe.dll.lto.obj:(.rdata$mWarningString)
00005560 00000000     0                 mWarningString
000056c0 00000130  4096 .data
000056c0 00000000     4         /home/arun/Desktop/darpa_ex1/darpa_demo_edk2/Build/OvmfX64/DEBUG_CLANGPDB/X64/OvmfPkg/IoMmuDxe/IoMmuDxe/DEBUG/IoMmuDxe.dll.lto.obj:(.data)
000056c0 00000010     4         /home/arun/Desktop/darpa_ex1/darpa_demo_edk2/Build/OvmfX64/DEBUG_CLANGPDB/X64/OvmfPkg/IoMmuDxe/IoMmuDxe/DEBUG/IoMmuDxe.dll.lto.obj:(.data$gEdkiiIoMmuProtocolGuid)
000056c0 00000000     0                 gEdkiiIoMmuProtocolGuid
000056d0 00000010     4         /home/arun/Desktop/darpa_ex1/darpa_demo_edk2/Build/OvmfX64/DEBUG_CLANGPDB/X64/OvmfPkg/IoMmuDxe/IoMmuDxe/DEBUG/IoMmuDxe.dll.lto.obj:(.data$gEfiDevicePathUtilitiesProtocolGuid)
000056d0 00000000     0                 gEfiDevicePathUtilitiesProtocolGuid
000056e0 00000010     4         /home/arun/Desktop/darpa_ex1/darpa_demo_edk2/Build/OvmfX64/DEBUG_CLANGPDB/X64/OvmfPkg/IoMmuDxe/IoMmuDxe/DEBUG/IoMmuDxe.dll.lto.obj:(.data$gEfiHobListGuid)
000056e0 00000000     0                 gEfiHobListGuid
000056f0 00000010     4         /home/arun/Desktop/darpa_ex1/darpa_demo_edk2/Build/OvmfX64/DEBUG_CLANGPDB/X64/OvmfPkg/IoMmuDxe/IoMmuDxe/DEBUG/IoMmuDxe.dll.lto.obj:(.data$gIoMmuAbsentProtocolGuid)
000056f0 00000000     0                 gIoMmuAbsentProtocolGuid
00005700 00000010     4         /home/arun/Desktop/darpa_ex1/darpa_demo_edk2/Build/OvmfX64/DEBUG_CLANGPDB/X64/OvmfPkg/IoMmuDxe/IoMmuDxe/DEBUG/IoMmuDxe.dll.lto.obj:(.data$gPcdProtocolGuid)
00005700 00000000     0                 gPcdProtocolGuid
00005710 00000010     4         /home/arun/Desktop/darpa_ex1/darpa_demo_edk2/Build/OvmfX64/DEBUG_CLANGPDB/X64/OvmfPkg/IoMmuDxe/IoMmuDxe/DEBUG/IoMmuDxe.dll.lto.obj:(.data$gUefiOvmfPkgPlatformInfoGuid)
00005710 00000000     0                 gUefiOvmfPkgPlatformInfoGuid
00005720 00000030     8         /home/arun/Desktop/darpa_ex1/darpa_demo_edk2/Build/OvmfX64/DEBUG_CLANGPDB/X64/OvmfPkg/IoMmuDxe/IoMmuDxe/DEBUG/IoMmuDxe.dll.lto.obj:(.data$mIoMmu)
00005720 00000000     0                 mIoMmu
00005750 00000010     8         /home/arun/Desktop/darpa_ex1/darpa_demo_edk2/Build/OvmfX64/DEBUG_CLANGPDB/X64/OvmfPkg/IoMmuDxe/IoMmuDxe/DEBUG/IoMmuDxe.dll.lto.obj:(.data$mMapInfos)
00005750 00000000     0                 mMapInfos
00005760 00000000     4         /home/arun/Desktop/darpa_ex1/darpa_demo_edk2/Build/OvmfX64/DEBUG_CLANGPDB/X64/OvmfPkg/IoMmuDxe/IoMmuDxe/DEBUG/IoMmuDxe.dll.lto.obj:(.bss)
00005760 00000008     8         /home/arun/Desktop/darpa_ex1/darpa_demo_edk2/Build/OvmfX64/DEBUG_CLANGPDB/X64/OvmfPkg/IoMmuDxe/IoMmuDxe/DEBUG/IoMmuDxe.dll.lto.obj:(.bss$gBS)
00005760 00000000     0                 gBS
00005768 00000008     8         /home/arun/Desktop/darpa_ex1/darpa_demo_edk2/Build/OvmfX64/DEBUG_CLANGPDB/X64/OvmfPkg/IoMmuDxe/IoMmuDxe/DEBUG/IoMmuDxe.dll.lto.obj:(.bss$gImageHandle)
00005768 00000000     0                 gImageHandle
00005770 00000008     8         /home/arun/Desktop/darpa_ex1/darpa_demo_edk2/Build/OvmfX64/DEBUG_CLANGPDB/X64/OvmfPkg/IoMmuDxe/IoMmuDxe/DEBUG/IoMmuDxe.dll.lto.obj:(.bss$gRT)
00005770 00000000     0                 gRT
00005778 00000008     8         /home/arun/Desktop/darpa_ex1/darpa_demo_edk2/Build/OvmfX64/DEBUG_CLANGPDB/X64/OvmfPkg/IoMmuDxe/IoMmuDxe/DEBUG/IoMmuDxe.dll.lto.obj:(.bss$gST)
00005778 00000000     0                 gST
00005780 00000008     8         /home/arun/Desktop/darpa_ex1/darpa_demo_edk2/Build/OvmfX64/DEBUG_CLANGPDB/X64/OvmfPkg/IoMmuDxe/IoMmuDxe/DEBUG/IoMmuDxe.dll.lto.obj:(.bss$mAddressEncMask)
00005780 00000000     0                 mAddressEncMask
00005788 00000001     1         /home/arun/Desktop/darpa_ex1/darpa_demo_edk2/Build/OvmfX64/DEBUG_CLANGPDB/X64/OvmfPkg/IoMmuDxe/IoMmuDxe/DEBUG/IoMmuDxe.dll.lto.obj:(.bss$mAddressEncMaskChecked)
00005788 00000000     0                 mAddressEncMaskChecked
00005790 00000008     8         /home/arun/Desktop/darpa_ex1/darpa_demo_edk2/Build/OvmfX64/DEBUG_CLANGPDB/X64/OvmfPkg/IoMmuDxe/IoMmuDxe/DEBUG/IoMmuDxe.dll.lto.obj:(.bss$mCurrentAttr)
00005790 00000000     0                 mCurrentAttr
00005798 00000001     1         /home/arun/Desktop/darpa_ex1/darpa_demo_edk2/Build/OvmfX64/DEBUG_CLANGPDB/X64/OvmfPkg/IoMmuDxe/IoMmuDxe/DEBUG/IoMmuDxe.dll.lto.obj:(.bss$mCurrentAttrRead)
00005798 00000000     0                 mCurrentAttrRead
00005799 00000001     1         /home/arun/Desktop/darpa_ex1/darpa_demo_edk2/Build/OvmfX64/DEBUG_CLANGPDB/X64/OvmfPkg/IoMmuDxe/IoMmuDxe/DEBUG/IoMmuDxe.dll.lto.obj:(.bss$mDebugIoPortChecked)
00005799 00000000     0                 mDebugIoPortChecked
0000579a 00000001     1         /home/arun/Desktop/darpa_ex1/darpa_demo_edk2/Build/OvmfX64/DEBUG_CLANGPDB/X64/OvmfPkg/IoMmuDxe/IoMmuDxe/DEBUG/IoMmuDxe.dll.lto.obj:(.bss$mDebugIoPortFound)
0000579a 00000000     0                 mDebugIoPortFound
000057a0 00000008     8         /home/arun/Desktop/darpa_ex1/darpa_demo_edk2/Build/OvmfX64/DEBUG_CLANGPDB/X64/OvmfPkg/IoMmuDxe/IoMmuDxe/DEBUG/IoMmuDxe.dll.lto.obj:(.bss$mDevicePathLibDevicePathUtilities)
000057a0 00000000     0                 mDevicePathLibDevicePathUtilities
000057a8 00000008     8         /home/arun/Desktop/darpa_ex1/darpa_demo_edk2/Build/OvmfX64/DEBUG_CLANGPDB/X64/OvmfPkg/IoMmuDxe/IoMmuDxe/DEBUG/IoMmuDxe.dll.lto.obj:(.bss$mHobList)
000057a8 00000000     0                 mHobList
000057b0 00000008     8         /home/arun/Desktop/darpa_ex1/darpa_demo_edk2/Build/OvmfX64/DEBUG_CLANGPDB/X64/OvmfPkg/IoMmuDxe/IoMmuDxe/DEBUG/IoMmuDxe.dll.lto.obj:(.bss$mNumberOfDuplicatedAcceptedPages)
000057b0 00000000     0                 mNumberOfDuplicatedAcceptedPages
000057b8 00000008     8         /home/arun/Desktop/darpa_ex1/darpa_demo_edk2/Build/OvmfX64/DEBUG_CLANGPDB/X64/OvmfPkg/IoMmuDxe/IoMmuDxe/DEBUG/IoMmuDxe.dll.lto.obj:(.bss$mPageTablePool)
000057b8 00000000     0                 mPageTablePool
000057c0 00000008     8         /home/arun/Desktop/darpa_ex1/darpa_demo_edk2/Build/OvmfX64/DEBUG_CLANGPDB/X64/OvmfPkg/IoMmuDxe/IoMmuDxe/DEBUG/IoMmuDxe.dll.lto.obj:(.bss$mPageTablePool.299)
000057c0 00000000     0                 mPageTablePool.299
000057c8 00000008     8         /home/arun/Desktop/darpa_ex1/darpa_demo_edk2/Build/OvmfX64/DEBUG_CLANGPDB/X64/OvmfPkg/IoMmuDxe/IoMmuDxe/DEBUG/IoMmuDxe.dll.lto.obj:(.bss$mPcd)
000057c8 00000000     0                 mPcd
000057d0 00000001     1         /home/arun/Desktop/darpa_ex1/darpa_demo_edk2/Build/OvmfX64/DEBUG_CLANGPDB/X64/OvmfPkg/IoMmuDxe/IoMmuDxe/DEBUG/IoMmuDxe.dll.lto.obj:(.bss$mRunningOnQ35)
000057d0 00000000     0                 mRunningOnQ35
000057d8 00000008     8         /home/arun/Desktop/darpa_ex1/darpa_demo_edk2/Build/OvmfX64/DEBUG_CLANGPDB/X64/OvmfPkg/IoMmuDxe/IoMmuDxe/DEBUG/IoMmuDxe.dll.lto.obj:(.bss$mSevEncryptionMask)
000057d8 00000000     0                 mSevEncryptionMask
000057e0 00000001     1         /home/arun/Desktop/darpa_ex1/darpa_demo_edk2/Build/OvmfX64/DEBUG_CLANGPDB/X64/OvmfPkg/IoMmuDxe/IoMmuDxe/DEBUG/IoMmuDxe.dll.lto.obj:(.bss$mSevEncryptionMaskSaved)
000057e0 00000000     0                 mSevEncryptionMaskSaved
000057e1 00000001     1         /home/arun/Desktop/darpa_ex1/darpa_demo_edk2/Build/OvmfX64/DEBUG_CLANGPDB/X64/OvmfPkg/IoMmuDxe/IoMmuDxe/DEBUG/IoMmuDxe.dll.lto.obj:(.bss$mTdDataReturned)
000057e1 00000000     0                 mTdDataReturned
000057e8 00000008     8         /home/arun/Desktop/darpa_ex1/darpa_demo_edk2/Build/OvmfX64/DEBUG_CLANGPDB/X64/OvmfPkg/IoMmuDxe/IoMmuDxe/DEBUG/IoMmuDxe.dll.lto.obj:(.bss$mTdSharedPageMask)
000057e8 00000000     0                 mTdSharedPageMask
00005800 0000002c  4096 .reloc
